Archive member included to satisfy reference by file (symbol)

c:/st/stm32cubeide_1.9.0/stm32cubeide/plugins/com.st.stm32cube.ide.mcu.externaltools.gnu-tools-for-stm32.10.3-2021.10.win32_1.0.100.202210260954/tools/bin/../lib/gcc/arm-none-eabi/10.3.1/../../../../arm-none-eabi/lib/thumb/v6-m/nofp\libc_nano.a(lib_a-calloc.o)
                              ./Core/Src/main.o (calloc)
c:/st/stm32cubeide_1.9.0/stm32cubeide/plugins/com.st.stm32cube.ide.mcu.externaltools.gnu-tools-for-stm32.10.3-2021.10.win32_1.0.100.202210260954/tools/bin/../lib/gcc/arm-none-eabi/10.3.1/../../../../arm-none-eabi/lib/thumb/v6-m/nofp\libc_nano.a(lib_a-errno.o)
                              ./Core/Src/syscalls.o (__errno)
c:/st/stm32cubeide_1.9.0/stm32cubeide/plugins/com.st.stm32cube.ide.mcu.externaltools.gnu-tools-for-stm32.10.3-2021.10.win32_1.0.100.202210260954/tools/bin/../lib/gcc/arm-none-eabi/10.3.1/../../../../arm-none-eabi/lib/thumb/v6-m/nofp\libc_nano.a(lib_a-exit.o)
                              c:/st/stm32cubeide_1.9.0/stm32cubeide/plugins/com.st.stm32cube.ide.mcu.externaltools.gnu-tools-for-stm32.10.3-2021.10.win32_1.0.100.202210260954/tools/bin/../lib/gcc/arm-none-eabi/10.3.1/../../../../arm-none-eabi/lib/thumb/v6-m/nofp/crt0.o (exit)
c:/st/stm32cubeide_1.9.0/stm32cubeide/plugins/com.st.stm32cube.ide.mcu.externaltools.gnu-tools-for-stm32.10.3-2021.10.win32_1.0.100.202210260954/tools/bin/../lib/gcc/arm-none-eabi/10.3.1/../../../../arm-none-eabi/lib/thumb/v6-m/nofp\libc_nano.a(lib_a-impure.o)
                              c:/st/stm32cubeide_1.9.0/stm32cubeide/plugins/com.st.stm32cube.ide.mcu.externaltools.gnu-tools-for-stm32.10.3-2021.10.win32_1.0.100.202210260954/tools/bin/../lib/gcc/arm-none-eabi/10.3.1/../../../../arm-none-eabi/lib/thumb/v6-m/nofp\libc_nano.a(lib_a-exit.o) (_global_impure_ptr)
c:/st/stm32cubeide_1.9.0/stm32cubeide/plugins/com.st.stm32cube.ide.mcu.externaltools.gnu-tools-for-stm32.10.3-2021.10.win32_1.0.100.202210260954/tools/bin/../lib/gcc/arm-none-eabi/10.3.1/../../../../arm-none-eabi/lib/thumb/v6-m/nofp\libc_nano.a(lib_a-init.o)
                              c:/st/stm32cubeide_1.9.0/stm32cubeide/plugins/com.st.stm32cube.ide.mcu.externaltools.gnu-tools-for-stm32.10.3-2021.10.win32_1.0.100.202210260954/tools/bin/../lib/gcc/arm-none-eabi/10.3.1/../../../../arm-none-eabi/lib/thumb/v6-m/nofp/crt0.o (__libc_init_array)
c:/st/stm32cubeide_1.9.0/stm32cubeide/plugins/com.st.stm32cube.ide.mcu.externaltools.gnu-tools-for-stm32.10.3-2021.10.win32_1.0.100.202210260954/tools/bin/../lib/gcc/arm-none-eabi/10.3.1/../../../../arm-none-eabi/lib/thumb/v6-m/nofp\libc_nano.a(lib_a-malloc.o)
                              ./Core/Src/main.o (free)
c:/st/stm32cubeide_1.9.0/stm32cubeide/plugins/com.st.stm32cube.ide.mcu.externaltools.gnu-tools-for-stm32.10.3-2021.10.win32_1.0.100.202210260954/tools/bin/../lib/gcc/arm-none-eabi/10.3.1/../../../../arm-none-eabi/lib/thumb/v6-m/nofp\libc_nano.a(lib_a-memcpy-stub.o)
                              ./Core/Src/main.o (memcpy)
c:/st/stm32cubeide_1.9.0/stm32cubeide/plugins/com.st.stm32cube.ide.mcu.externaltools.gnu-tools-for-stm32.10.3-2021.10.win32_1.0.100.202210260954/tools/bin/../lib/gcc/arm-none-eabi/10.3.1/../../../../arm-none-eabi/lib/thumb/v6-m/nofp\libc_nano.a(lib_a-memmove.o)
                              ./Core/Src/main.o (memmove)
c:/st/stm32cubeide_1.9.0/stm32cubeide/plugins/com.st.stm32cube.ide.mcu.externaltools.gnu-tools-for-stm32.10.3-2021.10.win32_1.0.100.202210260954/tools/bin/../lib/gcc/arm-none-eabi/10.3.1/../../../../arm-none-eabi/lib/thumb/v6-m/nofp\libc_nano.a(lib_a-memset.o)
                              c:/st/stm32cubeide_1.9.0/stm32cubeide/plugins/com.st.stm32cube.ide.mcu.externaltools.gnu-tools-for-stm32.10.3-2021.10.win32_1.0.100.202210260954/tools/bin/../lib/gcc/arm-none-eabi/10.3.1/../../../../arm-none-eabi/lib/thumb/v6-m/nofp/crt0.o (memset)
c:/st/stm32cubeide_1.9.0/stm32cubeide/plugins/com.st.stm32cube.ide.mcu.externaltools.gnu-tools-for-stm32.10.3-2021.10.win32_1.0.100.202210260954/tools/bin/../lib/gcc/arm-none-eabi/10.3.1/../../../../arm-none-eabi/lib/thumb/v6-m/nofp\libc_nano.a(lib_a-nano-callocr.o)
                              c:/st/stm32cubeide_1.9.0/stm32cubeide/plugins/com.st.stm32cube.ide.mcu.externaltools.gnu-tools-for-stm32.10.3-2021.10.win32_1.0.100.202210260954/tools/bin/../lib/gcc/arm-none-eabi/10.3.1/../../../../arm-none-eabi/lib/thumb/v6-m/nofp\libc_nano.a(lib_a-calloc.o) (_calloc_r)
c:/st/stm32cubeide_1.9.0/stm32cubeide/plugins/com.st.stm32cube.ide.mcu.externaltools.gnu-tools-for-stm32.10.3-2021.10.win32_1.0.100.202210260954/tools/bin/../lib/gcc/arm-none-eabi/10.3.1/../../../../arm-none-eabi/lib/thumb/v6-m/nofp\libc_nano.a(lib_a-nano-freer.o)
                              c:/st/stm32cubeide_1.9.0/stm32cubeide/plugins/com.st.stm32cube.ide.mcu.externaltools.gnu-tools-for-stm32.10.3-2021.10.win32_1.0.100.202210260954/tools/bin/../lib/gcc/arm-none-eabi/10.3.1/../../../../arm-none-eabi/lib/thumb/v6-m/nofp\libc_nano.a(lib_a-malloc.o) (_free_r)
[...]
Memory Configuration

Name             Origin             Length             Attributes
RAM              0x0000000020000000 0x0000000000002000 xrw
FLASH            0x0000000008000000 0x0000000000008000 xr
*default*        0x0000000000000000 0xffffffffffffffff

Linker script and memory map

LOAD c:/st/stm32cubeide_1.9.0/stm32cubeide/plugins/com.st.stm32cube.ide.mcu.externaltools.gnu-tools-for-stm32.10.3-2021.10.win32_1.0.100.202210260954/tools/bin/../lib/gcc/arm-none-eabi/10.3.1/thumb/v6-m/nofp/crti.o
LOAD c:/st/stm32cubeide_1.9.0/stm32cubeide/plugins/com.st.stm32cube.ide.mcu.externaltools.gnu-tools-for-stm32.10.3-2021.10.win32_1.0.100.202210260954/tools/bin/../lib/gcc/arm-none-eabi/10.3.1/thumb/v6-m/nofp/crtbegin.o
LOAD c:/st/stm32cubeide_1.9.0/stm32cubeide/plugins/com.st.stm32cube.ide.mcu.externaltools.gnu-tools-for-stm32.10.3-2021.10.win32_1.0.100.202210260954/tools/bin/../lib/gcc/arm-none-eabi/10.3.1/../../../../arm-none-eabi/lib/thumb/v6-m/nofp/crt0.o
LOAD ./Core/Src/DS3231.o
LOAD ./Core/Src/SK6812.o
LOAD ./Core/Src/fonts.o
LOAD ./Core/Src/main.o
LOAD ./Core/Src/ssd1306.o
LOAD ./Core/Src/stm32l0xx_EEPROM.o
LOAD ./Core/Src/stm32l0xx_hal_msp.o
LOAD ./Core/Src/stm32l0xx_it.o
LOAD ./Core/Src/syscalls.o
LOAD ./Core/Src/sysmem.o
LOAD ./Core/Src/system_stm32l0xx.o
LOAD ./Core/Startup/startup_stm32l052k6tx.o
LOAD ./Drivers/STM32L0xx_HAL_Driver/Src/stm32l0xx_hal.o
LOAD ./Drivers/STM32L0xx_HAL_Driver/Src/stm32l0xx_hal_adc.o
LOAD ./Drivers/STM32L0xx_HAL_Driver/Src/stm32l0xx_hal_adc_ex.o
LOAD ./Drivers/STM32L0xx_HAL_Driver/Src/stm32l0xx_hal_cortex.o
LOAD ./Drivers/STM32L0xx_HAL_Driver/Src/stm32l0xx_hal_dma.o
LOAD ./Drivers/STM32L0xx_HAL_Driver/Src/stm32l0xx_hal_exti.o
LOAD ./Drivers/STM32L0xx_HAL_Driver/Src/stm32l0xx_hal_flash.o
LOAD ./Drivers/STM32L0xx_HAL_Driver/Src/stm32l0xx_hal_flash_ex.o
LOAD ./Drivers/STM32L0xx_HAL_Driver/Src/stm32l0xx_hal_flash_ramfunc.o
LOAD ./Drivers/STM32L0xx_HAL_Driver/Src/stm32l0xx_hal_gpio.o
LOAD ./Drivers/STM32L0xx_HAL_Driver/Src/stm32l0xx_hal_i2c.o
LOAD ./Drivers/STM32L0xx_HAL_Driver/Src/stm32l0xx_hal_i2c_ex.o
LOAD ./Drivers/STM32L0xx_HAL_Driver/Src/stm32l0xx_hal_pwr.o
LOAD ./Drivers/STM32L0xx_HAL_Driver/Src/stm32l0xx_hal_pwr_ex.o
LOAD ./Drivers/STM32L0xx_HAL_Driver/Src/stm32l0xx_hal_rcc.o
LOAD ./Drivers/STM32L0xx_HAL_Driver/Src/stm32l0xx_hal_rcc_ex.o
LOAD ./Drivers/STM32L0xx_HAL_Driver/Src/stm32l0xx_hal_spi.o
LOAD ./Drivers/STM32L0xx_HAL_Driver/Src/stm32l0xx_hal_tim.o
LOAD ./Drivers/STM32L0xx_HAL_Driver/Src/stm32l0xx_hal_tim_ex.o
START GROUP
LOAD c:/st/stm32cubeide_1.9.0/stm32cubeide/plugins/com.st.stm32cube.ide.mcu.externaltools.gnu-tools-for-stm32.10.3-2021.10.win32_1.0.100.202210260954/tools/bin/../lib/gcc/arm-none-eabi/10.3.1/../../../../arm-none-eabi/lib/thumb/v6-m/nofp\libc_nano.a
LOAD c:/st/stm32cubeide_1.9.0/stm32cubeide/plugins/com.st.stm32cube.ide.mcu.externaltools.gnu-tools-for-stm32.10.3-2021.10.win32_1.0.100.202210260954/tools/bin/../lib/gcc/arm-none-eabi/10.3.1/../../../../arm-none-eabi/lib/thumb/v6-m/nofp\libm.a
END GROUP
START GROUP
LOAD c:/st/stm32cubeide_1.9.0/stm32cubeide/plugins/com.st.stm32cube.ide.mcu.externaltools.gnu-tools-for-stm32.10.3-2021.10.win32_1.0.100.202210260954/tools/bin/../lib/gcc/arm-none-eabi/10.3.1/thumb/v6-m/nofp\libgcc.a
LOAD c:/st/stm32cubeide_1.9.0/stm32cubeide/plugins/com.st.stm32cube.ide.mcu.externaltools.gnu-tools-for-stm32.10.3-2021.10.win32_1.0.100.202210260954/tools/bin/../lib/gcc/arm-none-eabi/10.3.1/../../../../arm-none-eabi/lib/thumb/v6-m/nofp\libc_nano.a
END GROUP
START GROUP
LOAD c:/st/stm32cubeide_1.9.0/stm32cubeide/plugins/com.st.stm32cube.ide.mcu.externaltools.gnu-tools-for-stm32.10.3-2021.10.win32_1.0.100.202210260954/tools/bin/../lib/gcc/arm-none-eabi/10.3.1/thumb/v6-m/nofp\libgcc.a
LOAD c:/st/stm32cubeide_1.9.0/stm32cubeide/plugins/com.st.stm32cube.ide.mcu.externaltools.gnu-tools-for-stm32.10.3-2021.10.win32_1.0.100.202210260954/tools/bin/../lib/gcc/arm-none-eabi/10.3.1/../../../../arm-none-eabi/lib/thumb/v6-m/nofp\libc_nano.a
LOAD c:/st/stm32cubeide_1.9.0/stm32cubeide/plugins/com.st.stm32cube.ide.mcu.externaltools.gnu-tools-for-stm32.10.3-2021.10.win32_1.0.100.202210260954/tools/bin/../lib/gcc/arm-none-eabi/10.3.1/../../../../arm-none-eabi/lib/thumb/v6-m/nofp\libnosys.a
END GROUP
START GROUP
LOAD c:/st/stm32cubeide_1.9.0/stm32cubeide/plugins/com.st.stm32cube.ide.mcu.externaltools.gnu-tools-for-stm32.10.3-2021.10.win32_1.0.100.202210260954/tools/bin/../lib/gcc/arm-none-eabi/10.3.1/thumb/v6-m/nofp\libgcc.a
LOAD c:/st/stm32cubeide_1.9.0/stm32cubeide/plugins/com.st.stm32cube.ide.mcu.externaltools.gnu-tools-for-stm32.10.3-2021.10.win32_1.0.100.202210260954/tools/bin/../lib/gcc/arm-none-eabi/10.3.1/../../../../arm-none-eabi/lib/thumb/v6-m/nofp\libc_nano.a
LOAD c:/st/stm32cubeide_1.9.0/stm32cubeide/plugins/com.st.stm32cube.ide.mcu.externaltools.gnu-tools-for-stm32.10.3-2021.10.win32_1.0.100.202210260954/tools/bin/../lib/gcc/arm-none-eabi/10.3.1/../../../../arm-none-eabi/lib/thumb/v6-m/nofp\libnosys.a
END GROUP
LOAD c:/st/stm32cubeide_1.9.0/stm32cubeide/plugins/com.st.stm32cube.ide.mcu.externaltools.gnu-tools-for-stm32.10.3-2021.10.win32_1.0.100.202210260954/tools/bin/../lib/gcc/arm-none-eabi/10.3.1/thumb/v6-m/nofp/crtend.o
LOAD c:/st/stm32cubeide_1.9.0/stm32cubeide/plugins/com.st.stm32cube.ide.mcu.externaltools.gnu-tools-for-stm32.10.3-2021.10.win32_1.0.100.202210260954/tools/bin/../lib/gcc/arm-none-eabi/10.3.1/thumb/v6-m/nofp/crtn.o
                0x0000000020002000                _estack = (ORIGIN (RAM) + LENGTH (RAM))
                0x0000000000000200                _Min_Heap_Size = 0x200
                0x0000000000000400                _Min_Stack_Size = 0x400

.isr_vector     0x0000000008000000       0xc0
                0x0000000008000000                . = ALIGN (0x4)
 *(.isr_vector)
 .isr_vector    0x0000000008000000       0xc0 ./Core/Startup/startup_stm32l052k6tx.o
                0x0000000008000000                g_pfnVectors
                0x00000000080000c0                . = ALIGN (0x4)

.text           0x00000000080000c0     0x4e58
                0x00000000080000c0                . = ALIGN (0x4)
 *(.text)
 .text          0x00000000080000c0       0x48 c:/st/stm32cubeide_1.9.0/stm32cubeide/plugins/com.st.stm32cube.ide.mcu.externaltools.gnu-tools-for-stm32.10.3-2021.10.win32_1.0.100.202210260954/tools/bin/../lib/gcc/arm-none-eabi/10.3.1/thumb/v6-m/nofp/crtbegin.o
 .text          0x0000000008000108       0x14 c:/st/stm32cubeide_1.9.0/stm32cubeide/plugins/com.st.stm32cube.ide.mcu.externaltools.gnu-tools-for-stm32.10.3-2021.10.win32_1.0.100.202210260954/tools/bin/../lib/gcc/arm-none-eabi/10.3.1/thumb/v6-m/nofp\libgcc.a(_thumb1_case_uqi.o)
                0x0000000008000108                __gnu_thumb1_case_uqi
 .text          0x000000000800011c       0x14 c:/st/stm32cubeide_1.9.0/stm32cubeide/plugins/com.st.stm32cube.ide.mcu.externaltools.gnu-tools-for-stm32.10.3-2021.10.win32_1.0.100.202210260954/tools/bin/../lib/gcc/arm-none-eabi/10.3.1/thumb/v6-m/nofp\libgcc.a(_thumb1_case_shi.o)
                0x000000000800011c                __gnu_thumb1_case_shi
 .text          0x0000000008000130      0x114 c:/st/stm32cubeide_1.9.0/stm32cubeide/plugins/com.st.stm32cube.ide.mcu.externaltools.gnu-tools-for-stm32.10.3-2021.10.win32_1.0.100.202210260954/tools/bin/../lib/gcc/arm-none-eabi/10.3.1/thumb/v6-m/nofp\libgcc.a(_udivsi3.o)
                0x0000000008000130                __aeabi_uidiv
                0x0000000008000130                __udivsi3
                0x000000000800023c                __aeabi_uidivmod
 .text          0x0000000008000244        0x4 c:/st/stm32cubeide_1.9.0/stm32cubeide/plugins/com.st.stm32cube.ide.mcu.externaltools.gnu-tools-for-stm32.10.3-2021.10.win32_1.0.100.202210260954/tools/bin/../lib/gcc/arm-none-eabi/10.3.1/thumb/v6-m/nofp\libgcc.a(_dvmd_tls.o)
                0x0000000008000244                __aeabi_idiv0
                0x0000000008000244                __aeabi_ldiv0
 .text          0x0000000008000248       0x40 c:/st/stm32cubeide_1.9.0/stm32cubeide/plugins/com.st.stm32cube.ide.mcu.externaltools.gnu-tools-for-stm32.10.3-2021.10.win32_1.0.100.202210260954/tools/bin/../lib/gcc/arm-none-eabi/10.3.1/thumb/v6-m/nofp\libgcc.a(_aeabi_uldivmod.o)
                0x0000000008000248                __aeabi_uldivmod
 .text          0x0000000008000288       0x5c c:/st/stm32cubeide_1.9.0/stm32cubeide/plugins/com.st.stm32cube.ide.mcu.externaltools.gnu-tools-for-stm32.10.3-2021.10.win32_1.0.100.202210260954/tools/bin/../lib/gcc/arm-none-eabi/10.3.1/thumb/v6-m/nofp\libgcc.a(_muldi3.o)
                0x0000000008000288                __muldi3
                0x0000000008000288                __aeabi_lmul
 .text          0x00000000080002e4      0x198 c:/st/stm32cubeide_1.9.0/stm32cubeide/plugins/com.st.stm32cube.ide.mcu.externaltools.gnu-tools-for-stm32.10.3-2021.10.win32_1.0.100.202210260954/tools/bin/../lib/gcc/arm-none-eabi/10.3.1/thumb/v6-m/nofp\libgcc.a(_udivmoddi4.o)
                0x00000000080002e4                __udivmoddi4
 .text          0x000000000800047c       0x18 c:/st/stm32cubeide_1.9.0/stm32cubeide/plugins/com.st.stm32cube.ide.mcu.externaltools.gnu-tools-for-stm32.10.3-2021.10.win32_1.0.100.202210260954/tools/bin/../lib/gcc/arm-none-eabi/10.3.1/thumb/v6-m/nofp\libgcc.a(_clzdi2.o)
                0x000000000800047c                __clzdi2
 .text          0x0000000008000494       0x3c c:/st/stm32cubeide_1.9.0/stm32cubeide/plugins/com.st.stm32cube.ide.mcu.externaltools.gnu-tools-for-stm32.10.3-2021.10.win32_1.0.100.202210260954/tools/bin/../lib/gcc/arm-none-eabi/10.3.1/thumb/v6-m/nofp\libgcc.a(_clzsi2.o)
                0x0000000008000494                __clzsi2
 *(.text*)
 .text.DS3231_set_time
                0x00000000080004d0       0x70 ./Core/Src/DS3231.o
                0x00000000080004d0                DS3231_set_time
 .text.DS3231_get_time
                0x0000000008000540       0xbc ./Core/Src/DS3231.o
                0x0000000008000540                DS3231_get_time
 .text.DS3231_set_date
                0x00000000080005fc       0x70 ./Core/Src/DS3231.o
                0x00000000080005fc                DS3231_set_date
 .text.DS3231_get_date
                0x000000000800066c       0xb8 ./Core/Src/DS3231.o
                0x000000000800066c                DS3231_get_date
 .text.led_color
                0x0000000008000724       0x18 ./Core/Src/SK6812.o
                0x0000000008000724                led_color
 .text.led_update
                0x000000000800073c       0x54 ./Core/Src/SK6812.o
                0x000000000800073c                led_update
 .text.led_clear
                0x0000000008000790       0x14 ./Core/Src/SK6812.o
                0x0000000008000790                led_clear
 .text.led_cmp  0x00000000080007a4       0x30 ./Core/Src/SK6812.o
                0x00000000080007a4                led_cmp
 .text.SSD1306_PutsXY
                0x00000000080007d4       0x20 ./Core/Src/main.o
                0x00000000080007d4                SSD1306_PutsXY
 .text.basicScreen
                0x00000000080007f4       0x1a ./Core/Src/main.o
                0x00000000080007f4                basicScreen
 *fill*         0x000000000800080e        0x2 
 .text.swS      0x0000000008000810       0x1c ./Core/Src/main.o
                0x0000000008000810                swS
 .text.HAL_TIM_PeriodElapsedCallback
                0x000000000800082c       0xc4 ./Core/Src/main.o
                0x000000000800082c                HAL_TIM_PeriodElapsedCallback
 .text.logShift
                0x00000000080008f0       0x20 ./Core/Src/main.o
                0x00000000080008f0                logShift
 .text.textIn   0x0000000008000910      0x29c ./Core/Src/main.o
                0x0000000008000910                textIn
 .text.timeSet  0x0000000008000bac      0x298 ./Core/Src/main.o
                0x0000000008000bac                timeSet
 .text.mainM    0x0000000008000e44      0x238 ./Core/Src/main.o
                0x0000000008000e44                mainM
 .text.partS    0x000000000800107c      0x5f4 ./Core/Src/main.o
                0x000000000800107c                partS
 .text.pUseM    0x0000000008001670      0x280 ./Core/Src/main.o
                0x0000000008001670                pUseM
 .text.SystemClock_Config
                0x00000000080018f0       0x98 ./Core/Src/main.o
                0x00000000080018f0                SystemClock_Config
 .text.startup.main
                0x0000000008001988      0x350 ./Core/Src/main.o
                0x0000000008001988                main
 .text.Error_Handler
                0x0000000008001cd8        0x4 ./Core/Src/main.o
                0x0000000008001cd8                Error_Handler
 .text.SSD1306_Fill
                0x0000000008001cdc       0x1c ./Core/Src/ssd1306.o
                0x0000000008001cdc                SSD1306_Fill
 .text.SSD1306_DrawPixel
                0x0000000008001cf8       0x50 ./Core/Src/ssd1306.o
                0x0000000008001cf8                SSD1306_DrawPixel
 .text.SSD1306_GotoXY
                0x0000000008001d48        0xc ./Core/Src/ssd1306.o
                0x0000000008001d48                SSD1306_GotoXY
 .text.SSD1306_Putc
                0x0000000008001d54       0x6c ./Core/Src/ssd1306.o
                0x0000000008001d54                SSD1306_Putc
 .text.SSD1306_Puts
                0x0000000008001dc0       0x24 ./Core/Src/ssd1306.o
                0x0000000008001dc0                SSD1306_Puts
 .text.SSD1306_DrawLine
                0x0000000008001de4      0x136 ./Core/Src/ssd1306.o
                0x0000000008001de4                SSD1306_DrawLine
 .text.SSD1306_DrawFilledRectangle
                0x0000000008001f1a       0x5e ./Core/Src/ssd1306.o
                0x0000000008001f1a                SSD1306_DrawFilledRectangle
 .text.ssd1306_I2C_WriteMulti
                0x0000000008001f78       0x34 ./Core/Src/ssd1306.o
                0x0000000008001f78                ssd1306_I2C_WriteMulti
 .text.ssd1306_I2C_Write
                0x0000000008001fac       0x20 ./Core/Src/ssd1306.o
                0x0000000008001fac                ssd1306_I2C_Write
 .text.SSD1306_UpdateScreen
                0x0000000008001fcc       0x44 ./Core/Src/ssd1306.o
                0x0000000008001fcc                SSD1306_UpdateScreen
 .text.SSD1306_Clear
                0x0000000008002010        0xe ./Core/Src/ssd1306.o
                0x0000000008002010                SSD1306_Clear
 *fill*         0x000000000800201e        0x2 
 .text.SSD1306_Init
                0x0000000008002020      0x15c ./Core/Src/ssd1306.o
                0x0000000008002020                SSD1306_Init
 .text.eepWriteData
                0x000000000800217c       0x20 ./Core/Src/stm32l0xx_EEPROM.o
                0x000000000800217c                eepWriteData
 .text.eepReadData
                0x000000000800219c       0x10 ./Core/Src/stm32l0xx_EEPROM.o
                0x000000000800219c                eepReadData
 .text.HAL_MspInit
                0x00000000080021ac       0x1c ./Core/Src/stm32l0xx_hal_msp.o
                0x00000000080021ac                HAL_MspInit
 .text.HAL_ADC_MspInit
                0x00000000080021c8       0x50 ./Core/Src/stm32l0xx_hal_msp.o
                0x00000000080021c8                HAL_ADC_MspInit
 .text.HAL_I2C_MspInit
                0x0000000008002218       0x5c ./Core/Src/stm32l0xx_hal_msp.o
                0x0000000008002218                HAL_I2C_MspInit
 .text.HAL_SPI_MspInit
                0x0000000008002274       0x8c ./Core/Src/stm32l0xx_hal_msp.o
                0x0000000008002274                HAL_SPI_MspInit
 .text.HAL_TIM_Base_MspInit
                0x0000000008002300       0x1c ./Core/Src/stm32l0xx_hal_msp.o
                0x0000000008002300                HAL_TIM_Base_MspInit
 .text.NMI_Handler
                0x000000000800231c        0x2 ./Core/Src/stm32l0xx_it.o
                0x000000000800231c                NMI_Handler
 .text.HardFault_Handler
                0x000000000800231e        0x2 ./Core/Src/stm32l0xx_it.o
                0x000000000800231e                HardFault_Handler
 .text.SVC_Handler
                0x0000000008002320        0x2 ./Core/Src/stm32l0xx_it.o
                0x0000000008002320                SVC_Handler
 .text.PendSV_Handler
                0x0000000008002322        0x2 ./Core/Src/stm32l0xx_it.o
                0x0000000008002322                PendSV_Handler
 .text.SysTick_Handler
                0x0000000008002324        0x8 ./Core/Src/stm32l0xx_it.o
                0x0000000008002324                SysTick_Handler
 .text.DMA1_Channel2_3_IRQHandler
                0x000000000800232c       0x10 ./Core/Src/stm32l0xx_it.o
                0x000000000800232c                DMA1_Channel2_3_IRQHandler
 .text.TIM2_IRQHandler
                0x000000000800233c       0x10 ./Core/Src/stm32l0xx_it.o
                0x000000000800233c                TIM2_IRQHandler
 .text._sbrk    0x000000000800234c       0x40 ./Core/Src/sysmem.o
                0x000000000800234c                _sbrk
 .text.SystemInit
                0x000000000800238c        0x2 ./Core/Src/system_stm32l0xx.o
                0x000000000800238c                SystemInit
 *fill*         0x000000000800238e        0x2 
 .text.Reset_Handler
                0x0000000008002390       0x50 ./Core/Startup/startup_stm32l052k6tx.o
                0x0000000008002390                Reset_Handler
 .text.Default_Handler
                0x00000000080023e0        0x2 ./Core/Startup/startup_stm32l052k6tx.o
                0x00000000080023e0                TSC_IRQHandler
                0x00000000080023e0                ADC1_COMP_IRQHandler
                0x00000000080023e0                PVD_IRQHandler
                0x00000000080023e0                I2C1_IRQHandler
                0x00000000080023e0                RCC_CRS_IRQHandler
                0x00000000080023e0                SPI1_IRQHandler
                0x00000000080023e0                TIM6_DAC_IRQHandler
                0x00000000080023e0                EXTI2_3_IRQHandler
                0x00000000080023e0                I2C2_IRQHandler
                0x00000000080023e0                RTC_IRQHandler
                0x00000000080023e0                DMA1_Channel4_5_6_7_IRQHandler
                0x00000000080023e0                EXTI4_15_IRQHandler
                0x00000000080023e0                DMA1_Channel1_IRQHandler
                0x00000000080023e0                Default_Handler
                0x00000000080023e0                TIM22_IRQHandler
                0x00000000080023e0                EXTI0_1_IRQHandler
                0x00000000080023e0                USB_IRQHandler
                0x00000000080023e0                SPI2_IRQHandler
                0x00000000080023e0                TIM21_IRQHandler
                0x00000000080023e0                WWDG_IRQHandler
                0x00000000080023e0                USART2_IRQHandler
                0x00000000080023e0                FLASH_IRQHandler
                0x00000000080023e0                USART1_IRQHandler
                0x00000000080023e0                RNG_LPUART1_IRQHandler
                0x00000000080023e0                LPTIM1_IRQHandler
 *fill*         0x00000000080023e2        0x2 
 .text.HAL_InitTick
                0x00000000080023e4       0x48 ./Drivers/STM32L0xx_HAL_Driver/Src/stm32l0xx_hal.o
                0x00000000080023e4                HAL_InitTick
 .text.HAL_Init
                0x000000000800242c       0x28 ./Drivers/STM32L0xx_HAL_Driver/Src/stm32l0xx_hal.o
                0x000000000800242c                HAL_Init
 .text.HAL_IncTick
                0x0000000008002454       0x18 ./Drivers/STM32L0xx_HAL_Driver/Src/stm32l0xx_hal.o
                0x0000000008002454                HAL_IncTick
 .text.HAL_GetTick
                0x000000000800246c        0xc ./Drivers/STM32L0xx_HAL_Driver/Src/stm32l0xx_hal.o
                0x000000000800246c                HAL_GetTick
 .text.HAL_Delay
                0x0000000008002478       0x24 ./Drivers/STM32L0xx_HAL_Driver/Src/stm32l0xx_hal.o
                0x0000000008002478                HAL_Delay
 .text.ADC_DelayMicroSecond
                0x000000000800249c       0x2c ./Drivers/STM32L0xx_HAL_Driver/Src/stm32l0xx_hal_adc.o
 .text.ADC_Enable
                0x00000000080024c8       0x78 ./Drivers/STM32L0xx_HAL_Driver/Src/stm32l0xx_hal_adc.o
 .text.HAL_ADC_Init
                0x0000000008002540      0x1b4 ./Drivers/STM32L0xx_HAL_Driver/Src/stm32l0xx_hal_adc.o
                0x0000000008002540                HAL_ADC_Init
 .text.HAL_ADC_Start
                0x00000000080026f4       0x58 ./Drivers/STM32L0xx_HAL_Driver/Src/stm32l0xx_hal_adc.o
                0x00000000080026f4                HAL_ADC_Start
 .text.HAL_ADC_PollForConversion
                0x000000000800274c       0xc8 ./Drivers/STM32L0xx_HAL_Driver/Src/stm32l0xx_hal_adc.o
                0x000000000800274c                HAL_ADC_PollForConversion
 .text.HAL_ADC_GetValue
                0x0000000008002814        0x6 ./Drivers/STM32L0xx_HAL_Driver/Src/stm32l0xx_hal_adc.o
                0x0000000008002814                HAL_ADC_GetValue
 *fill*         0x000000000800281a        0x2 
 .text.HAL_ADC_ConfigChannel
                0x000000000800281c       0xa8 ./Drivers/STM32L0xx_HAL_Driver/Src/stm32l0xx_hal_adc.o
                0x000000000800281c                HAL_ADC_ConfigChannel
 .text.HAL_NVIC_SetPriority
                0x00000000080028c4       0x54 ./Drivers/STM32L0xx_HAL_Driver/Src/stm32l0xx_hal_cortex.o
                0x00000000080028c4                HAL_NVIC_SetPriority
 .text.HAL_NVIC_EnableIRQ
                0x0000000008002918       0x18 ./Drivers/STM32L0xx_HAL_Driver/Src/stm32l0xx_hal_cortex.o
                0x0000000008002918                HAL_NVIC_EnableIRQ
 .text.HAL_SYSTICK_Config
                0x0000000008002930       0x34 ./Drivers/STM32L0xx_HAL_Driver/Src/stm32l0xx_hal_cortex.o
                0x0000000008002930                HAL_SYSTICK_Config
 .text.HAL_DMA_Init
                0x0000000008002964       0x88 ./Drivers/STM32L0xx_HAL_Driver/Src/stm32l0xx_hal_dma.o
                0x0000000008002964                HAL_DMA_Init
 .text.HAL_DMA_Start_IT
                0x00000000080029ec       0x80 ./Drivers/STM32L0xx_HAL_Driver/Src/stm32l0xx_hal_dma.o
                0x00000000080029ec                HAL_DMA_Start_IT
 .text.HAL_DMA_IRQHandler
                0x0000000008002a6c       0x96 ./Drivers/STM32L0xx_HAL_Driver/Src/stm32l0xx_hal_dma.o
                0x0000000008002a6c                HAL_DMA_IRQHandler
 *fill*         0x0000000008002b02        0x2 
 .text.FLASH_SetErrorCode
                0x0000000008002b04       0xac ./Drivers/STM32L0xx_HAL_Driver/Src/stm32l0xx_hal_flash.o
 .text.FLASH_WaitForLastOperation
                0x0000000008002bb0       0x74 ./Drivers/STM32L0xx_HAL_Driver/Src/stm32l0xx_hal_flash.o
                0x0000000008002bb0                FLASH_WaitForLastOperation
 .text.HAL_FLASHEx_DATAEEPROM_Unlock
                0x0000000008002c24       0x30 ./Drivers/STM32L0xx_HAL_Driver/Src/stm32l0xx_hal_flash_ex.o
                0x0000000008002c24                HAL_FLASHEx_DATAEEPROM_Unlock
 .text.HAL_FLASHEx_DATAEEPROM_Lock
                0x0000000008002c54       0x14 ./Drivers/STM32L0xx_HAL_Driver/Src/stm32l0xx_hal_flash_ex.o
                0x0000000008002c54                HAL_FLASHEx_DATAEEPROM_Lock
 .text.HAL_FLASHEx_DATAEEPROM_Program
                0x0000000008002c68       0x54 ./Drivers/STM32L0xx_HAL_Driver/Src/stm32l0xx_hal_flash_ex.o
                0x0000000008002c68                HAL_FLASHEx_DATAEEPROM_Program
 .text.HAL_GPIO_Init
                0x0000000008002cbc      0x180 ./Drivers/STM32L0xx_HAL_Driver/Src/stm32l0xx_hal_gpio.o
                0x0000000008002cbc                HAL_GPIO_Init
 .text.HAL_GPIO_ReadPin
                0x0000000008002e3c        0xc ./Drivers/STM32L0xx_HAL_Driver/Src/stm32l0xx_hal_gpio.o
                0x0000000008002e3c                HAL_GPIO_ReadPin
 .text.HAL_GPIO_WritePin
                0x0000000008002e48        0xc ./Drivers/STM32L0xx_HAL_Driver/Src/stm32l0xx_hal_gpio.o
                0x0000000008002e48                HAL_GPIO_WritePin
 .text.I2C_Flush_TXDR
                0x0000000008002e54       0x1c ./Drivers/STM32L0xx_HAL_Driver/Src/stm32l0xx_hal_i2c.o
 .text.I2C_TransferConfig
                0x0000000008002e70       0x28 ./Drivers/STM32L0xx_HAL_Driver/Src/stm32l0xx_hal_i2c.o
 .text.I2C_IsAcknowledgeFailed
                0x0000000008002e98       0x88 ./Drivers/STM32L0xx_HAL_Driver/Src/stm32l0xx_hal_i2c.o
 .text.I2C_WaitOnTXISFlagUntilTimeout
                0x0000000008002f20       0x54 ./Drivers/STM32L0xx_HAL_Driver/Src/stm32l0xx_hal_i2c.o
 .text.I2C_WaitOnRXNEFlagUntilTimeout
                0x0000000008002f74       0x80 ./Drivers/STM32L0xx_HAL_Driver/Src/stm32l0xx_hal_i2c.o
 .text.I2C_WaitOnFlagUntilTimeout
                0x0000000008002ff4       0x50 ./Drivers/STM32L0xx_HAL_Driver/Src/stm32l0xx_hal_i2c.o
 .text.I2C_WaitOnSTOPFlagUntilTimeout
                0x0000000008003044       0x50 ./Drivers/STM32L0xx_HAL_Driver/Src/stm32l0xx_hal_i2c.o
 .text.HAL_I2C_Init
                0x0000000008003094       0xac ./Drivers/STM32L0xx_HAL_Driver/Src/stm32l0xx_hal_i2c.o
                0x0000000008003094                HAL_I2C_Init
 .text.HAL_I2C_Master_Transmit
                0x0000000008003140      0x124 ./Drivers/STM32L0xx_HAL_Driver/Src/stm32l0xx_hal_i2c.o
                0x0000000008003140                HAL_I2C_Master_Transmit
 .text.HAL_I2C_Master_Receive
                0x0000000008003264      0x124 ./Drivers/STM32L0xx_HAL_Driver/Src/stm32l0xx_hal_i2c.o
                0x0000000008003264                HAL_I2C_Master_Receive
 .text.HAL_I2C_IsDeviceReady
                0x0000000008003388      0x148 ./Drivers/STM32L0xx_HAL_Driver/Src/stm32l0xx_hal_i2c.o
                0x0000000008003388                HAL_I2C_IsDeviceReady
 .text.HAL_I2CEx_ConfigAnalogFilter
                0x00000000080034d0       0x4c ./Drivers/STM32L0xx_HAL_Driver/Src/stm32l0xx_hal_i2c_ex.o
                0x00000000080034d0                HAL_I2CEx_ConfigAnalogFilter
 .text.HAL_I2CEx_ConfigDigitalFilter
                0x000000000800351c       0x48 ./Drivers/STM32L0xx_HAL_Driver/Src/stm32l0xx_hal_i2c_ex.o
                0x000000000800351c                HAL_I2CEx_ConfigDigitalFilter
 .text.HAL_RCC_GetSysClockFreq
                0x0000000008003564       0x90 ./Drivers/STM32L0xx_HAL_Driver/Src/stm32l0xx_hal_rcc.o
                0x0000000008003564                HAL_RCC_GetSysClockFreq
 .text.HAL_RCC_OscConfig
                0x00000000080035f4      0x504 ./Drivers/STM32L0xx_HAL_Driver/Src/stm32l0xx_hal_rcc.o
                0x00000000080035f4                HAL_RCC_OscConfig
 .text.HAL_RCC_ClockConfig
                0x0000000008003af8      0x19c ./Drivers/STM32L0xx_HAL_Driver/Src/stm32l0xx_hal_rcc.o
                0x0000000008003af8                HAL_RCC_ClockConfig
 .text.HAL_RCCEx_PeriphCLKConfig
                0x0000000008003c94      0x1a4 ./Drivers/STM32L0xx_HAL_Driver/Src/stm32l0xx_hal_rcc_ex.o
                0x0000000008003c94                HAL_RCCEx_PeriphCLKConfig
 .text.SPI_WaitFlagStateUntilTimeout.constprop.0
                0x0000000008003e38       0xb8 ./Drivers/STM32L0xx_HAL_Driver/Src/stm32l0xx_hal_spi.o
 .text.SPI_EndRxTxTransaction
                0x0000000008003ef0       0x64 ./Drivers/STM32L0xx_HAL_Driver/Src/stm32l0xx_hal_spi.o
 .text.HAL_SPI_Init
                0x0000000008003f54       0xc4 ./Drivers/STM32L0xx_HAL_Driver/Src/stm32l0xx_hal_spi.o
                0x0000000008003f54                HAL_SPI_Init
 .text.HAL_SPI_Transmit_DMA
                0x0000000008004018       0xc8 ./Drivers/STM32L0xx_HAL_Driver/Src/stm32l0xx_hal_spi.o
                0x0000000008004018                HAL_SPI_Transmit_DMA
 .text.HAL_SPI_TxCpltCallback
                0x00000000080040e0        0x2 ./Drivers/STM32L0xx_HAL_Driver/Src/stm32l0xx_hal_spi.o
                0x00000000080040e0                HAL_SPI_TxCpltCallback
 .text.HAL_SPI_TxHalfCpltCallback
                0x00000000080040e2        0x2 ./Drivers/STM32L0xx_HAL_Driver/Src/stm32l0xx_hal_spi.o
                0x00000000080040e2                HAL_SPI_TxHalfCpltCallback
 .text.SPI_DMAHalfTransmitCplt
                0x00000000080040e4        0xa ./Drivers/STM32L0xx_HAL_Driver/Src/stm32l0xx_hal_spi.o
 .text.HAL_SPI_ErrorCallback
                0x00000000080040ee        0x2 ./Drivers/STM32L0xx_HAL_Driver/Src/stm32l0xx_hal_spi.o
                0x00000000080040ee                HAL_SPI_ErrorCallback
 .text.SPI_DMAError
                0x00000000080040f0       0x24 ./Drivers/STM32L0xx_HAL_Driver/Src/stm32l0xx_hal_spi.o
 .text.SPI_DMATransmitCplt
                0x0000000008004114       0x6e ./Drivers/STM32L0xx_HAL_Driver/Src/stm32l0xx_hal_spi.o
 *fill*         0x0000000008004182        0x2 
 .text.TIM_Base_SetConfig
                0x0000000008004184       0x5c ./Drivers/STM32L0xx_HAL_Driver/Src/stm32l0xx_hal_tim.o
 .text.HAL_TIM_Base_Init
                0x00000000080041e0       0x48 ./Drivers/STM32L0xx_HAL_Driver/Src/stm32l0xx_hal_tim.o
                0x00000000080041e0                HAL_TIM_Base_Init
 .text.HAL_TIM_Base_Start_IT
                0x0000000008004228       0x58 ./Drivers/STM32L0xx_HAL_Driver/Src/stm32l0xx_hal_tim.o
                0x0000000008004228                HAL_TIM_Base_Start_IT
 .text.HAL_TIM_ConfigClockSource
                0x0000000008004280      0x15c ./Drivers/STM32L0xx_HAL_Driver/Src/stm32l0xx_hal_tim.o
                0x0000000008004280                HAL_TIM_ConfigClockSource
 .text.HAL_TIM_OC_DelayElapsedCallback
                0x00000000080043dc        0x2 ./Drivers/STM32L0xx_HAL_Driver/Src/stm32l0xx_hal_tim.o
                0x00000000080043dc                HAL_TIM_OC_DelayElapsedCallback
 .text.HAL_TIM_IC_CaptureCallback
                0x00000000080043de        0x2 ./Drivers/STM32L0xx_HAL_Driver/Src/stm32l0xx_hal_tim.o
                0x00000000080043de                HAL_TIM_IC_CaptureCallback
 .text.HAL_TIM_PWM_PulseFinishedCallback
                0x00000000080043e0        0x2 ./Drivers/STM32L0xx_HAL_Driver/Src/stm32l0xx_hal_tim.o
                0x00000000080043e0                HAL_TIM_PWM_PulseFinishedCallback
 .text.HAL_TIM_TriggerCallback
                0x00000000080043e2        0x2 ./Drivers/STM32L0xx_HAL_Driver/Src/stm32l0xx_hal_tim.o
                0x00000000080043e2                HAL_TIM_TriggerCallback
 .text.HAL_TIM_IRQHandler
                0x00000000080043e4      0x110 ./Drivers/STM32L0xx_HAL_Driver/Src/stm32l0xx_hal_tim.o
                0x00000000080043e4                HAL_TIM_IRQHandler
 .text.HAL_TIMEx_MasterConfigSynchronization
                0x00000000080044f4       0x58 ./Drivers/STM32L0xx_HAL_Driver/Src/stm32l0xx_hal_tim_ex.o
                0x00000000080044f4                HAL_TIMEx_MasterConfigSynchronization
 .text.calloc   0x000000000800454c       0x14 c:/st/stm32cubeide_1.9.0/stm32cubeide/plugins/com.st.stm32cube.ide.mcu.externaltools.gnu-tools-for-stm32.10.3-2021.10.win32_1.0.100.202210260954/tools/bin/../lib/gcc/arm-none-eabi/10.3.1/../../../../arm-none-eabi/lib/thumb/v6-m/nofp\libc_nano.a(lib_a-calloc.o)
                0x000000000800454c                calloc
 .text.__errno  0x0000000008004560        0xc c:/st/stm32cubeide_1.9.0/stm32cubeide/plugins/com.st.stm32cube.ide.mcu.externaltools.gnu-tools-for-stm32.10.3-2021.10.win32_1.0.100.202210260954/tools/bin/../lib/gcc/arm-none-eabi/10.3.1/../../../../arm-none-eabi/lib/thumb/v6-m/nofp\libc_nano.a(lib_a-errno.o)
                0x0000000008004560                __errno
 .text.__libc_init_array
                0x000000000800456c       0x48 c:/st/stm32cubeide_1.9.0/stm32cubeide/plugins/com.st.stm32cube.ide.mcu.externaltools.gnu-tools-for-stm32.10.3-2021.10.win32_1.0.100.202210260954/tools/bin/../lib/gcc/arm-none-eabi/10.3.1/../../../../arm-none-eabi/lib/thumb/v6-m/nofp\libc_nano.a(lib_a-init.o)
                0x000000000800456c                __libc_init_array
 .text.free     0x00000000080045b4       0x14 c:/st/stm32cubeide_1.9.0/stm32cubeide/plugins/com.st.stm32cube.ide.mcu.externaltools.gnu-tools-for-stm32.10.3-2021.10.win32_1.0.100.202210260954/tools/bin/../lib/gcc/arm-none-eabi/10.3.1/../../../../arm-none-eabi/lib/thumb/v6-m/nofp\libc_nano.a(lib_a-malloc.o)
                0x00000000080045b4                free
 .text.memcpy   0x00000000080045c8       0x12 c:/st/stm32cubeide_1.9.0/stm32cubeide/plugins/com.st.stm32cube.ide.mcu.externaltools.gnu-tools-for-stm32.10.3-2021.10.win32_1.0.100.202210260954/tools/bin/../lib/gcc/arm-none-eabi/10.3.1/../../../../arm-none-eabi/lib/thumb/v6-m/nofp\libc_nano.a(lib_a-memcpy-stub.o)
                0x00000000080045c8                memcpy
 .text.memmove  0x00000000080045da       0x26 c:/st/stm32cubeide_1.9.0/stm32cubeide/plugins/com.st.stm32cube.ide.mcu.externaltools.gnu-tools-for-stm32.10.3-2021.10.win32_1.0.100.202210260954/tools/bin/../lib/gcc/arm-none-eabi/10.3.1/../../../../arm-none-eabi/lib/thumb/v6-m/nofp\libc_nano.a(lib_a-memmove.o)
                0x00000000080045da                memmove
 .text.memset   0x0000000008004600       0x10 c:/st/stm32cubeide_1.9.0/stm32cubeide/plugins/com.st.stm32cube.ide.mcu.externaltools.gnu-tools-for-stm32.10.3-2021.10.win32_1.0.100.202210260954/tools/bin/../lib/gcc/arm-none-eabi/10.3.1/../../../../arm-none-eabi/lib/thumb/v6-m/nofp\libc_nano.a(lib_a-memset.o)
                0x0000000008004600                memset
 .text._calloc_r
                0x0000000008004610       0x58 c:/st/stm32cubeide_1.9.0/stm32cubeide/plugins/com.st.stm32cube.ide.mcu.externaltools.gnu-tools-for-stm32.10.3-2021.10.win32_1.0.100.202210260954/tools/bin/../lib/gcc/arm-none-eabi/10.3.1/../../../../arm-none-eabi/lib/thumb/v6-m/nofp\libc_nano.a(lib_a-nano-callocr.o)
                0x0000000008004610                _calloc_r
 .text._free_r  0x0000000008004668       0x94 c:/st/stm32cubeide_1.9.0/stm32cubeide/plugins/com.st.stm32cube.ide.mcu.externaltools.gnu-tools-for-stm32.10.3-2021.10.win32_1.0.100.202210260954/tools/bin/../lib/gcc/arm-none-eabi/10.3.1/../../../../arm-none-eabi/lib/thumb/v6-m/nofp\libc_nano.a(lib_a-nano-freer.o)
                0x0000000008004668                _free_r
 .text.sbrk_aligned
                0x00000000080046fc       0x44 c:/st/stm32cubeide_1.9.0/stm32cubeide/plugins/com.st.stm32cube.ide.mcu.externaltools.gnu-tools-for-stm32.10.3-2021.10.win32_1.0.100.202210260954/tools/bin/../lib/gcc/arm-none-eabi/10.3.1/../../../../arm-none-eabi/lib/thumb/v6-m/nofp\libc_nano.a(lib_a-nano-mallocr.o)
 .text._malloc_r
                0x0000000008004740       0xec c:/st/stm32cubeide_1.9.0/stm32cubeide/plugins/com.st.stm32cube.ide.mcu.externaltools.gnu-tools-for-stm32.10.3-2021.10.win32_1.0.100.202210260954/tools/bin/../lib/gcc/arm-none-eabi/10.3.1/../../../../arm-none-eabi/lib/thumb/v6-m/nofp\libc_nano.a(lib_a-nano-mallocr.o)
                0x0000000008004740                _malloc_r
 .text._sbrk_r  0x000000000800482c       0x24 c:/st/stm32cubeide_1.9.0/stm32cubeide/plugins/com.st.stm32cube.ide.mcu.externaltools.gnu-tools-for-stm32.10.3-2021.10.win32_1.0.100.202210260954/tools/bin/../lib/gcc/arm-none-eabi/10.3.1/../../../../arm-none-eabi/lib/thumb/v6-m/nofp\libc_nano.a(lib_a-sbrkr.o)
                0x000000000800482c                _sbrk_r
 .text.sprintf  0x0000000008004850       0x40 c:/st/stm32cubeide_1.9.0/stm32cubeide/plugins/com.st.stm32cube.ide.mcu.externaltools.gnu-tools-for-stm32.10.3-2021.10.win32_1.0.100.202210260954/tools/bin/../lib/gcc/arm-none-eabi/10.3.1/../../../../arm-none-eabi/lib/thumb/v6-m/nofp\libc_nano.a(lib_a-sprintf.o)
                0x0000000008004850                siprintf
                0x0000000008004850                sprintf
 .text.__malloc_lock
                0x0000000008004890       0x10 c:/st/stm32cubeide_1.9.0/stm32cubeide/plugins/com.st.stm32cube.ide.mcu.externaltools.gnu-tools-for-stm32.10.3-2021.10.win32_1.0.100.202210260954/tools/bin/../lib/gcc/arm-none-eabi/10.3.1/../../../../arm-none-eabi/lib/thumb/v6-m/nofp\libc_nano.a(lib_a-mlock.o)
                0x0000000008004890                __malloc_lock
 .text.__malloc_unlock
                0x00000000080048a0       0x10 c:/st/stm32cubeide_1.9.0/stm32cubeide/plugins/com.st.stm32cube.ide.mcu.externaltools.gnu-tools-for-stm32.10.3-2021.10.win32_1.0.100.202210260954/tools/bin/../lib/gcc/arm-none-eabi/10.3.1/../../../../arm-none-eabi/lib/thumb/v6-m/nofp\libc_nano.a(lib_a-mlock.o)
                0x00000000080048a0                __malloc_unlock
 .text.__ssputs_r
                0x00000000080048b0       0xc4 c:/st/stm32cubeide_1.9.0/stm32cubeide/plugins/com.st.stm32cube.ide.mcu.externaltools.gnu-tools-for-stm32.10.3-2021.10.win32_1.0.100.202210260954/tools/bin/../lib/gcc/arm-none-eabi/10.3.1/../../../../arm-none-eabi/lib/thumb/v6-m/nofp\libc_nano.a(lib_a-nano-svfprintf.o)
                0x00000000080048b0                __ssputs_r
 .text._svfprintf_r
                0x0000000008004974      0x200 c:/st/stm32cubeide_1.9.0/stm32cubeide/plugins/com.st.stm32cube.ide.mcu.externaltools.gnu-tools-for-stm32.10.3-2021.10.win32_1.0.100.202210260954/tools/bin/../lib/gcc/arm-none-eabi/10.3.1/../../../../arm-none-eabi/lib/thumb/v6-m/nofp\libc_nano.a(lib_a-nano-svfprintf.o)
                0x0000000008004974                _svfiprintf_r
                0x0000000008004974                _svfprintf_r
 .text._printf_common
                0x0000000008004b74       0xde c:/st/stm32cubeide_1.9.0/stm32cubeide/plugins/com.st.stm32cube.ide.mcu.externaltools.gnu-tools-for-stm32.10.3-2021.10.win32_1.0.100.202210260954/tools/bin/../lib/gcc/arm-none-eabi/10.3.1/../../../../arm-none-eabi/lib/thumb/v6-m/nofp\libc_nano.a(lib_a-nano-vfprintf_i.o)
                0x0000000008004b74                _printf_common
 *fill*         0x0000000008004c52        0x2 
 .text._printf_i
                0x0000000008004c54      0x224 c:/st/stm32cubeide_1.9.0/stm32cubeide/plugins/com.st.stm32cube.ide.mcu.externaltools.gnu-tools-for-stm32.10.3-2021.10.win32_1.0.100.202210260954/tools/bin/../lib/gcc/arm-none-eabi/10.3.1/../../../../arm-none-eabi/lib/thumb/v6-m/nofp\libc_nano.a(lib_a-nano-vfprintf_i.o)
                0x0000000008004c54                _printf_i
 .text.__retarget_lock_acquire_recursive
                0x0000000008004e78        0x2 c:/st/stm32cubeide_1.9.0/stm32cubeide/plugins/com.st.stm32cube.ide.mcu.externaltools.gnu-tools-for-stm32.10.3-2021.10.win32_1.0.100.202210260954/tools/bin/../lib/gcc/arm-none-eabi/10.3.1/../../../../arm-none-eabi/lib/thumb/v6-m/nofp\libc_nano.a(lib_a-lock.o)
                0x0000000008004e78                __retarget_lock_acquire_recursive
 .text.__retarget_lock_release_recursive
                0x0000000008004e7a        0x2 c:/st/stm32cubeide_1.9.0/stm32cubeide/plugins/com.st.stm32cube.ide.mcu.externaltools.gnu-tools-for-stm32.10.3-2021.10.win32_1.0.100.202210260954/tools/bin/../lib/gcc/arm-none-eabi/10.3.1/../../../../arm-none-eabi/lib/thumb/v6-m/nofp\libc_nano.a(lib_a-lock.o)
                0x0000000008004e7a                __retarget_lock_release_recursive
 .text.memchr   0x0000000008004e7c       0x16 c:/st/stm32cubeide_1.9.0/stm32cubeide/plugins/com.st.stm32cube.ide.mcu.externaltools.gnu-tools-for-stm32.10.3-2021.10.win32_1.0.100.202210260954/tools/bin/../lib/gcc/arm-none-eabi/10.3.1/../../../../arm-none-eabi/lib/thumb/v6-m/nofp\libc_nano.a(lib_a-memchr-stub.o)
                0x0000000008004e7c                memchr
 .text._realloc_r
                0x0000000008004e92       0x5e c:/st/stm32cubeide_1.9.0/stm32cubeide/plugins/com.st.stm32cube.ide.mcu.externaltools.gnu-tools-for-stm32.10.3-2021.10.win32_1.0.100.202210260954/tools/bin/../lib/gcc/arm-none-eabi/10.3.1/../../../../arm-none-eabi/lib/thumb/v6-m/nofp\libc_nano.a(lib_a-nano-reallocr.o)
                0x0000000008004e92                _realloc_r
 .text._malloc_usable_size_r
                0x0000000008004ef0       0x10 c:/st/stm32cubeide_1.9.0/stm32cubeide/plugins/com.st.stm32cube.ide.mcu.externaltools.gnu-tools-for-stm32.10.3-2021.10.win32_1.0.100.202210260954/tools/bin/../lib/gcc/arm-none-eabi/10.3.1/../../../../arm-none-eabi/lib/thumb/v6-m/nofp\libc_nano.a(lib_a-nano-msizer.o)
                0x0000000008004ef0                _malloc_usable_size_r
 *(.glue_7)
 .glue_7        0x0000000008004f00        0x0 linker stubs
 *(.glue_7t)
 .glue_7t       0x0000000008004f00        0x0 linker stubs
 *(.eh_frame)
 .eh_frame      0x0000000008004f00        0x0 c:/st/stm32cubeide_1.9.0/stm32cubeide/plugins/com.st.stm32cube.ide.mcu.externaltools.gnu-tools-for-stm32.10.3-2021.10.win32_1.0.100.202210260954/tools/bin/../lib/gcc/arm-none-eabi/10.3.1/thumb/v6-m/nofp/crtbegin.o
 *(.init)
 .init          0x0000000008004f00        0x4 c:/st/stm32cubeide_1.9.0/stm32cubeide/plugins/com.st.stm32cube.ide.mcu.externaltools.gnu-tools-for-stm32.10.3-2021.10.win32_1.0.100.202210260954/tools/bin/../lib/gcc/arm-none-eabi/10.3.1/thumb/v6-m/nofp/crti.o
                0x0000000008004f00                _init
 .init          0x0000000008004f04        0x8 c:/st/stm32cubeide_1.9.0/stm32cubeide/plugins/com.st.stm32cube.ide.mcu.externaltools.gnu-tools-for-stm32.10.3-2021.10.win32_1.0.100.202210260954/tools/bin/../lib/gcc/arm-none-eabi/10.3.1/thumb/v6-m/nofp/crtn.o
 *(.fini)
 .fini          0x0000000008004f0c        0x4 c:/st/stm32cubeide_1.9.0/stm32cubeide/plugins/com.st.stm32cube.ide.mcu.externaltools.gnu-tools-for-stm32.10.3-2021.10.win32_1.0.100.202210260954/tools/bin/../lib/gcc/arm-none-eabi/10.3.1/thumb/v6-m/nofp/crti.o
                0x0000000008004f0c                _fini
 .fini          0x0000000008004f10        0x8 c:/st/stm32cubeide_1.9.0/stm32cubeide/plugins/com.st.stm32cube.ide.mcu.externaltools.gnu-tools-for-stm32.10.3-2021.10.win32_1.0.100.202210260954/tools/bin/../lib/gcc/arm-none-eabi/10.3.1/thumb/v6-m/nofp/crtn.o
                0x0000000008004f18                . = ALIGN (0x4)
                0x0000000008004f18                _etext = .

.vfp11_veneer   0x0000000008004f18        0x0
 .vfp11_veneer  0x0000000008004f18        0x0 linker stubs

.v4_bx          0x0000000008004f18        0x0
 .v4_bx         0x0000000008004f18        0x0 linker stubs

.iplt           0x0000000008004f18        0x0
 .iplt          0x0000000008004f18        0x0 c:/st/stm32cubeide_1.9.0/stm32cubeide/plugins/com.st.stm32cube.ide.mcu.externaltools.gnu-tools-for-stm32.10.3-2021.10.win32_1.0.100.202210260954/tools/bin/../lib/gcc/arm-none-eabi/10.3.1/thumb/v6-m/nofp/crtbegin.o

.rodata         0x0000000008004f18      0xbec
                0x0000000008004f18                . = ALIGN (0x4)
 *(.rodata)
 *(.rodata*)
 .rodata.colLUT
                0x0000000008004f18      0x400 ./Core/Src/SK6812.o
                0x0000000008004f18                colLUT
 .rodata.Font6x8
                0x0000000008005318      0x5f0 ./Core/Src/fonts.o
                0x0000000008005318                Font6x8
 .rodata.textIn.str1.1
                0x0000000008005908       0x2d ./Core/Src/main.o
 .rodata.timeSet.str1.1
                0x0000000008005935       0x5c ./Core/Src/main.o
 .rodata.mainM.str1.1
                0x0000000008005991       0x56 ./Core/Src/main.o
 .rodata.partS.str1.1
                0x00000000080059e7       0x69 ./Core/Src/main.o
                                         0x6b (size before relaxing)
 .rodata.pUseM.str1.1
                0x0000000008005a50       0x1d ./Core/Src/main.o
 .rodata.main.str1.1
                0x0000000008005a6d        0xf ./Core/Src/main.o
 .rodata.str1.1
                0x0000000008005a7c       0x3b ./Core/Src/main.o
 .rodata.AHBPrescTable
                0x0000000008005ab7       0x10 ./Core/Src/system_stm32l0xx.o
                0x0000000008005ab7                AHBPrescTable
 .rodata.PLLMulTable
                0x0000000008005ac7        0x9 ./Core/Src/system_stm32l0xx.o
                0x0000000008005ac7                PLLMulTable
 .rodata._svfprintf_r.str1.1
                0x0000000008005ad0       0x11 c:/st/stm32cubeide_1.9.0/stm32cubeide/plugins/com.st.stm32cube.ide.mcu.externaltools.gnu-tools-for-stm32.10.3-2021.10.win32_1.0.100.202210260954/tools/bin/../lib/gcc/arm-none-eabi/10.3.1/../../../../arm-none-eabi/lib/thumb/v6-m/nofp\libc_nano.a(lib_a-nano-svfprintf.o)
 .rodata._printf_i.str1.1
                0x0000000008005ae1       0x22 c:/st/stm32cubeide_1.9.0/stm32cubeide/plugins/com.st.stm32cube.ide.mcu.externaltools.gnu-tools-for-stm32.10.3-2021.10.win32_1.0.100.202210260954/tools/bin/../lib/gcc/arm-none-eabi/10.3.1/../../../../arm-none-eabi/lib/thumb/v6-m/nofp\libc_nano.a(lib_a-nano-vfprintf_i.o)
                0x0000000008005b04                . = ALIGN (0x4)
 *fill*         0x0000000008005b03        0x1 

.ARM.extab      0x0000000008005b04        0x0
                0x0000000008005b04                . = ALIGN (0x4)
 *(.ARM.extab* .gnu.linkonce.armextab.*)
                0x0000000008005b04                . = ALIGN (0x4)

.ARM            0x0000000008005b04        0x8
                0x0000000008005b04                . = ALIGN (0x4)
                0x0000000008005b04                __exidx_start = .
 *(.ARM.exidx*)
 .ARM.exidx     0x0000000008005b04        0x8 c:/st/stm32cubeide_1.9.0/stm32cubeide/plugins/com.st.stm32cube.ide.mcu.externaltools.gnu-tools-for-stm32.10.3-2021.10.win32_1.0.100.202210260954/tools/bin/../lib/gcc/arm-none-eabi/10.3.1/thumb/v6-m/nofp\libgcc.a(_udivmoddi4.o)
                0x0000000008005b0c                __exidx_end = .
                0x0000000008005b0c                . = ALIGN (0x4)

.rel.dyn        0x0000000008005b0c        0x0
 .rel.iplt      0x0000000008005b0c        0x0 c:/st/stm32cubeide_1.9.0/stm32cubeide/plugins/com.st.stm32cube.ide.mcu.externaltools.gnu-tools-for-stm32.10.3-2021.10.win32_1.0.100.202210260954/tools/bin/../lib/gcc/arm-none-eabi/10.3.1/thumb/v6-m/nofp/crtbegin.o

.preinit_array  0x0000000008005b0c        0x0
                0x0000000008005b0c                . = ALIGN (0x4)
                0x0000000008005b0c                PROVIDE (__preinit_array_start = .)
 *(.preinit_array*)
                0x0000000008005b0c                PROVIDE (__preinit_array_end = .)
                0x0000000008005b0c                . = ALIGN (0x4)

.init_array     0x0000000008005b0c        0x4
                0x0000000008005b0c                . = ALIGN (0x4)
                0x0000000008005b0c                PROVIDE (__init_array_start = .)
 *(SORT_BY_NAME(.init_array.*))
 *(.init_array*)
 .init_array    0x0000000008005b0c        0x4 c:/st/stm32cubeide_1.9.0/stm32cubeide/plugins/com.st.stm32cube.ide.mcu.externaltools.gnu-tools-for-stm32.10.3-2021.10.win32_1.0.100.202210260954/tools/bin/../lib/gcc/arm-none-eabi/10.3.1/thumb/v6-m/nofp/crtbegin.o
                0x0000000008005b10                PROVIDE (__init_array_end = .)
                0x0000000008005b10                . = ALIGN (0x4)

.fini_array     0x0000000008005b10        0x4
                0x0000000008005b10                . = ALIGN (0x4)
                [!provide]                        PROVIDE (__fini_array_start = .)
 *(SORT_BY_NAME(.fini_array.*))
 *(.fini_array*)
 .fini_array    0x0000000008005b10        0x4 c:/st/stm32cubeide_1.9.0/stm32cubeide/plugins/com.st.stm32cube.ide.mcu.externaltools.gnu-tools-for-stm32.10.3-2021.10.win32_1.0.100.202210260954/tools/bin/../lib/gcc/arm-none-eabi/10.3.1/thumb/v6-m/nofp/crtbegin.o
                [!provide]                        PROVIDE (__fini_array_end = .)
                0x0000000008005b14                . = ALIGN (0x4)
                0x0000000008005b14                _sidata = LOADADDR (.data)

.data           0x0000000020000000       0xb0 load address 0x0000000008005b14
                0x0000000020000000                . = ALIGN (0x4)
                0x0000000020000000                _sdata = .
 *(.data)
 *(.data*)
 .data.Font_6x8
                0x0000000020000000        0x8 ./Core/Src/fonts.o
                0x0000000020000000                Font_6x8
 .data.fireF    0x0000000020000008        0x1 ./Core/Src/main.o
                0x0000000020000008                fireF
 *fill*         0x0000000020000009        0x3 
 .data.keyboard
                0x000000002000000c       0x10 ./Core/Src/main.o
                0x000000002000000c                keyboard
 .data.lastDay  0x000000002000001c        0xc ./Core/Src/main.o
                0x000000002000001c                lastDay
 .data.oldsw    0x0000000020000028        0x1 ./Core/Src/main.o
                0x0000000020000028                oldsw
 *fill*         0x0000000020000029        0x3 
 .data.ptCate   0x000000002000002c       0x10 ./Core/Src/main.o
                0x000000002000002c                ptCate
 .data.udf      0x000000002000003c        0x1 ./Core/Src/main.o
                0x000000002000003c                udf
 .data.usePos   0x000000002000003d        0x1 ./Core/Src/main.o
                0x000000002000003d                usePos
 *fill*         0x000000002000003e        0x2 
 .data.SystemCoreClock
                0x0000000020000040        0x4 ./Core/Src/system_stm32l0xx.o
                0x0000000020000040                SystemCoreClock
 .data.uwTickFreq
                0x0000000020000044        0x1 ./Drivers/STM32L0xx_HAL_Driver/Src/stm32l0xx_hal.o
                0x0000000020000044                uwTickFreq
 *fill*         0x0000000020000045        0x3 
 .data.uwTickPrio
                0x0000000020000048        0x4 ./Drivers/STM32L0xx_HAL_Driver/Src/stm32l0xx_hal.o
                0x0000000020000048                uwTickPrio
 .data._impure_ptr
                0x000000002000004c        0x4 c:/st/stm32cubeide_1.9.0/stm32cubeide/plugins/com.st.stm32cube.ide.mcu.externaltools.gnu-tools-for-stm32.10.3-2021.10.win32_1.0.100.202210260954/tools/bin/../lib/gcc/arm-none-eabi/10.3.1/../../../../arm-none-eabi/lib/thumb/v6-m/nofp\libc_nano.a(lib_a-impure.o)
                0x000000002000004c                _impure_ptr
 .data.impure_data
                0x0000000020000050       0x60 c:/st/stm32cubeide_1.9.0/stm32cubeide/plugins/com.st.stm32cube.ide.mcu.externaltools.gnu-tools-for-stm32.10.3-2021.10.win32_1.0.100.202210260954/tools/bin/../lib/gcc/arm-none-eabi/10.3.1/../../../../arm-none-eabi/lib/thumb/v6-m/nofp\libc_nano.a(lib_a-impure.o)
 *(.RamFunc)
 *(.RamFunc*)
                0x00000000200000b0                . = ALIGN (0x4)
                0x00000000200000b0                _edata = .

.igot.plt       0x00000000200000b0        0x0 load address 0x0000000008005bc4
 .igot.plt      0x00000000200000b0        0x0 c:/st/stm32cubeide_1.9.0/stm32cubeide/plugins/com.st.stm32cube.ide.mcu.externaltools.gnu-tools-for-stm32.10.3-2021.10.win32_1.0.100.202210260954/tools/bin/../lib/gcc/arm-none-eabi/10.3.1/thumb/v6-m/nofp/crtbegin.o
                0x00000000200000b0                . = ALIGN (0x4)

.bss            0x00000000200000b0      0xc10 load address 0x0000000008005bc4
                0x00000000200000b0                _sbss = .
                0x00000000200000b0                __bss_start__ = _sbss
 *(.bss)
 .bss           0x00000000200000b0       0x1c c:/st/stm32cubeide_1.9.0/stm32cubeide/plugins/com.st.stm32cube.ide.mcu.externaltools.gnu-tools-for-stm32.10.3-2021.10.win32_1.0.100.202210260954/tools/bin/../lib/gcc/arm-none-eabi/10.3.1/thumb/v6-m/nofp/crtbegin.o
 *(.bss*)
 .bss.ledData   0x00000000200000cc      0x1b0 ./Core/Src/SK6812.o
                0x00000000200000cc                ledData
 .bss.spiBf     0x000000002000027c      0x1b4 ./Core/Src/SK6812.o
                0x000000002000027c                spiBf
 .bss.adc       0x0000000020000430        0x4 ./Core/Src/main.o
                0x0000000020000430                adc
 .bss.buzC.1    0x0000000020000434        0x2 ./Core/Src/main.o
 .bss.buzFlag   0x0000000020000436        0x1 ./Core/Src/main.o
                0x0000000020000436                buzFlag
 *fill*         0x0000000020000437        0x1 
 .bss.date      0x0000000020000438        0x4 ./Core/Src/main.o
                0x0000000020000438                date
 .bss.hadc      0x000000002000043c       0x5c ./Core/Src/main.o
                0x000000002000043c                hadc
 .bss.hdma_spi1_tx
                0x0000000020000498       0x48 ./Core/Src/main.o
                0x0000000020000498                hdma_spi1_tx
 .bss.hi2c1     0x00000000200004e0       0x4c ./Core/Src/main.o
                0x00000000200004e0                hi2c1
 .bss.hspi1     0x000000002000052c       0x58 ./Core/Src/main.o
                0x000000002000052c                hspi1
 .bss.htim2     0x0000000020000584       0x40 ./Core/Src/main.o
                0x0000000020000584                htim2
 .bss.ledPos    0x00000000200005c4        0x1 ./Core/Src/main.o
                0x00000000200005c4                ledPos
 .bss.logC      0x00000000200005c5        0x1 ./Core/Src/main.o
                0x00000000200005c5                logC
 *fill*         0x00000000200005c6        0x2 
 .bss.pLog      0x00000000200005c8       0x78 ./Core/Src/main.o
                0x00000000200005c8                pLog
 .bss.pt        0x0000000020000640      0x240 ./Core/Src/main.o
                0x0000000020000640                pt
 .bss.ptC       0x0000000020000880        0x1 ./Core/Src/main.o
                0x0000000020000880                ptC
 .bss.ptInNum   0x0000000020000881        0x1 ./Core/Src/main.o
                0x0000000020000881                ptInNum
 .bss.ptSetPosF
                0x0000000020000882        0x1 ./Core/Src/main.o
                0x0000000020000882                ptSetPosF
 .bss.reC       0x0000000020000883        0x1 ./Core/Src/main.o
                0x0000000020000883                reC
 .bss.sel       0x0000000020000884        0x1 ./Core/Src/main.o
                0x0000000020000884                sel
 .bss.tempX     0x0000000020000885        0x1 ./Core/Src/main.o
                0x0000000020000885                tempX
 .bss.tempY     0x0000000020000886        0x1 ./Core/Src/main.o
                0x0000000020000886                tempY
 .bss.time      0x0000000020000887        0x3 ./Core/Src/main.o
                0x0000000020000887                time
 .bss.SSD1306   0x000000002000088a        0x6 ./Core/Src/ssd1306.o
 .bss.SSD1306_Buffer
                0x0000000020000890      0x400 ./Core/Src/ssd1306.o
 .bss.__sbrk_heap_end
                0x0000000020000c90        0x4 ./Core/Src/sysmem.o
 .bss.uwTick    0x0000000020000c94        0x4 ./Drivers/STM32L0xx_HAL_Driver/Src/stm32l0xx_hal.o
                0x0000000020000c94                uwTick
 .bss.pFlash    0x0000000020000c98       0x18 ./Drivers/STM32L0xx_HAL_Driver/Src/stm32l0xx_hal_flash.o
                0x0000000020000c98                pFlash
 .bss.__malloc_free_list
                0x0000000020000cb0        0x4 c:/st/stm32cubeide_1.9.0/stm32cubeide/plugins/com.st.stm32cube.ide.mcu.externaltools.gnu-tools-for-stm32.10.3-2021.10.win32_1.0.100.202210260954/tools/bin/../lib/gcc/arm-none-eabi/10.3.1/../../../../arm-none-eabi/lib/thumb/v6-m/nofp\libc_nano.a(lib_a-nano-mallocr.o)
                0x0000000020000cb0                __malloc_free_list
 .bss.__malloc_sbrk_start
                0x0000000020000cb4        0x4 c:/st/stm32cubeide_1.9.0/stm32cubeide/plugins/com.st.stm32cube.ide.mcu.externaltools.gnu-tools-for-stm32.10.3-2021.10.win32_1.0.100.202210260954/tools/bin/../lib/gcc/arm-none-eabi/10.3.1/../../../../arm-none-eabi/lib/thumb/v6-m/nofp\libc_nano.a(lib_a-nano-mallocr.o)
                0x0000000020000cb4                __malloc_sbrk_start
 .bss.errno     0x0000000020000cb8        0x4 c:/st/stm32cubeide_1.9.0/stm32cubeide/plugins/com.st.stm32cube.ide.mcu.externaltools.gnu-tools-for-stm32.10.3-2021.10.win32_1.0.100.202210260954/tools/bin/../lib/gcc/arm-none-eabi/10.3.1/../../../../arm-none-eabi/lib/thumb/v6-m/nofp\libc_nano.a(lib_a-reent.o)
                0x0000000020000cb8                errno
 .bss.__lock___malloc_recursive_mutex
                0x0000000020000cbc        0x1 c:/st/stm32cubeide_1.9.0/stm32cubeide/plugins/com.st.stm32cube.ide.mcu.externaltools.gnu-tools-for-stm32.10.3-2021.10.win32_1.0.100.202210260954/tools/bin/../lib/gcc/arm-none-eabi/10.3.1/../../../../arm-none-eabi/lib/thumb/v6-m/nofp\libc_nano.a(lib_a-lock.o)
                0x0000000020000cbc                __lock___malloc_recursive_mutex
 *(COMMON)
                0x0000000020000cc0                . = ALIGN (0x4)
 *fill*         0x0000000020000cbd        0x3 
                0x0000000020000cc0                _ebss = .
                0x0000000020000cc0                __bss_end__ = _ebss

._user_heap_stack
                0x0000000020000cc0      0x600 load address 0x0000000008005bc4
                0x0000000020000cc0                . = ALIGN (0x8)
                [!provide]                        PROVIDE (end = .)
                0x0000000020000cc0                PROVIDE (_end = .)
                0x0000000020000ec0                . = (. + _Min_Heap_Size)
 *fill*         0x0000000020000cc0      0x200 
                0x00000000200012c0                . = (. + _Min_Stack_Size)
 *fill*         0x0000000020000ec0      0x400 
                0x00000000200012c0                . = ALIGN (0x8)

/DISCARD/
 libc.a(*)
 libm.a(*)
 libgcc.a(*)

.ARM.attributes
                0x0000000000000000       0x28
 *(.ARM.attributes)
 .ARM.attributes
                0x0000000000000000       0x1e c:/st/stm32cubeide_1.9.0/stm32cubeide/plugins/com.st.stm32cube.ide.mcu.externaltools.gnu-tools-for-stm32.10.3-2021.10.win32_1.0.100.202210260954/tools/bin/../lib/gcc/arm-none-eabi/10.3.1/thumb/v6-m/nofp/crti.o
 .ARM.attributes
                0x000000000000001e       0x2c c:/st/stm32cubeide_1.9.0/stm32cubeide/plugins/com.st.stm32cube.ide.mcu.externaltools.gnu-tools-for-stm32.10.3-2021.10.win32_1.0.100.202210260954/tools/bin/../lib/gcc/arm-none-eabi/10.3.1/thumb/v6-m/nofp/crtbegin.o
 .ARM.attributes
                0x000000000000004a       0x2c ./Core/Src/DS3231.o
 .ARM.attributes
                0x0000000000000076       0x2c ./Core/Src/SK6812.o
 .ARM.attributes
                0x00000000000000a2       0x2c ./Core/Src/fonts.o
 .ARM.attributes
                0x00000000000000ce       0x2c ./Core/Src/main.o
 .ARM.attributes
                0x00000000000000fa       0x2c ./Core/Src/ssd1306.o
 .ARM.attributes
                0x0000000000000126       0x2c ./Core/Src/stm32l0xx_EEPROM.o
 .ARM.attributes
                0x0000000000000152       0x2c ./Core/Src/stm32l0xx_hal_msp.o
 .ARM.attributes
                0x000000000000017e       0x2c ./Core/Src/stm32l0xx_it.o
 .ARM.attributes
                0x00000000000001aa       0x2c ./Core/Src/sysmem.o
 .ARM.attributes
                0x00000000000001d6       0x2c ./Core/Src/system_stm32l0xx.o
 .ARM.attributes
                0x0000000000000202       0x22 ./Core/Startup/startup_stm32l052k6tx.o
 .ARM.attributes
                0x0000000000000224       0x2c ./Drivers/STM32L0xx_HAL_Driver/Src/stm32l0xx_hal.o
 .ARM.attributes
                0x0000000000000250       0x2c ./Drivers/STM32L0xx_HAL_Driver/Src/stm32l0xx_hal_adc.o
 .ARM.attributes
                0x000000000000027c       0x2c ./Drivers/STM32L0xx_HAL_Driver/Src/stm32l0xx_hal_cortex.o
 .ARM.attributes
                0x00000000000002a8       0x2c ./Drivers/STM32L0xx_HAL_Driver/Src/stm32l0xx_hal_dma.o
 .ARM.attributes
                0x00000000000002d4       0x2c ./Drivers/STM32L0xx_HAL_Driver/Src/stm32l0xx_hal_flash.o
 .ARM.attributes
                0x0000000000000300       0x2c ./Drivers/STM32L0xx_HAL_Driver/Src/stm32l0xx_hal_flash_ex.o
 .ARM.attributes
                0x000000000000032c       0x2c ./Drivers/STM32L0xx_HAL_Driver/Src/stm32l0xx_hal_gpio.o
 .ARM.attributes
                0x0000000000000358       0x2c ./Drivers/STM32L0xx_HAL_Driver/Src/stm32l0xx_hal_i2c.o
 .ARM.attributes
                0x0000000000000384       0x2c ./Drivers/STM32L0xx_HAL_Driver/Src/stm32l0xx_hal_i2c_ex.o
 .ARM.attributes
                0x00000000000003b0       0x2c ./Drivers/STM32L0xx_HAL_Driver/Src/stm32l0xx_hal_rcc.o
 .ARM.attributes
                0x00000000000003dc       0x2c ./Drivers/STM32L0xx_HAL_Driver/Src/stm32l0xx_hal_rcc_ex.o
 .ARM.attributes
                0x0000000000000408       0x2c ./Drivers/STM32L0xx_HAL_Driver/Src/stm32l0xx_hal_spi.o
 .ARM.attributes
                0x0000000000000434       0x2c ./Drivers/STM32L0xx_HAL_Driver/Src/stm32l0xx_hal_tim.o
 .ARM.attributes
                0x0000000000000460       0x2c ./Drivers/STM32L0xx_HAL_Driver/Src/stm32l0xx_hal_tim_ex.o
 .ARM.attributes
                0x000000000000048c       0x2c c:/st/stm32cubeide_1.9.0/stm32cubeide/plugins/com.st.stm32cube.ide.mcu.externaltools.gnu-tools-for-stm32.10.3-2021.10.win32_1.0.100.202210260954/tools/bin/../lib/gcc/arm-none-eabi/10.3.1/../../../../arm-none-eabi/lib/thumb/v6-m/nofp\libc_nano.a(lib_a-calloc.o)
 .ARM.attributes
                0x00000000000004b8       0x2c c:/st/stm32cubeide_1.9.0/stm32cubeide/plugins/com.st.stm32cube.ide.mcu.externaltools.gnu-tools-for-stm32.10.3-2021.10.win32_1.0.100.202210260954/tools/bin/../lib/gcc/arm-none-eabi/10.3.1/../../../../arm-none-eabi/lib/thumb/v6-m/nofp\libc_nano.a(lib_a-errno.o)
 .ARM.attributes
                0x00000000000004e4       0x2c c:/st/stm32cubeide_1.9.0/stm32cubeide/plugins/com.st.stm32cube.ide.mcu.externaltools.gnu-tools-for-stm32.10.3-2021.10.win32_1.0.100.202210260954/tools/bin/../lib/gcc/arm-none-eabi/10.3.1/../../../../arm-none-eabi/lib/thumb/v6-m/nofp\libc_nano.a(lib_a-impure.o)
 .ARM.attributes
                0x0000000000000510       0x2c c:/st/stm32cubeide_1.9.0/stm32cubeide/plugins/com.st.stm32cube.ide.mcu.externaltools.gnu-tools-for-stm32.10.3-2021.10.win32_1.0.100.202210260954/tools/bin/../lib/gcc/arm-none-eabi/10.3.1/../../../../arm-none-eabi/lib/thumb/v6-m/nofp\libc_nano.a(lib_a-init.o)
 .ARM.attributes
                0x000000000000053c       0x2c c:/st/stm32cubeide_1.9.0/stm32cubeide/plugins/com.st.stm32cube.ide.mcu.externaltools.gnu-tools-for-stm32.10.3-2021.10.win32_1.0.100.202210260954/tools/bin/../lib/gcc/arm-none-eabi/10.3.1/../../../../arm-none-eabi/lib/thumb/v6-m/nofp\libc_nano.a(lib_a-malloc.o)
 .ARM.attributes
                0x0000000000000568       0x2c c:/st/stm32cubeide_1.9.0/stm32cubeide/plugins/com.st.stm32cube.ide.mcu.externaltools.gnu-tools-for-stm32.10.3-2021.10.win32_1.0.100.202210260954/tools/bin/../lib/gcc/arm-none-eabi/10.3.1/../../../../arm-none-eabi/lib/thumb/v6-m/nofp\libc_nano.a(lib_a-memcpy-stub.o)
 .ARM.attributes
                0x0000000000000594       0x2c c:/st/stm32cubeide_1.9.0/stm32cubeide/plugins/com.st.stm32cube.ide.mcu.externaltools.gnu-tools-for-stm32.10.3-2021.10.win32_1.0.100.202210260954/tools/bin/../lib/gcc/arm-none-eabi/10.3.1/../../../../arm-none-eabi/lib/thumb/v6-m/nofp\libc_nano.a(lib_a-memmove.o)
 .ARM.attributes
                0x00000000000005c0       0x2c c:/st/stm32cubeide_1.9.0/stm32cubeide/plugins/com.st.stm32cube.ide.mcu.externaltools.gnu-tools-for-stm32.10.3-2021.10.win32_1.0.100.202210260954/tools/bin/../lib/gcc/arm-none-eabi/10.3.1/../../../../arm-none-eabi/lib/thumb/v6-m/nofp\libc_nano.a(lib_a-memset.o)
 .ARM.attributes
                0x00000000000005ec       0x2c c:/st/stm32cubeide_1.9.0/stm32cubeide/plugins/com.st.stm32cube.ide.mcu.externaltools.gnu-tools-for-stm32.10.3-2021.10.win32_1.0.100.202210260954/tools/bin/../lib/gcc/arm-none-eabi/10.3.1/../../../../arm-none-eabi/lib/thumb/v6-m/nofp\libc_nano.a(lib_a-nano-callocr.o)
 .ARM.attributes
                0x0000000000000618       0x2c c:/st/stm32cubeide_1.9.0/stm32cubeide/plugins/com.st.stm32cube.ide.mcu.externaltools.gnu-tools-for-stm32.10.3-2021.10.win32_1.0.100.202210260954/tools/bin/../lib/gcc/arm-none-eabi/10.3.1/../../../../arm-none-eabi/lib/thumb/v6-m/nofp\libc_nano.a(lib_a-nano-freer.o)
 .ARM.attributes
                0x0000000000000644       0x2c c:/st/stm32cubeide_1.9.0/stm32cubeide/plugins/com.st.stm32cube.ide.mcu.externaltools.gnu-tools-for-stm32.10.3-2021.10.win32_1.0.100.202210260954/tools/bin/../lib/gcc/arm-none-eabi/10.3.1/../../../../arm-none-eabi/lib/thumb/v6-m/nofp\libc_nano.a(lib_a-nano-mallocr.o)
 .ARM.attributes
                0x0000000000000670       0x2c c:/st/stm32cubeide_1.9.0/stm32cubeide/plugins/com.st.stm32cube.ide.mcu.externaltools.gnu-tools-for-stm32.10.3-2021.10.win32_1.0.100.202210260954/tools/bin/../lib/gcc/arm-none-eabi/10.3.1/../../../../arm-none-eabi/lib/thumb/v6-m/nofp\libc_nano.a(lib_a-sbrkr.o)
 .ARM.attributes
                0x000000000000069c       0x2c c:/st/stm32cubeide_1.9.0/stm32cubeide/plugins/com.st.stm32cube.ide.mcu.externaltools.gnu-tools-for-stm32.10.3-2021.10.win32_1.0.100.202210260954/tools/bin/../lib/gcc/arm-none-eabi/10.3.1/../../../../arm-none-eabi/lib/thumb/v6-m/nofp\libc_nano.a(lib_a-sprintf.o)
 .ARM.attributes
                0x00000000000006c8       0x2c c:/st/stm32cubeide_1.9.0/stm32cubeide/plugins/com.st.stm32cube.ide.mcu.externaltools.gnu-tools-for-stm32.10.3-2021.10.win32_1.0.100.202210260954/tools/bin/../lib/gcc/arm-none-eabi/10.3.1/../../../../arm-none-eabi/lib/thumb/v6-m/nofp\libc_nano.a(lib_a-mlock.o)
 .ARM.attributes
                0x00000000000006f4       0x2c c:/st/stm32cubeide_1.9.0/stm32cubeide/plugins/com.st.stm32cube.ide.mcu.externaltools.gnu-tools-for-stm32.10.3-2021.10.win32_1.0.100.202210260954/tools/bin/../lib/gcc/arm-none-eabi/10.3.1/../../../../arm-none-eabi/lib/thumb/v6-m/nofp\libc_nano.a(lib_a-nano-svfprintf.o)
 .ARM.attributes
                0x0000000000000720       0x2c c:/st/stm32cubeide_1.9.0/stm32cubeide/plugins/com.st.stm32cube.ide.mcu.externaltools.gnu-tools-for-stm32.10.3-2021.10.win32_1.0.100.202210260954/tools/bin/../lib/gcc/arm-none-eabi/10.3.1/../../../../arm-none-eabi/lib/thumb/v6-m/nofp\libc_nano.a(lib_a-nano-vfprintf_i.o)
 .ARM.attributes
                0x000000000000074c       0x2c c:/st/stm32cubeide_1.9.0/stm32cubeide/plugins/com.st.stm32cube.ide.mcu.externaltools.gnu-tools-for-stm32.10.3-2021.10.win32_1.0.100.202210260954/tools/bin/../lib/gcc/arm-none-eabi/10.3.1/../../../../arm-none-eabi/lib/thumb/v6-m/nofp\libc_nano.a(lib_a-reent.o)
 .ARM.attributes
                0x0000000000000778       0x2c c:/st/stm32cubeide_1.9.0/stm32cubeide/plugins/com.st.stm32cube.ide.mcu.externaltools.gnu-tools-for-stm32.10.3-2021.10.win32_1.0.100.202210260954/tools/bin/../lib/gcc/arm-none-eabi/10.3.1/../../../../arm-none-eabi/lib/thumb/v6-m/nofp\libc_nano.a(lib_a-lock.o)
 .ARM.attributes
                0x00000000000007a4       0x2c c:/st/stm32cubeide_1.9.0/stm32cubeide/plugins/com.st.stm32cube.ide.mcu.externaltools.gnu-tools-for-stm32.10.3-2021.10.win32_1.0.100.202210260954/tools/bin/../lib/gcc/arm-none-eabi/10.3.1/../../../../arm-none-eabi/lib/thumb/v6-m/nofp\libc_nano.a(lib_a-memchr-stub.o)
 .ARM.attributes
                0x00000000000007d0       0x2c c:/st/stm32cubeide_1.9.0/stm32cubeide/plugins/com.st.stm32cube.ide.mcu.externaltools.gnu-tools-for-stm32.10.3-2021.10.win32_1.0.100.202210260954/tools/bin/../lib/gcc/arm-none-eabi/10.3.1/../../../../arm-none-eabi/lib/thumb/v6-m/nofp\libc_nano.a(lib_a-nano-reallocr.o)
 .ARM.attributes
                0x00000000000007fc       0x2c c:/st/stm32cubeide_1.9.0/stm32cubeide/plugins/com.st.stm32cube.ide.mcu.externaltools.gnu-tools-for-stm32.10.3-2021.10.win32_1.0.100.202210260954/tools/bin/../lib/gcc/arm-none-eabi/10.3.1/../../../../arm-none-eabi/lib/thumb/v6-m/nofp\libc_nano.a(lib_a-nano-msizer.o)
 .ARM.attributes
                0x0000000000000828       0x1e c:/st/stm32cubeide_1.9.0/stm32cubeide/plugins/com.st.stm32cube.ide.mcu.externaltools.gnu-tools-for-stm32.10.3-2021.10.win32_1.0.100.202210260954/tools/bin/../lib/gcc/arm-none-eabi/10.3.1/thumb/v6-m/nofp\libgcc.a(_thumb1_case_uqi.o)
 .ARM.attributes
                0x0000000000000846       0x1e c:/st/stm32cubeide_1.9.0/stm32cubeide/plugins/com.st.stm32cube.ide.mcu.externaltools.gnu-tools-for-stm32.10.3-2021.10.win32_1.0.100.202210260954/tools/bin/../lib/gcc/arm-none-eabi/10.3.1/thumb/v6-m/nofp\libgcc.a(_thumb1_case_shi.o)
 .ARM.attributes
                0x0000000000000864       0x1e c:/st/stm32cubeide_1.9.0/stm32cubeide/plugins/com.st.stm32cube.ide.mcu.externaltools.gnu-tools-for-stm32.10.3-2021.10.win32_1.0.100.202210260954/tools/bin/../lib/gcc/arm-none-eabi/10.3.1/thumb/v6-m/nofp\libgcc.a(_udivsi3.o)
 .ARM.attributes
                0x0000000000000882       0x1e c:/st/stm32cubeide_1.9.0/stm32cubeide/plugins/com.st.stm32cube.ide.mcu.externaltools.gnu-tools-for-stm32.10.3-2021.10.win32_1.0.100.202210260954/tools/bin/../lib/gcc/arm-none-eabi/10.3.1/thumb/v6-m/nofp\libgcc.a(_dvmd_tls.o)
 .ARM.attributes
                0x00000000000008a0       0x1e c:/st/stm32cubeide_1.9.0/stm32cubeide/plugins/com.st.stm32cube.ide.mcu.externaltools.gnu-tools-for-stm32.10.3-2021.10.win32_1.0.100.202210260954/tools/bin/../lib/gcc/arm-none-eabi/10.3.1/thumb/v6-m/nofp\libgcc.a(_aeabi_uldivmod.o)
 .ARM.attributes
                0x00000000000008be       0x2c c:/st/stm32cubeide_1.9.0/stm32cubeide/plugins/com.st.stm32cube.ide.mcu.externaltools.gnu-tools-for-stm32.10.3-2021.10.win32_1.0.100.202210260954/tools/bin/../lib/gcc/arm-none-eabi/10.3.1/thumb/v6-m/nofp\libgcc.a(_muldi3.o)
 .ARM.attributes
                0x00000000000008ea       0x2c c:/st/stm32cubeide_1.9.0/stm32cubeide/plugins/com.st.stm32cube.ide.mcu.externaltools.gnu-tools-for-stm32.10.3-2021.10.win32_1.0.100.202210260954/tools/bin/../lib/gcc/arm-none-eabi/10.3.1/thumb/v6-m/nofp\libgcc.a(_udivmoddi4.o)
 .ARM.attributes
                0x0000000000000916       0x1e c:/st/stm32cubeide_1.9.0/stm32cubeide/plugins/com.st.stm32cube.ide.mcu.externaltools.gnu-tools-for-stm32.10.3-2021.10.win32_1.0.100.202210260954/tools/bin/../lib/gcc/arm-none-eabi/10.3.1/thumb/v6-m/nofp\libgcc.a(_clzdi2.o)
 .ARM.attributes
                0x0000000000000934       0x1e c:/st/stm32cubeide_1.9.0/stm32cubeide/plugins/com.st.stm32cube.ide.mcu.externaltools.gnu-tools-for-stm32.10.3-2021.10.win32_1.0.100.202210260954/tools/bin/../lib/gcc/arm-none-eabi/10.3.1/thumb/v6-m/nofp\libgcc.a(_clzsi2.o)
 .ARM.attributes
                0x0000000000000952       0x1e c:/st/stm32cubeide_1.9.0/stm32cubeide/plugins/com.st.stm32cube.ide.mcu.externaltools.gnu-tools-for-stm32.10.3-2021.10.win32_1.0.100.202210260954/tools/bin/../lib/gcc/arm-none-eabi/10.3.1/thumb/v6-m/nofp/crtn.o
OUTPUT(PARTS_DRAWER.elf elf32-littlearm)
LOAD linker stubs
LOAD c:/st/stm32cubeide_1.9.0/stm32cubeide/plugins/com.st.stm32cube.ide.mcu.externaltools.gnu-tools-for-stm32.10.3-2021.10.win32_1.0.100.202210260954/tools/bin/../lib/gcc/arm-none-eabi/10.3.1/../../../../arm-none-eabi/lib/thumb/v6-m/nofp\libc.a
LOAD c:/st/stm32cubeide_1.9.0/stm32cubeide/plugins/com.st.stm32cube.ide.mcu.externaltools.gnu-tools-for-stm32.10.3-2021.10.win32_1.0.100.202210260954/tools/bin/../lib/gcc/arm-none-eabi/10.3.1/../../../../arm-none-eabi/lib/thumb/v6-m/nofp\libm.a
LOAD c:/st/stm32cubeide_1.9.0/stm32cubeide/plugins/com.st.stm32cube.ide.mcu.externaltools.gnu-tools-for-stm32.10.3-2021.10.win32_1.0.100.202210260954/tools/bin/../lib/gcc/arm-none-eabi/10.3.1/thumb/v6-m/nofp\libgcc.a

.debug_info     0x0000000000000000    0x1a300
 .debug_info    0x0000000000000000      0xadd ./Core/Src/DS3231.o
 .debug_info    0x0000000000000add      0x7d3 ./Core/Src/SK6812.o
 .debug_info    0x00000000000012b0      0x2dd ./Core/Src/fonts.o
 .debug_info    0x000000000000158d     0x38a9 ./Core/Src/main.o
 .debug_info    0x0000000000004e36     0x2300 ./Core/Src/ssd1306.o
 .debug_info    0x0000000000007136      0x1cc ./Core/Src/stm32l0xx_EEPROM.o
 .debug_info    0x0000000000007302     0x156e ./Core/Src/stm32l0xx_hal_msp.o
 .debug_info    0x0000000000008870      0x6e1 ./Core/Src/stm32l0xx_it.o
 .debug_info    0x0000000000008f51      0x18e ./Core/Src/sysmem.o
 .debug_info    0x00000000000090df      0x334 ./Core/Src/system_stm32l0xx.o
 .debug_info    0x0000000000009413       0x22 ./Core/Startup/startup_stm32l052k6tx.o
 .debug_info    0x0000000000009435      0x97f ./Drivers/STM32L0xx_HAL_Driver/Src/stm32l0xx_hal.o
 .debug_info    0x0000000000009db4     0x106e ./Drivers/STM32L0xx_HAL_Driver/Src/stm32l0xx_hal_adc.o
 .debug_info    0x000000000000ae22      0xa7e ./Drivers/STM32L0xx_HAL_Driver/Src/stm32l0xx_hal_cortex.o
 .debug_info    0x000000000000b8a0      0x897 ./Drivers/STM32L0xx_HAL_Driver/Src/stm32l0xx_hal_dma.o
 .debug_info    0x000000000000c137      0x6d0 ./Drivers/STM32L0xx_HAL_Driver/Src/stm32l0xx_hal_flash.o
 .debug_info    0x000000000000c807      0xe33 ./Drivers/STM32L0xx_HAL_Driver/Src/stm32l0xx_hal_flash_ex.o
 .debug_info    0x000000000000d63a      0x6e9 ./Drivers/STM32L0xx_HAL_Driver/Src/stm32l0xx_hal_gpio.o
 .debug_info    0x000000000000dd23     0x3ea1 ./Drivers/STM32L0xx_HAL_Driver/Src/stm32l0xx_hal_i2c.o
 .debug_info    0x0000000000011bc4      0x914 ./Drivers/STM32L0xx_HAL_Driver/Src/stm32l0xx_hal_i2c_ex.o
 .debug_info    0x00000000000124d8      0xd1d ./Drivers/STM32L0xx_HAL_Driver/Src/stm32l0xx_hal_rcc.o
 .debug_info    0x00000000000131f5      0x935 ./Drivers/STM32L0xx_HAL_Driver/Src/stm32l0xx_hal_rcc_ex.o
 .debug_info    0x0000000000013b2a     0x1f3e ./Drivers/STM32L0xx_HAL_Driver/Src/stm32l0xx_hal_spi.o
 .debug_info    0x0000000000015a68     0x418e ./Drivers/STM32L0xx_HAL_Driver/Src/stm32l0xx_hal_tim.o
 .debug_info    0x0000000000019bf6      0x70a ./Drivers/STM32L0xx_HAL_Driver/Src/stm32l0xx_hal_tim_ex.o

.debug_abbrev   0x0000000000000000     0x3bdf
 .debug_abbrev  0x0000000000000000      0x1d9 ./Core/Src/DS3231.o
 .debug_abbrev  0x00000000000001d9      0x23e ./Core/Src/SK6812.o
 .debug_abbrev  0x0000000000000417      0x141 ./Core/Src/fonts.o
 .debug_abbrev  0x0000000000000558      0x533 ./Core/Src/main.o
 .debug_abbrev  0x0000000000000a8b      0x3a9 ./Core/Src/ssd1306.o
 .debug_abbrev  0x0000000000000e34       0xfb ./Core/Src/stm32l0xx_EEPROM.o
 .debug_abbrev  0x0000000000000f2f      0x297 ./Core/Src/stm32l0xx_hal_msp.o
 .debug_abbrev  0x00000000000011c6      0x1d6 ./Core/Src/stm32l0xx_it.o
 .debug_abbrev  0x000000000000139c       0xdd ./Core/Src/sysmem.o
 .debug_abbrev  0x0000000000001479      0x134 ./Core/Src/system_stm32l0xx.o
 .debug_abbrev  0x00000000000015ad       0x12 ./Core/Startup/startup_stm32l052k6tx.o
 .debug_abbrev  0x00000000000015bf      0x301 ./Drivers/STM32L0xx_HAL_Driver/Src/stm32l0xx_hal.o
 .debug_abbrev  0x00000000000018c0      0x2f8 ./Drivers/STM32L0xx_HAL_Driver/Src/stm32l0xx_hal_adc.o
 .debug_abbrev  0x0000000000001bb8      0x2a1 ./Drivers/STM32L0xx_HAL_Driver/Src/stm32l0xx_hal_cortex.o
 .debug_abbrev  0x0000000000001e59      0x20f ./Drivers/STM32L0xx_HAL_Driver/Src/stm32l0xx_hal_dma.o
 .debug_abbrev  0x0000000000002068      0x326 ./Drivers/STM32L0xx_HAL_Driver/Src/stm32l0xx_hal_flash.o
 .debug_abbrev  0x000000000000238e      0x342 ./Drivers/STM32L0xx_HAL_Driver/Src/stm32l0xx_hal_flash_ex.o
 .debug_abbrev  0x00000000000026d0      0x1ec ./Drivers/STM32L0xx_HAL_Driver/Src/stm32l0xx_hal_gpio.o
 .debug_abbrev  0x00000000000028bc      0x3a4 ./Drivers/STM32L0xx_HAL_Driver/Src/stm32l0xx_hal_i2c.o
 .debug_abbrev  0x0000000000002c60      0x1ad ./Drivers/STM32L0xx_HAL_Driver/Src/stm32l0xx_hal_i2c_ex.o
 .debug_abbrev  0x0000000000002e0d      0x2f5 ./Drivers/STM32L0xx_HAL_Driver/Src/stm32l0xx_hal_rcc.o
 .debug_abbrev  0x0000000000003102      0x242 ./Drivers/STM32L0xx_HAL_Driver/Src/stm32l0xx_hal_rcc_ex.o
 .debug_abbrev  0x0000000000003344      0x366 ./Drivers/STM32L0xx_HAL_Driver/Src/stm32l0xx_hal_spi.o
 .debug_abbrev  0x00000000000036aa      0x386 ./Drivers/STM32L0xx_HAL_Driver/Src/stm32l0xx_hal_tim.o
 .debug_abbrev  0x0000000000003a30      0x1af ./Drivers/STM32L0xx_HAL_Driver/Src/stm32l0xx_hal_tim_ex.o

.debug_loc      0x0000000000000000    0x1106b
 .debug_loc     0x0000000000000000      0x24d ./Core/Src/DS3231.o
 .debug_loc     0x000000000000024d       0xf6 ./Core/Src/SK6812.o
 .debug_loc     0x0000000000000343       0x93 ./Core/Src/fonts.o
 .debug_loc     0x00000000000003d6      0x98d ./Core/Src/main.o
 .debug_loc     0x0000000000000d63     0x15f8 ./Core/Src/ssd1306.o
 .debug_loc     0x000000000000235b       0x6f ./Core/Src/stm32l0xx_EEPROM.o
 .debug_loc     0x00000000000023ca      0x137 ./Core/Src/stm32l0xx_hal_msp.o
 .debug_loc     0x0000000000002501       0x69 ./Core/Src/sysmem.o
 .debug_loc     0x000000000000256a      0x178 ./Core/Src/system_stm32l0xx.o
 .debug_loc     0x00000000000026e2      0x13e ./Drivers/STM32L0xx_HAL_Driver/Src/stm32l0xx_hal.o
 .debug_loc     0x0000000000002820      0xc19 ./Drivers/STM32L0xx_HAL_Driver/Src/stm32l0xx_hal_adc.o
 .debug_loc     0x0000000000003439      0x467 ./Drivers/STM32L0xx_HAL_Driver/Src/stm32l0xx_hal_cortex.o
 .debug_loc     0x00000000000038a0      0x853 ./Drivers/STM32L0xx_HAL_Driver/Src/stm32l0xx_hal_dma.o
 .debug_loc     0x00000000000040f3      0x2f6 ./Drivers/STM32L0xx_HAL_Driver/Src/stm32l0xx_hal_flash.o
 .debug_loc     0x00000000000043e9      0xb91 ./Drivers/STM32L0xx_HAL_Driver/Src/stm32l0xx_hal_flash_ex.o
 .debug_loc     0x0000000000004f7a      0x3dc ./Drivers/STM32L0xx_HAL_Driver/Src/stm32l0xx_hal_gpio.o
 .debug_loc     0x0000000000005356     0x40ab ./Drivers/STM32L0xx_HAL_Driver/Src/stm32l0xx_hal_i2c.o
 .debug_loc     0x0000000000009401      0x1b0 ./Drivers/STM32L0xx_HAL_Driver/Src/stm32l0xx_hal_i2c_ex.o
 .debug_loc     0x00000000000095b1      0x740 ./Drivers/STM32L0xx_HAL_Driver/Src/stm32l0xx_hal_rcc.o
 .debug_loc     0x0000000000009cf1      0x5df ./Drivers/STM32L0xx_HAL_Driver/Src/stm32l0xx_hal_rcc_ex.o
 .debug_loc     0x000000000000a2d0     0x1ab7 ./Drivers/STM32L0xx_HAL_Driver/Src/stm32l0xx_hal_spi.o
 .debug_loc     0x000000000000bd87     0x5206 ./Drivers/STM32L0xx_HAL_Driver/Src/stm32l0xx_hal_tim.o
 .debug_loc     0x0000000000010f8d       0xde ./Drivers/STM32L0xx_HAL_Driver/Src/stm32l0xx_hal_tim_ex.o

.debug_aranges  0x0000000000000000      0xf60
 .debug_aranges
                0x0000000000000000       0x38 ./Core/Src/DS3231.o
 .debug_aranges
                0x0000000000000038       0x38 ./Core/Src/SK6812.o
 .debug_aranges
                0x0000000000000070       0x20 ./Core/Src/fonts.o
 .debug_aranges
                0x0000000000000090       0x88 ./Core/Src/main.o
 .debug_aranges
                0x0000000000000118       0xf8 ./Core/Src/ssd1306.o
 .debug_aranges
                0x0000000000000210       0x28 ./Core/Src/stm32l0xx_EEPROM.o
 .debug_aranges
                0x0000000000000238       0x60 ./Core/Src/stm32l0xx_hal_msp.o
 .debug_aranges
                0x0000000000000298       0x48 ./Core/Src/stm32l0xx_it.o
 .debug_aranges
                0x00000000000002e0       0x20 ./Core/Src/sysmem.o
 .debug_aranges
                0x0000000000000300       0x28 ./Core/Src/system_stm32l0xx.o
 .debug_aranges
                0x0000000000000328       0x28 ./Core/Startup/startup_stm32l052k6tx.o
 .debug_aranges
                0x0000000000000350      0x108 ./Drivers/STM32L0xx_HAL_Driver/Src/stm32l0xx_hal.o
 .debug_aranges
                0x0000000000000458       0xd8 ./Drivers/STM32L0xx_HAL_Driver/Src/stm32l0xx_hal_adc.o
 .debug_aranges
                0x0000000000000530       0x90 ./Drivers/STM32L0xx_HAL_Driver/Src/stm32l0xx_hal_cortex.o
 .debug_aranges
                0x00000000000005c0       0x78 ./Drivers/STM32L0xx_HAL_Driver/Src/stm32l0xx_hal_dma.o
 .debug_aranges
                0x0000000000000638       0x78 ./Drivers/STM32L0xx_HAL_Driver/Src/stm32l0xx_hal_flash.o
 .debug_aranges
                0x00000000000006b0       0x98 ./Drivers/STM32L0xx_HAL_Driver/Src/stm32l0xx_hal_flash_ex.o
 .debug_aranges
                0x0000000000000748       0x58 ./Drivers/STM32L0xx_HAL_Driver/Src/stm32l0xx_hal_gpio.o
 .debug_aranges
                0x00000000000007a0      0x240 ./Drivers/STM32L0xx_HAL_Driver/Src/stm32l0xx_hal_i2c.o
 .debug_aranges
                0x00000000000009e0       0x48 ./Drivers/STM32L0xx_HAL_Driver/Src/stm32l0xx_hal_i2c_ex.o
 .debug_aranges
                0x0000000000000a28       0x80 ./Drivers/STM32L0xx_HAL_Driver/Src/stm32l0xx_hal_rcc.o
 .debug_aranges
                0x0000000000000aa8       0x98 ./Drivers/STM32L0xx_HAL_Driver/Src/stm32l0xx_hal_rcc_ex.o
 .debug_aranges
                0x0000000000000b40      0x188 ./Drivers/STM32L0xx_HAL_Driver/Src/stm32l0xx_hal_spi.o
 .debug_aranges
                0x0000000000000cc8      0x270 ./Drivers/STM32L0xx_HAL_Driver/Src/stm32l0xx_hal_tim.o
 .debug_aranges
                0x0000000000000f38       0x28 ./Drivers/STM32L0xx_HAL_Driver/Src/stm32l0xx_hal_tim_ex.o

.debug_ranges   0x0000000000000000     0x1920
 .debug_ranges  0x0000000000000000       0x28 ./Core/Src/DS3231.o
 .debug_ranges  0x0000000000000028       0x40 ./Core/Src/SK6812.o
 .debug_ranges  0x0000000000000068       0x10 ./Core/Src/fonts.o
 .debug_ranges  0x0000000000000078      0x458 ./Core/Src/main.o
 .debug_ranges  0x00000000000004d0      0x110 ./Core/Src/ssd1306.o
 .debug_ranges  0x00000000000005e0       0x18 ./Core/Src/stm32l0xx_EEPROM.o
 .debug_ranges  0x00000000000005f8       0xb0 ./Core/Src/stm32l0xx_hal_msp.o
 .debug_ranges  0x00000000000006a8       0x38 ./Core/Src/stm32l0xx_it.o
 .debug_ranges  0x00000000000006e0       0x10 ./Core/Src/sysmem.o
 .debug_ranges  0x00000000000006f0       0x18 ./Core/Src/system_stm32l0xx.o
 .debug_ranges  0x0000000000000708       0x20 ./Core/Startup/startup_stm32l052k6tx.o
 .debug_ranges  0x0000000000000728       0xf8 ./Drivers/STM32L0xx_HAL_Driver/Src/stm32l0xx_hal.o
 .debug_ranges  0x0000000000000820       0xc8 ./Drivers/STM32L0xx_HAL_Driver/Src/stm32l0xx_hal_adc.o
 .debug_ranges  0x00000000000008e8      0x120 ./Drivers/STM32L0xx_HAL_Driver/Src/stm32l0xx_hal_cortex.o
 .debug_ranges  0x0000000000000a08       0xc8 ./Drivers/STM32L0xx_HAL_Driver/Src/stm32l0xx_hal_dma.o
 .debug_ranges  0x0000000000000ad0       0x68 ./Drivers/STM32L0xx_HAL_Driver/Src/stm32l0xx_hal_flash.o
 .debug_ranges  0x0000000000000b38      0x118 ./Drivers/STM32L0xx_HAL_Driver/Src/stm32l0xx_hal_flash_ex.o
 .debug_ranges  0x0000000000000c50       0x48 ./Drivers/STM32L0xx_HAL_Driver/Src/stm32l0xx_hal_gpio.o
 .debug_ranges  0x0000000000000c98      0x2b0 ./Drivers/STM32L0xx_HAL_Driver/Src/stm32l0xx_hal_i2c.o
 .debug_ranges  0x0000000000000f48       0x38 ./Drivers/STM32L0xx_HAL_Driver/Src/stm32l0xx_hal_i2c_ex.o
 .debug_ranges  0x0000000000000f80       0xb8 ./Drivers/STM32L0xx_HAL_Driver/Src/stm32l0xx_hal_rcc.o
 .debug_ranges  0x0000000000001038       0x88 ./Drivers/STM32L0xx_HAL_Driver/Src/stm32l0xx_hal_rcc_ex.o
 .debug_ranges  0x00000000000010c0      0x238 ./Drivers/STM32L0xx_HAL_Driver/Src/stm32l0xx_hal_spi.o
 .debug_ranges  0x00000000000012f8      0x610 ./Drivers/STM32L0xx_HAL_Driver/Src/stm32l0xx_hal_tim.o
 .debug_ranges  0x0000000000001908       0x18 ./Drivers/STM32L0xx_HAL_Driver/Src/stm32l0xx_hal_tim_ex.o

.debug_macro    0x0000000000000000    0x15ed4
 .debug_macro   0x0000000000000000      0x1f6 ./Core/Src/DS3231.o
 .debug_macro   0x00000000000001f6      0xa54 ./Core/Src/DS3231.o
 .debug_macro   0x0000000000000c4a      0x12b ./Core/Src/DS3231.o
 .debug_macro   0x0000000000000d75       0x2e ./Core/Src/DS3231.o
 .debug_macro   0x0000000000000da3       0x28 ./Core/Src/DS3231.o
 .debug_macro   0x0000000000000dcb       0x22 ./Core/Src/DS3231.o
 .debug_macro   0x0000000000000ded       0x8e ./Core/Src/DS3231.o
 .debug_macro   0x0000000000000e7b       0x51 ./Core/Src/DS3231.o
 .debug_macro   0x0000000000000ecc      0x103 ./Core/Src/DS3231.o
 .debug_macro   0x0000000000000fcf       0x6a ./Core/Src/DS3231.o
 .debug_macro   0x0000000000001039      0x1df ./Core/Src/DS3231.o
 .debug_macro   0x0000000000001218       0x1c ./Core/Src/DS3231.o
 .debug_macro   0x0000000000001234       0x22 ./Core/Src/DS3231.o
 .debug_macro   0x0000000000001256       0xaf ./Core/Src/DS3231.o
 .debug_macro   0x0000000000001305      0x4da ./Core/Src/DS3231.o
 .debug_macro   0x00000000000017df      0x11f ./Core/Src/DS3231.o
 .debug_macro   0x00000000000018fe     0x99d3 ./Core/Src/DS3231.o
 .debug_macro   0x000000000000b2d1       0x66 ./Core/Src/DS3231.o
 .debug_macro   0x000000000000b337     0x355c ./Core/Src/DS3231.o
 .debug_macro   0x000000000000e893      0x174 ./Core/Src/DS3231.o
 .debug_macro   0x000000000000ea07       0x5b ./Core/Src/DS3231.o
 .debug_macro   0x000000000000ea62      0x8d6 ./Core/Src/DS3231.o
 .debug_macro   0x000000000000f338      0x970 ./Core/Src/DS3231.o
 .debug_macro   0x000000000000fca8      0x190 ./Core/Src/DS3231.o
 .debug_macro   0x000000000000fe38      0x13f ./Core/Src/DS3231.o
 .debug_macro   0x000000000000ff77      0x176 ./Core/Src/DS3231.o
 .debug_macro   0x00000000000100ed       0x82 ./Core/Src/DS3231.o
 .debug_macro   0x000000000001016f      0x28e ./Core/Src/DS3231.o
 .debug_macro   0x00000000000103fd      0x1e9 ./Core/Src/DS3231.o
 .debug_macro   0x00000000000105e6      0x4e1 ./Core/Src/DS3231.o
 .debug_macro   0x0000000000010ac7       0x65 ./Core/Src/DS3231.o
 .debug_macro   0x0000000000010b2c      0x129 ./Core/Src/DS3231.o
 .debug_macro   0x0000000000010c55      0x2b4 ./Core/Src/DS3231.o
 .debug_macro   0x0000000000010f09      0x22c ./Core/Src/DS3231.o
 .debug_macro   0x0000000000011135       0x5b ./Core/Src/DS3231.o
 .debug_macro   0x0000000000011190       0xa5 ./Core/Src/DS3231.o
 .debug_macro   0x0000000000011235      0x187 ./Core/Src/DS3231.o
 .debug_macro   0x00000000000113bc       0x16 ./Core/Src/DS3231.o
 .debug_macro   0x00000000000113d2      0x22c ./Core/Src/DS3231.o
 .debug_macro   0x00000000000115fe      0x773 ./Core/Src/DS3231.o
 .debug_macro   0x0000000000011d71       0xcc ./Core/Src/DS3231.o
 .debug_macro   0x0000000000011e3d      0x146 ./Core/Src/DS3231.o
 .debug_macro   0x0000000000011f83       0x40 ./Core/Src/DS3231.o
 .debug_macro   0x0000000000011fc3       0x34 ./Core/Src/DS3231.o
 .debug_macro   0x0000000000011ff7      0x1f1 ./Core/Src/SK6812.o
 .debug_macro   0x00000000000121e8      0x2b0 ./Core/Src/fonts.o
 .debug_macro   0x0000000000012498      0x146 ./Core/Src/fonts.o
 .debug_macro   0x00000000000125de       0x52 ./Core/Src/fonts.o
 .debug_macro   0x0000000000012630       0x18 ./Core/Src/fonts.o
 .debug_macro   0x0000000000012648       0x3c ./Core/Src/fonts.o
 .debug_macro   0x0000000000012684       0x34 ./Core/Src/fonts.o
 .debug_macro   0x00000000000126b8       0x16 ./Core/Src/fonts.o
 .debug_macro   0x00000000000126ce       0x43 ./Core/Src/fonts.o
 .debug_macro   0x0000000000012711       0x34 ./Core/Src/fonts.o
 .debug_macro   0x0000000000012745       0x10 ./Core/Src/fonts.o
 .debug_macro   0x0000000000012755       0x58 ./Core/Src/fonts.o
 .debug_macro   0x00000000000127ad       0x71 ./Core/Src/fonts.o
 .debug_macro   0x000000000001281e       0x1c ./Core/Src/fonts.o
 .debug_macro   0x000000000001283a      0x12a ./Core/Src/fonts.o
 .debug_macro   0x0000000000012964      0x341 ./Core/Src/fonts.o
 .debug_macro   0x0000000000012ca5       0x10 ./Core/Src/fonts.o
 .debug_macro   0x0000000000012cb5       0x35 ./Core/Src/fonts.o
 .debug_macro   0x0000000000012cea       0x20 ./Core/Src/fonts.o
 .debug_macro   0x0000000000012d0a      0x448 ./Core/Src/main.o
 .debug_macro   0x0000000000013152       0x16 ./Core/Src/main.o
 .debug_macro   0x0000000000013168       0x10 ./Core/Src/main.o
 .debug_macro   0x0000000000013178       0x10 ./Core/Src/main.o
 .debug_macro   0x0000000000013188       0x1c ./Core/Src/main.o
 .debug_macro   0x00000000000131a4       0x52 ./Core/Src/main.o
 .debug_macro   0x00000000000131f6       0x22 ./Core/Src/main.o
 .debug_macro   0x0000000000013218       0x10 ./Core/Src/main.o
 .debug_macro   0x0000000000013228       0x52 ./Core/Src/main.o
 .debug_macro   0x000000000001327a       0xd5 ./Core/Src/main.o
 .debug_macro   0x000000000001334f       0x1c ./Core/Src/main.o
 .debug_macro   0x000000000001336b       0x3d ./Core/Src/main.o
 .debug_macro   0x00000000000133a8       0x16 ./Core/Src/main.o
 .debug_macro   0x00000000000133be      0x145 ./Core/Src/main.o
 .debug_macro   0x0000000000013503       0x3a ./Core/Src/main.o
 .debug_macro   0x000000000001353d       0x16 ./Core/Src/main.o
 .debug_macro   0x0000000000013553       0x16 ./Core/Src/main.o
 .debug_macro   0x0000000000013569       0x16 ./Core/Src/main.o
 .debug_macro   0x000000000001357f       0x29 ./Core/Src/main.o
 .debug_macro   0x00000000000135a8       0x1d ./Core/Src/main.o
 .debug_macro   0x00000000000135c5      0x33b ./Core/Src/ssd1306.o
 .debug_macro   0x0000000000013900      0x1e6 ./Core/Src/stm32l0xx_EEPROM.o
 .debug_macro   0x0000000000013ae6      0x1e7 ./Core/Src/stm32l0xx_hal_msp.o
 .debug_macro   0x0000000000013ccd      0x1f1 ./Core/Src/stm32l0xx_it.o
 .debug_macro   0x0000000000013ebe       0xff ./Core/Src/sysmem.o
 .debug_macro   0x0000000000013fbd      0x23b ./Core/Src/sysmem.o
 .debug_macro   0x00000000000141f8      0x1d8 ./Core/Src/system_stm32l0xx.o
 .debug_macro   0x00000000000143d0      0x1fc ./Drivers/STM32L0xx_HAL_Driver/Src/stm32l0xx_hal.o
 .debug_macro   0x00000000000145cc      0x1e7 ./Drivers/STM32L0xx_HAL_Driver/Src/stm32l0xx_hal_adc.o
 .debug_macro   0x00000000000147b3      0x1d8 ./Drivers/STM32L0xx_HAL_Driver/Src/stm32l0xx_hal_cortex.o
 .debug_macro   0x000000000001498b      0x1d8 ./Drivers/STM32L0xx_HAL_Driver/Src/stm32l0xx_hal_dma.o
 .debug_macro   0x0000000000014b63      0x1d9 ./Drivers/STM32L0xx_HAL_Driver/Src/stm32l0xx_hal_flash.o
 .debug_macro   0x0000000000014d3c      0x1d8 ./Drivers/STM32L0xx_HAL_Driver/Src/stm32l0xx_hal_flash_ex.o
 .debug_macro   0x0000000000014f14      0x1df ./Drivers/STM32L0xx_HAL_Driver/Src/stm32l0xx_hal_gpio.o
 .debug_macro   0x00000000000150f3      0x29d ./Drivers/STM32L0xx_HAL_Driver/Src/stm32l0xx_hal_i2c.o
 .debug_macro   0x0000000000015390      0x1d8 ./Drivers/STM32L0xx_HAL_Driver/Src/stm32l0xx_hal_i2c_ex.o
 .debug_macro   0x0000000000015568      0x1fc ./Drivers/STM32L0xx_HAL_Driver/Src/stm32l0xx_hal_rcc.o
 .debug_macro   0x0000000000015764      0x1d8 ./Drivers/STM32L0xx_HAL_Driver/Src/stm32l0xx_hal_rcc_ex.o
 .debug_macro   0x000000000001593c      0x1e7 ./Drivers/STM32L0xx_HAL_Driver/Src/stm32l0xx_hal_spi.o
 .debug_macro   0x0000000000015b23      0x1d9 ./Drivers/STM32L0xx_HAL_Driver/Src/stm32l0xx_hal_tim.o
 .debug_macro   0x0000000000015cfc      0x1d8 ./Drivers/STM32L0xx_HAL_Driver/Src/stm32l0xx_hal_tim_ex.o

.debug_line     0x0000000000000000    0x1d66e
 .debug_line    0x0000000000000000      0x933 ./Core/Src/DS3231.o
 .debug_line    0x0000000000000933      0x846 ./Core/Src/SK6812.o
 .debug_line    0x0000000000001179      0x88d ./Core/Src/fonts.o
 .debug_line    0x0000000000001a06     0x24fe ./Core/Src/main.o
 .debug_line    0x0000000000003f04     0x145a ./Core/Src/ssd1306.o
 .debug_line    0x000000000000535e      0x73e ./Core/Src/stm32l0xx_EEPROM.o
 .debug_line    0x0000000000005a9c      0x975 ./Core/Src/stm32l0xx_hal_msp.o
 .debug_line    0x0000000000006411      0x7b1 ./Core/Src/stm32l0xx_it.o
 .debug_line    0x0000000000006bc2      0x513 ./Core/Src/sysmem.o
 .debug_line    0x00000000000070d5      0x7f5 ./Core/Src/system_stm32l0xx.o
 .debug_line    0x00000000000078ca       0x89 ./Core/Startup/startup_stm32l052k6tx.o
 .debug_line    0x0000000000007953      0xba5 ./Drivers/STM32L0xx_HAL_Driver/Src/stm32l0xx_hal.o
 .debug_line    0x00000000000084f8     0x15a8 ./Drivers/STM32L0xx_HAL_Driver/Src/stm32l0xx_hal_adc.o
 .debug_line    0x0000000000009aa0      0xbb4 ./Drivers/STM32L0xx_HAL_Driver/Src/stm32l0xx_hal_cortex.o
 .debug_line    0x000000000000a654      0xf95 ./Drivers/STM32L0xx_HAL_Driver/Src/stm32l0xx_hal_dma.o
 .debug_line    0x000000000000b5e9      0xccf ./Drivers/STM32L0xx_HAL_Driver/Src/stm32l0xx_hal_flash.o
 .debug_line    0x000000000000c2b8      0xfef ./Drivers/STM32L0xx_HAL_Driver/Src/stm32l0xx_hal_flash_ex.o
 .debug_line    0x000000000000d2a7      0xc1c ./Drivers/STM32L0xx_HAL_Driver/Src/stm32l0xx_hal_gpio.o
 .debug_line    0x000000000000dec3     0x51bd ./Drivers/STM32L0xx_HAL_Driver/Src/stm32l0xx_hal_i2c.o
 .debug_line    0x0000000000013080      0xa4f ./Drivers/STM32L0xx_HAL_Driver/Src/stm32l0xx_hal_i2c_ex.o
 .debug_line    0x0000000000013acf     0x1391 ./Drivers/STM32L0xx_HAL_Driver/Src/stm32l0xx_hal_rcc.o
 .debug_line    0x0000000000014e60     0x100a ./Drivers/STM32L0xx_HAL_Driver/Src/stm32l0xx_hal_rcc_ex.o
 .debug_line    0x0000000000015e6a     0x2b09 ./Drivers/STM32L0xx_HAL_Driver/Src/stm32l0xx_hal_spi.o
 .debug_line    0x0000000000018973     0x4497 ./Drivers/STM32L0xx_HAL_Driver/Src/stm32l0xx_hal_tim.o
 .debug_line    0x000000000001ce0a      0x864 ./Drivers/STM32L0xx_HAL_Driver/Src/stm32l0xx_hal_tim_ex.o

.debug_str      0x0000000000000000    0x80e95
 .debug_str     0x0000000000000000    0x776a3 ./Core/Src/DS3231.o
                                      0x77a30 (size before relaxing)
 .debug_str     0x00000000000776a3      0x243 ./Core/Src/SK6812.o
                                      0x7788e (size before relaxing)
 .debug_str     0x00000000000778e6     0x2ed1 ./Core/Src/fonts.o
                                      0x7a200 (size before relaxing)
 .debug_str     0x000000000007a7b7     0x2219 ./Core/Src/main.o
                                      0x7cd79 (size before relaxing)
 .debug_str     0x000000000007c9d0      0x47e ./Core/Src/ssd1306.o
                                      0x7ace0 (size before relaxing)
 .debug_str     0x000000000007ce4e       0x2b ./Core/Src/stm32l0xx_EEPROM.o
                                      0x77404 (size before relaxing)
 .debug_str     0x000000000007ce79      0x112 ./Core/Src/stm32l0xx_hal_msp.o
                                      0x7834e (size before relaxing)
 .debug_str     0x000000000007cf8b       0xd3 ./Core/Src/stm32l0xx_it.o
                                      0x7796e (size before relaxing)
 .debug_str     0x000000000007d05e      0x4da ./Core/Src/sysmem.o
                                       0x5c9e (size before relaxing)
 .debug_str     0x000000000007d538       0x99 ./Core/Src/system_stm32l0xx.o
                                      0x77447 (size before relaxing)
 .debug_str     0x000000000007d5d1       0x36 ./Core/Startup/startup_stm32l052k6tx.o
                                         0x51 (size before relaxing)
 .debug_str     0x000000000007d607      0x463 ./Drivers/STM32L0xx_HAL_Driver/Src/stm32l0xx_hal.o
                                      0x77b33 (size before relaxing)
 .debug_str     0x000000000007da6a      0x301 ./Drivers/STM32L0xx_HAL_Driver/Src/stm32l0xx_hal_adc.o
                                      0x77b23 (size before relaxing)
 .debug_str     0x000000000007dd6b      0x26d ./Drivers/STM32L0xx_HAL_Driver/Src/stm32l0xx_hal_cortex.o
                                      0x77889 (size before relaxing)
 .debug_str     0x000000000007dfd8      0x21e ./Drivers/STM32L0xx_HAL_Driver/Src/stm32l0xx_hal_dma.o
                                      0x777bb (size before relaxing)
 .debug_str     0x000000000007e1f6      0x246 ./Drivers/STM32L0xx_HAL_Driver/Src/stm32l0xx_hal_flash.o
                                      0x77633 (size before relaxing)
 .debug_str     0x000000000007e43c      0x39e ./Drivers/STM32L0xx_HAL_Driver/Src/stm32l0xx_hal_flash_ex.o
                                      0x77923 (size before relaxing)
 .debug_str     0x000000000007e7da       0xe8 ./Drivers/STM32L0xx_HAL_Driver/Src/stm32l0xx_hal_gpio.o
                                      0x775d9 (size before relaxing)