Archive member included to satisfy reference by file (symbol)

c:/st/stm32cubeide_1.9.0/stm32cubeide/plugins/com.st.stm32cube.ide.mcu.externaltools.gnu-tools-for-stm32.10.3-2021.10.win32_1.0.100.202210260954/tools/bin/../lib/gcc/arm-none-eabi/10.3.1/../../../../arm-none-eabi/lib/thumb/v6-m/nofp\libc_nano.a(lib_a-calloc.o)
                              ./Core/Src/main.o (calloc)
c:/st/stm32cubeide_1.9.0/stm32cubeide/plugins/com.st.stm32cube.ide.mcu.externaltools.gnu-tools-for-stm32.10.3-2021.10.win32_1.0.100.202210260954/tools/bin/../lib/gcc/arm-none-eabi/10.3.1/../../../../arm-none-eabi/lib/thumb/v6-m/nofp\libc_nano.a(lib_a-errno.o)
                              ./Core/Src/syscalls.o (__errno)
c:/st/stm32cubeide_1.9.0/stm32cubeide/plugins/com.st.stm32cube.ide.mcu.externaltools.gnu-tools-for-stm32.10.3-2021.10.win32_1.0.100.202210260954/tools/bin/../lib/gcc/arm-none-eabi/10.3.1/../../../../arm-none-eabi/lib/thumb/v6-m/nofp\libc_nano.a(lib_a-exit.o)
                              c:/st/stm32cubeide_1.9.0/stm32cubeide/plugins/com.st.stm32cube.ide.mcu.externaltools.gnu-tools-for-stm32.10.3-2021.10.win32_1.0.100.202210260954/tools/bin/../lib/gcc/arm-none-eabi/10.3.1/../../../../arm-none-eabi/lib/thumb/v6-m/nofp/crt0.o (exit)
c:/st/stm32cubeide_1.9.0/stm32cubeide/plugins/com.st.stm32cube.ide.mcu.externaltools.gnu-tools-for-stm32.10.3-2021.10.win32_1.0.100.202210260954/tools/bin/../lib/gcc/arm-none-eabi/10.3.1/../../../../arm-none-eabi/lib/thumb/v6-m/nofp\libc_nano.a(lib_a-impure.o)
                              c:/st/stm32cubeide_1.9.0/stm32cubeide/plugins/com.st.stm32cube.ide.mcu.externaltools.gnu-tools-for-stm32.10.3-2021.10.win32_1.0.100.202210260954/tools/bin/../lib/gcc/arm-none-eabi/10.3.1/../../../../arm-none-eabi/lib/thumb/v6-m/nofp\libc_nano.a(lib_a-exit.o) (_global_impure_ptr)
c:/st/stm32cubeide_1.9.0/stm32cubeide/plugins/com.st.stm32cube.ide.mcu.externaltools.gnu-tools-for-stm32.10.3-2021.10.win32_1.0.100.202210260954/tools/bin/../lib/gcc/arm-none-eabi/10.3.1/../../../../arm-none-eabi/lib/thumb/v6-m/nofp\libc_nano.a(lib_a-init.o)
                              c:/st/stm32cubeide_1.9.0/stm32cubeide/plugins/com.st.stm32cube.ide.mcu.externaltools.gnu-tools-for-stm32.10.3-2021.10.win32_1.0.100.202210260954/tools/bin/../lib/gcc/arm-none-eabi/10.3.1/../../../../arm-none-eabi/lib/thumb/v6-m/nofp/crt0.o (__libc_init_array)
c:/st/stm32cubeide_1.9.0/stm32cubeide/plugins/com.st.stm32cube.ide.mcu.externaltools.gnu-tools-for-stm32.10.3-2021.10.win32_1.0.100.202210260954/tools/bin/../lib/gcc/arm-none-eabi/10.3.1/../../../../arm-none-eabi/lib/thumb/v6-m/nofp\libc_nano.a(lib_a-malloc.o)
                              ./Core/Src/main.o (free)
c:/st/stm32cubeide_1.9.0/stm32cubeide/plugins/com.st.stm32cube.ide.mcu.externaltools.gnu-tools-for-stm32.10.3-2021.10.win32_1.0.100.202210260954/tools/bin/../lib/gcc/arm-none-eabi/10.3.1/../../../../arm-none-eabi/lib/thumb/v6-m/nofp\libc_nano.a(lib_a-memcpy-stub.o)
                              ./Core/Src/main.o (memcpy)
c:/st/stm32cubeide_1.9.0/stm32cubeide/plugins/com.st.stm32cube.ide.mcu.externaltools.gnu-tools-for-stm32.10.3-2021.10.win32_1.0.100.202210260954/tools/bin/../lib/gcc/arm-none-eabi/10.3.1/../../../../arm-none-eabi/lib/thumb/v6-m/nofp\libc_nano.a(lib_a-memmove.o)
                              ./Core/Src/main.o (memmove)
c:/st/stm32cubeide_1.9.0/stm32cubeide/plugins/com.st.stm32cube.ide.mcu.externaltools.gnu-tools-for-stm32.10.3-2021.10.win32_1.0.100.202210260954/tools/bin/../lib/gcc/arm-none-eabi/10.3.1/../../../../arm-none-eabi/lib/thumb/v6-m/nofp\libc_nano.a(lib_a-memset.o)
                              c:/st/stm32cubeide_1.9.0/stm32cubeide/plugins/com.st.stm32cube.ide.mcu.externaltools.gnu-tools-for-stm32.10.3-2021.10.win32_1.0.100.202210260954/tools/bin/../lib/gcc/arm-none-eabi/10.3.1/../../../../arm-none-eabi/lib/thumb/v6-m/nofp/crt0.o (memset)
c:/st/stm32cubeide_1.9.0/stm32cubeide/plugins/com.st.stm32cube.ide.mcu.externaltools.gnu-tools-for-stm32.10.3-2021.10.win32_1.0.100.202210260954/tools/bin/../lib/gcc/arm-none-eabi/10.3.1/../../../../arm-none-eabi/lib/thumb/v6-m/nofp\libc_nano.a(lib_a-nano-callocr.o)
                              c:/st/stm32cubeide_1.9.0/stm32cubeide/plugins/com.st.stm32cube.ide.mcu.externaltools.gnu-tools-for-stm32.10.3-2021.10.win32_1.0.100.202210260954/tools/bin/../lib/gcc/arm-none-eabi/10.3.1/../../../../arm-none-eabi/lib/thumb/v6-m/nofp\libc_nano.a(lib_a-calloc.o) (_calloc_r)
c:/st/stm32cubeide_1.9.0/stm32cubeide/plugins/com.st.stm32cube.ide.mcu.externaltools.gnu-tools-for-stm32.10.3-2021.10.win32_1.0.100.202210260954/tools/bin/../lib/gcc/arm-none-eabi/10.3.1/../../../../arm-none-eabi/lib/thumb/v6-m/nofp\libc_nano.a(lib_a-nano-freer.o)
                              c:/st/stm32cubeide_1.9.0/stm32cubeide/plugins/com.st.stm32cube.ide.mcu.externaltools.gnu-tools-for-stm32.10.3-2021.10.win32_1.0.100.202210260954/tools/bin/../lib/gcc/arm-none-eabi/10.3.1/../../../../arm-none-eabi/lib/thumb/v6-m/nofp\libc_nano.a(lib_a-malloc.o) (_free_r)
[...]
Memory Configuration

Name             Origin             Length             Attributes
RAM              0x0000000020000000 0x0000000000002000 xrw
FLASH            0x0000000008000000 0x0000000000008000 xr
*default*        0x0000000000000000 0xffffffffffffffff

Linker script and memory map

LOAD c:/st/stm32cubeide_1.9.0/stm32cubeide/plugins/com.st.stm32cube.ide.mcu.externaltools.gnu-tools-for-stm32.10.3-2021.10.win32_1.0.100.202210260954/tools/bin/../lib/gcc/arm-none-eabi/10.3.1/thumb/v6-m/nofp/crti.o
LOAD c:/st/stm32cubeide_1.9.0/stm32cubeide/plugins/com.st.stm32cube.ide.mcu.externaltools.gnu-tools-for-stm32.10.3-2021.10.win32_1.0.100.202210260954/tools/bin/../lib/gcc/arm-none-eabi/10.3.1/thumb/v6-m/nofp/crtbegin.o
LOAD c:/st/stm32cubeide_1.9.0/stm32cubeide/plugins/com.st.stm32cube.ide.mcu.externaltools.gnu-tools-for-stm32.10.3-2021.10.win32_1.0.100.202210260954/tools/bin/../lib/gcc/arm-none-eabi/10.3.1/../../../../arm-none-eabi/lib/thumb/v6-m/nofp/crt0.o
LOAD ./Core/Src/DS3231.o
LOAD ./Core/Src/SK6812.o
LOAD ./Core/Src/fonts.o
LOAD ./Core/Src/main.o
LOAD ./Core/Src/ssd1306.o
LOAD ./Core/Src/stm32l0xx_EEPROM.o
LOAD ./Core/Src/stm32l0xx_hal_msp.o
LOAD ./Core/Src/stm32l0xx_it.o
LOAD ./Core/Src/syscalls.o
LOAD ./Core/Src/sysmem.o
LOAD ./Core/Src/system_stm32l0xx.o
LOAD ./Core/Startup/startup_stm32l052k6tx.o
LOAD ./Drivers/STM32L0xx_HAL_Driver/Src/stm32l0xx_hal.o
LOAD ./Drivers/STM32L0xx_HAL_Driver/Src/stm32l0xx_hal_adc.o
LOAD ./Drivers/STM32L0xx_HAL_Driver/Src/stm32l0xx_hal_adc_ex.o
LOAD ./Drivers/STM32L0xx_HAL_Driver/Src/stm32l0xx_hal_cortex.o
LOAD ./Drivers/STM32L0xx_HAL_Driver/Src/stm32l0xx_hal_dma.o
LOAD ./Drivers/STM32L0xx_HAL_Driver/Src/stm32l0xx_hal_exti.o
LOAD ./Drivers/STM32L0xx_HAL_Driver/Src/stm32l0xx_hal_flash.o
LOAD ./Drivers/STM32L0xx_HAL_Driver/Src/stm32l0xx_hal_flash_ex.o
LOAD ./Drivers/STM32L0xx_HAL_Driver/Src/stm32l0xx_hal_flash_ramfunc.o
LOAD ./Drivers/STM32L0xx_HAL_Driver/Src/stm32l0xx_hal_gpio.o
LOAD ./Drivers/STM32L0xx_HAL_Driver/Src/stm32l0xx_hal_i2c.o
LOAD ./Drivers/STM32L0xx_HAL_Driver/Src/stm32l0xx_hal_i2c_ex.o
LOAD ./Drivers/STM32L0xx_HAL_Driver/Src/stm32l0xx_hal_pwr.o
LOAD ./Drivers/STM32L0xx_HAL_Driver/Src/stm32l0xx_hal_pwr_ex.o
LOAD ./Drivers/STM32L0xx_HAL_Driver/Src/stm32l0xx_hal_rcc.o
LOAD ./Drivers/STM32L0xx_HAL_Driver/Src/stm32l0xx_hal_rcc_ex.o
LOAD ./Drivers/STM32L0xx_HAL_Driver/Src/stm32l0xx_hal_spi.o
LOAD ./Drivers/STM32L0xx_HAL_Driver/Src/stm32l0xx_hal_tim.o
LOAD ./Drivers/STM32L0xx_HAL_Driver/Src/stm32l0xx_hal_tim_ex.o
START GROUP
LOAD c:/st/stm32cubeide_1.9.0/stm32cubeide/plugins/com.st.stm32cube.ide.mcu.externaltools.gnu-tools-for-stm32.10.3-2021.10.win32_1.0.100.202210260954/tools/bin/../lib/gcc/arm-none-eabi/10.3.1/../../../../arm-none-eabi/lib/thumb/v6-m/nofp\libc_nano.a
LOAD c:/st/stm32cubeide_1.9.0/stm32cubeide/plugins/com.st.stm32cube.ide.mcu.externaltools.gnu-tools-for-stm32.10.3-2021.10.win32_1.0.100.202210260954/tools/bin/../lib/gcc/arm-none-eabi/10.3.1/../../../../arm-none-eabi/lib/thumb/v6-m/nofp\libm.a
END GROUP
START GROUP
LOAD c:/st/stm32cubeide_1.9.0/stm32cubeide/plugins/com.st.stm32cube.ide.mcu.externaltools.gnu-tools-for-stm32.10.3-2021.10.win32_1.0.100.202210260954/tools/bin/../lib/gcc/arm-none-eabi/10.3.1/thumb/v6-m/nofp\libgcc.a
LOAD c:/st/stm32cubeide_1.9.0/stm32cubeide/plugins/com.st.stm32cube.ide.mcu.externaltools.gnu-tools-for-stm32.10.3-2021.10.win32_1.0.100.202210260954/tools/bin/../lib/gcc/arm-none-eabi/10.3.1/../../../../arm-none-eabi/lib/thumb/v6-m/nofp\libc_nano.a
END GROUP
START GROUP
LOAD c:/st/stm32cubeide_1.9.0/stm32cubeide/plugins/com.st.stm32cube.ide.mcu.externaltools.gnu-tools-for-stm32.10.3-2021.10.win32_1.0.100.202210260954/tools/bin/../lib/gcc/arm-none-eabi/10.3.1/thumb/v6-m/nofp\libgcc.a
LOAD c:/st/stm32cubeide_1.9.0/stm32cubeide/plugins/com.st.stm32cube.ide.mcu.externaltools.gnu-tools-for-stm32.10.3-2021.10.win32_1.0.100.202210260954/tools/bin/../lib/gcc/arm-none-eabi/10.3.1/../../../../arm-none-eabi/lib/thumb/v6-m/nofp\libc_nano.a
LOAD c:/st/stm32cubeide_1.9.0/stm32cubeide/plugins/com.st.stm32cube.ide.mcu.externaltools.gnu-tools-for-stm32.10.3-2021.10.win32_1.0.100.202210260954/tools/bin/../lib/gcc/arm-none-eabi/10.3.1/../../../../arm-none-eabi/lib/thumb/v6-m/nofp\libnosys.a
END GROUP
START GROUP
LOAD c:/st/stm32cubeide_1.9.0/stm32cubeide/plugins/com.st.stm32cube.ide.mcu.externaltools.gnu-tools-for-stm32.10.3-2021.10.win32_1.0.100.202210260954/tools/bin/../lib/gcc/arm-none-eabi/10.3.1/thumb/v6-m/nofp\libgcc.a
LOAD c:/st/stm32cubeide_1.9.0/stm32cubeide/plugins/com.st.stm32cube.ide.mcu.externaltools.gnu-tools-for-stm32.10.3-2021.10.win32_1.0.100.202210260954/tools/bin/../lib/gcc/arm-none-eabi/10.3.1/../../../../arm-none-eabi/lib/thumb/v6-m/nofp\libc_nano.a
LOAD c:/st/stm32cubeide_1.9.0/stm32cubeide/plugins/com.st.stm32cube.ide.mcu.externaltools.gnu-tools-for-stm32.10.3-2021.10.win32_1.0.100.202210260954/tools/bin/../lib/gcc/arm-none-eabi/10.3.1/../../../../arm-none-eabi/lib/thumb/v6-m/nofp\libnosys.a
END GROUP
LOAD c:/st/stm32cubeide_1.9.0/stm32cubeide/plugins/com.st.stm32cube.ide.mcu.externaltools.gnu-tools-for-stm32.10.3-2021.10.win32_1.0.100.202210260954/tools/bin/../lib/gcc/arm-none-eabi/10.3.1/thumb/v6-m/nofp/crtend.o
LOAD c:/st/stm32cubeide_1.9.0/stm32cubeide/plugins/com.st.stm32cube.ide.mcu.externaltools.gnu-tools-for-stm32.10.3-2021.10.win32_1.0.100.202210260954/tools/bin/../lib/gcc/arm-none-eabi/10.3.1/thumb/v6-m/nofp/crtn.o
                0x0000000020002000                _estack = (ORIGIN (RAM) + LENGTH (RAM))
                0x0000000000000200                _Min_Heap_Size = 0x200
                0x0000000000000400                _Min_Stack_Size = 0x400

.isr_vector     0x0000000008000000       0xc0
                0x0000000008000000                . = ALIGN (0x4)
 *(.isr_vector)
 .isr_vector    0x0000000008000000       0xc0 ./Core/Startup/startup_stm32l052k6tx.o
                0x0000000008000000                g_pfnVectors
                0x00000000080000c0                . = ALIGN (0x4)

.text           0x00000000080000c0     0x5f08
                0x00000000080000c0                . = ALIGN (0x4)
 *(.text)
 .text          0x00000000080000c0       0x48 c:/st/stm32cubeide_1.9.0/stm32cubeide/plugins/com.st.stm32cube.ide.mcu.externaltools.gnu-tools-for-stm32.10.3-2021.10.win32_1.0.100.202210260954/tools/bin/../lib/gcc/arm-none-eabi/10.3.1/thumb/v6-m/nofp/crtbegin.o
 .text          0x0000000008000108       0x14 c:/st/stm32cubeide_1.9.0/stm32cubeide/plugins/com.st.stm32cube.ide.mcu.externaltools.gnu-tools-for-stm32.10.3-2021.10.win32_1.0.100.202210260954/tools/bin/../lib/gcc/arm-none-eabi/10.3.1/../../../../arm-none-eabi/lib/thumb/v6-m/nofp\libc_nano.a(lib_a-strcmp.o)
                0x0000000008000108                strcmp
 .text          0x000000000800011c       0x14 c:/st/stm32cubeide_1.9.0/stm32cubeide/plugins/com.st.stm32cube.ide.mcu.externaltools.gnu-tools-for-stm32.10.3-2021.10.win32_1.0.100.202210260954/tools/bin/../lib/gcc/arm-none-eabi/10.3.1/thumb/v6-m/nofp\libgcc.a(_thumb1_case_uqi.o)
                0x000000000800011c                __gnu_thumb1_case_uqi
 .text          0x0000000008000130       0x14 c:/st/stm32cubeide_1.9.0/stm32cubeide/plugins/com.st.stm32cube.ide.mcu.externaltools.gnu-tools-for-stm32.10.3-2021.10.win32_1.0.100.202210260954/tools/bin/../lib/gcc/arm-none-eabi/10.3.1/thumb/v6-m/nofp\libgcc.a(_thumb1_case_shi.o)
                0x0000000008000130                __gnu_thumb1_case_shi
 .text          0x0000000008000144      0x114 c:/st/stm32cubeide_1.9.0/stm32cubeide/plugins/com.st.stm32cube.ide.mcu.externaltools.gnu-tools-for-stm32.10.3-2021.10.win32_1.0.100.202210260954/tools/bin/../lib/gcc/arm-none-eabi/10.3.1/thumb/v6-m/nofp\libgcc.a(_udivsi3.o)
                0x0000000008000144                __aeabi_uidiv
                0x0000000008000144                __udivsi3
                0x0000000008000250                __aeabi_uidivmod
 .text          0x0000000008000258        0x4 c:/st/stm32cubeide_1.9.0/stm32cubeide/plugins/com.st.stm32cube.ide.mcu.externaltools.gnu-tools-for-stm32.10.3-2021.10.win32_1.0.100.202210260954/tools/bin/../lib/gcc/arm-none-eabi/10.3.1/thumb/v6-m/nofp\libgcc.a(_dvmd_tls.o)
                0x0000000008000258                __aeabi_idiv0
                0x0000000008000258                __aeabi_ldiv0
 .text          0x000000000800025c       0x40 c:/st/stm32cubeide_1.9.0/stm32cubeide/plugins/com.st.stm32cube.ide.mcu.externaltools.gnu-tools-for-stm32.10.3-2021.10.win32_1.0.100.202210260954/tools/bin/../lib/gcc/arm-none-eabi/10.3.1/thumb/v6-m/nofp\libgcc.a(_aeabi_uldivmod.o)
                0x000000000800025c                __aeabi_uldivmod
 .text          0x000000000800029c       0x5c c:/st/stm32cubeide_1.9.0/stm32cubeide/plugins/com.st.stm32cube.ide.mcu.externaltools.gnu-tools-for-stm32.10.3-2021.10.win32_1.0.100.202210260954/tools/bin/../lib/gcc/arm-none-eabi/10.3.1/thumb/v6-m/nofp\libgcc.a(_muldi3.o)
                0x000000000800029c                __muldi3
                0x000000000800029c                __aeabi_lmul
 .text          0x00000000080002f8      0x198 c:/st/stm32cubeide_1.9.0/stm32cubeide/plugins/com.st.stm32cube.ide.mcu.externaltools.gnu-tools-for-stm32.10.3-2021.10.win32_1.0.100.202210260954/tools/bin/../lib/gcc/arm-none-eabi/10.3.1/thumb/v6-m/nofp\libgcc.a(_udivmoddi4.o)
                0x00000000080002f8                __udivmoddi4
 .text          0x0000000008000490       0x18 c:/st/stm32cubeide_1.9.0/stm32cubeide/plugins/com.st.stm32cube.ide.mcu.externaltools.gnu-tools-for-stm32.10.3-2021.10.win32_1.0.100.202210260954/tools/bin/../lib/gcc/arm-none-eabi/10.3.1/thumb/v6-m/nofp\libgcc.a(_clzdi2.o)
                0x0000000008000490                __clzdi2
 .text          0x00000000080004a8       0x3c c:/st/stm32cubeide_1.9.0/stm32cubeide/plugins/com.st.stm32cube.ide.mcu.externaltools.gnu-tools-for-stm32.10.3-2021.10.win32_1.0.100.202210260954/tools/bin/../lib/gcc/arm-none-eabi/10.3.1/thumb/v6-m/nofp\libgcc.a(_clzsi2.o)
                0x00000000080004a8                __clzsi2
 *(.text*)
 .text.DS3231_set_time
                0x00000000080004e4       0x70 ./Core/Src/DS3231.o
                0x00000000080004e4                DS3231_set_time
 .text.DS3231_get_time
                0x0000000008000554       0xbc ./Core/Src/DS3231.o
                0x0000000008000554                DS3231_get_time
 .text.DS3231_set_date
                0x0000000008000610       0x70 ./Core/Src/DS3231.o
                0x0000000008000610                DS3231_set_date
 .text.DS3231_get_date
                0x0000000008000680       0xb8 ./Core/Src/DS3231.o
                0x0000000008000680                DS3231_get_date
 .text.led_color
                0x0000000008000738       0x18 ./Core/Src/SK6812.o
                0x0000000008000738                led_color
 .text.led_update
                0x0000000008000750       0x54 ./Core/Src/SK6812.o
                0x0000000008000750                led_update
 .text.led_clear
                0x00000000080007a4       0x14 ./Core/Src/SK6812.o
                0x00000000080007a4                led_clear
 .text.led_cmp  0x00000000080007b8       0x30 ./Core/Src/SK6812.o
                0x00000000080007b8                led_cmp
 .text.SSD1306_PutsXY
                0x00000000080007e8       0x20 ./Core/Src/main.o
                0x00000000080007e8                SSD1306_PutsXY
 .text.basicScreen
                0x0000000008000808       0x1a ./Core/Src/main.o
                0x0000000008000808                basicScreen
 *fill*         0x0000000008000822        0x2 
 .text.swS      0x0000000008000824       0x1c ./Core/Src/main.o
                0x0000000008000824                swS
 .text.HAL_TIM_PeriodElapsedCallback
                0x0000000008000840       0xe0 ./Core/Src/main.o
                0x0000000008000840                HAL_TIM_PeriodElapsedCallback
 .text.logShift
                0x0000000008000920       0x24 ./Core/Src/main.o
                0x0000000008000920                logShift
 .text.textIn   0x0000000008000944      0x2a0 ./Core/Src/main.o
                0x0000000008000944                textIn
 .text.timeSet  0x0000000008000be4      0x260 ./Core/Src/main.o
                0x0000000008000be4                timeSet
 .text.mainM    0x0000000008000e44      0x238 ./Core/Src/main.o
                0x0000000008000e44                mainM
 .text.partS    0x000000000800107c      0x5e8 ./Core/Src/main.o
                0x000000000800107c                partS
 .text.pUseM    0x0000000008001664      0x27c ./Core/Src/main.o
                0x0000000008001664                pUseM
 .text.use      0x00000000080018e0      0x1bc ./Core/Src/main.o
                0x00000000080018e0                use
 .text.refill   0x0000000008001a9c      0x200 ./Core/Src/main.o
                0x0000000008001a9c                refill
 .text.pFind    0x0000000008001c9c      0x138 ./Core/Src/main.o
                0x0000000008001c9c                pFind
 .text.findR    0x0000000008001dd4      0x2ac ./Core/Src/main.o
                0x0000000008001dd4                findR
 .text.partition
                0x0000000008002080      0x64c ./Core/Src/main.o
                0x0000000008002080                partition
 .text.logM     0x00000000080026cc      0x178 ./Core/Src/main.o
                0x00000000080026cc                logM
 .text.logD     0x0000000008002844      0x10c ./Core/Src/main.o
                0x0000000008002844                logD
 .text.SystemClock_Config
                0x0000000008002950       0x98 ./Core/Src/main.o
                0x0000000008002950                SystemClock_Config
 .text.startup.main
                0x00000000080029e8      0x3a0 ./Core/Src/main.o
                0x00000000080029e8                main
 .text.Error_Handler
                0x0000000008002d88        0x4 ./Core/Src/main.o
                0x0000000008002d88                Error_Handler
 .text.SSD1306_Fill
                0x0000000008002d8c       0x1c ./Core/Src/ssd1306.o
                0x0000000008002d8c                SSD1306_Fill
 .text.SSD1306_DrawPixel
                0x0000000008002da8       0x50 ./Core/Src/ssd1306.o
                0x0000000008002da8                SSD1306_DrawPixel
 .text.SSD1306_GotoXY
                0x0000000008002df8        0xc ./Core/Src/ssd1306.o
                0x0000000008002df8                SSD1306_GotoXY
 .text.SSD1306_Putc
                0x0000000008002e04       0x6c ./Core/Src/ssd1306.o
                0x0000000008002e04                SSD1306_Putc
 .text.SSD1306_Puts
                0x0000000008002e70       0x24 ./Core/Src/ssd1306.o
                0x0000000008002e70                SSD1306_Puts
 .text.SSD1306_DrawLine
                0x0000000008002e94      0x136 ./Core/Src/ssd1306.o
                0x0000000008002e94                SSD1306_DrawLine
 .text.SSD1306_DrawFilledRectangle
                0x0000000008002fca       0x5e ./Core/Src/ssd1306.o
                0x0000000008002fca                SSD1306_DrawFilledRectangle
 .text.ssd1306_I2C_WriteMulti
                0x0000000008003028       0x34 ./Core/Src/ssd1306.o
                0x0000000008003028                ssd1306_I2C_WriteMulti
 .text.ssd1306_I2C_Write
                0x000000000800305c       0x20 ./Core/Src/ssd1306.o
                0x000000000800305c                ssd1306_I2C_Write
 .text.SSD1306_UpdateScreen
                0x000000000800307c       0x44 ./Core/Src/ssd1306.o
                0x000000000800307c                SSD1306_UpdateScreen
 .text.SSD1306_Clear
                0x00000000080030c0        0xe ./Core/Src/ssd1306.o
                0x00000000080030c0                SSD1306_Clear
 *fill*         0x00000000080030ce        0x2 
 .text.SSD1306_Init
                0x00000000080030d0      0x15c ./Core/Src/ssd1306.o
                0x00000000080030d0                SSD1306_Init
 .text.eepWriteData
                0x000000000800322c       0x20 ./Core/Src/stm32l0xx_EEPROM.o
                0x000000000800322c                eepWriteData
 .text.eepReadData
                0x000000000800324c       0x10 ./Core/Src/stm32l0xx_EEPROM.o
                0x000000000800324c                eepReadData
 .text.HAL_MspInit
                0x000000000800325c       0x1c ./Core/Src/stm32l0xx_hal_msp.o
                0x000000000800325c                HAL_MspInit
 .text.HAL_ADC_MspInit
                0x0000000008003278       0x50 ./Core/Src/stm32l0xx_hal_msp.o
                0x0000000008003278                HAL_ADC_MspInit
 .text.HAL_I2C_MspInit
                0x00000000080032c8       0x5c ./Core/Src/stm32l0xx_hal_msp.o
                0x00000000080032c8                HAL_I2C_MspInit
 .text.HAL_SPI_MspInit
                0x0000000008003324       0x8c ./Core/Src/stm32l0xx_hal_msp.o
                0x0000000008003324                HAL_SPI_MspInit
 .text.HAL_TIM_Base_MspInit
                0x00000000080033b0       0x1c ./Core/Src/stm32l0xx_hal_msp.o
                0x00000000080033b0                HAL_TIM_Base_MspInit
 .text.NMI_Handler
                0x00000000080033cc        0x2 ./Core/Src/stm32l0xx_it.o
                0x00000000080033cc                NMI_Handler
 .text.HardFault_Handler
                0x00000000080033ce        0x2 ./Core/Src/stm32l0xx_it.o
                0x00000000080033ce                HardFault_Handler
 .text.SVC_Handler
                0x00000000080033d0        0x2 ./Core/Src/stm32l0xx_it.o
                0x00000000080033d0                SVC_Handler
 .text.PendSV_Handler
                0x00000000080033d2        0x2 ./Core/Src/stm32l0xx_it.o
                0x00000000080033d2                PendSV_Handler
 .text.SysTick_Handler
                0x00000000080033d4        0x8 ./Core/Src/stm32l0xx_it.o
                0x00000000080033d4                SysTick_Handler
 .text.DMA1_Channel2_3_IRQHandler
                0x00000000080033dc       0x10 ./Core/Src/stm32l0xx_it.o
                0x00000000080033dc                DMA1_Channel2_3_IRQHandler
 .text.TIM2_IRQHandler
                0x00000000080033ec       0x10 ./Core/Src/stm32l0xx_it.o
                0x00000000080033ec                TIM2_IRQHandler
 .text._sbrk    0x00000000080033fc       0x40 ./Core/Src/sysmem.o
                0x00000000080033fc                _sbrk
 .text.SystemInit
                0x000000000800343c        0x2 ./Core/Src/system_stm32l0xx.o
                0x000000000800343c                SystemInit
 *fill*         0x000000000800343e        0x2 
 .text.Reset_Handler
                0x0000000008003440       0x50 ./Core/Startup/startup_stm32l052k6tx.o
                0x0000000008003440                Reset_Handler
 .text.Default_Handler
                0x0000000008003490        0x2 ./Core/Startup/startup_stm32l052k6tx.o
                0x0000000008003490                TSC_IRQHandler
                0x0000000008003490                ADC1_COMP_IRQHandler
                0x0000000008003490                PVD_IRQHandler
                0x0000000008003490                I2C1_IRQHandler
                0x0000000008003490                RCC_CRS_IRQHandler
                0x0000000008003490                SPI1_IRQHandler
                0x0000000008003490                TIM6_DAC_IRQHandler
                0x0000000008003490                EXTI2_3_IRQHandler
                0x0000000008003490                I2C2_IRQHandler
                0x0000000008003490                RTC_IRQHandler
                0x0000000008003490                DMA1_Channel4_5_6_7_IRQHandler
                0x0000000008003490                EXTI4_15_IRQHandler
                0x0000000008003490                DMA1_Channel1_IRQHandler
                0x0000000008003490                Default_Handler
                0x0000000008003490                TIM22_IRQHandler
                0x0000000008003490                EXTI0_1_IRQHandler
                0x0000000008003490                USB_IRQHandler
                0x0000000008003490                SPI2_IRQHandler
                0x0000000008003490                TIM21_IRQHandler
                0x0000000008003490                WWDG_IRQHandler
                0x0000000008003490                USART2_IRQHandler
                0x0000000008003490                FLASH_IRQHandler
                0x0000000008003490                USART1_IRQHandler
                0x0000000008003490                RNG_LPUART1_IRQHandler
                0x0000000008003490                LPTIM1_IRQHandler
 *fill*         0x0000000008003492        0x2 
 .text.HAL_InitTick
                0x0000000008003494       0x48 ./Drivers/STM32L0xx_HAL_Driver/Src/stm32l0xx_hal.o
                0x0000000008003494                HAL_InitTick
 .text.HAL_Init
                0x00000000080034dc       0x28 ./Drivers/STM32L0xx_HAL_Driver/Src/stm32l0xx_hal.o
                0x00000000080034dc                HAL_Init
 .text.HAL_IncTick
                0x0000000008003504       0x18 ./Drivers/STM32L0xx_HAL_Driver/Src/stm32l0xx_hal.o
                0x0000000008003504                HAL_IncTick
 .text.HAL_GetTick
                0x000000000800351c        0xc ./Drivers/STM32L0xx_HAL_Driver/Src/stm32l0xx_hal.o
                0x000000000800351c                HAL_GetTick
 .text.HAL_Delay
                0x0000000008003528       0x24 ./Drivers/STM32L0xx_HAL_Driver/Src/stm32l0xx_hal.o
                0x0000000008003528                HAL_Delay
 .text.ADC_DelayMicroSecond
                0x000000000800354c       0x2c ./Drivers/STM32L0xx_HAL_Driver/Src/stm32l0xx_hal_adc.o
 .text.ADC_Enable
                0x0000000008003578       0x78 ./Drivers/STM32L0xx_HAL_Driver/Src/stm32l0xx_hal_adc.o
 .text.HAL_ADC_Init
                0x00000000080035f0      0x1b4 ./Drivers/STM32L0xx_HAL_Driver/Src/stm32l0xx_hal_adc.o
                0x00000000080035f0                HAL_ADC_Init
 .text.HAL_ADC_Start
                0x00000000080037a4       0x58 ./Drivers/STM32L0xx_HAL_Driver/Src/stm32l0xx_hal_adc.o
                0x00000000080037a4                HAL_ADC_Start
 .text.HAL_ADC_PollForConversion
                0x00000000080037fc       0xc8 ./Drivers/STM32L0xx_HAL_Driver/Src/stm32l0xx_hal_adc.o
                0x00000000080037fc                HAL_ADC_PollForConversion
 .text.HAL_ADC_GetValue
                0x00000000080038c4        0x6 ./Drivers/STM32L0xx_HAL_Driver/Src/stm32l0xx_hal_adc.o
                0x00000000080038c4                HAL_ADC_GetValue
 *fill*         0x00000000080038ca        0x2 
 .text.HAL_ADC_ConfigChannel
                0x00000000080038cc       0xa8 ./Drivers/STM32L0xx_HAL_Driver/Src/stm32l0xx_hal_adc.o
                0x00000000080038cc                HAL_ADC_ConfigChannel
 .text.HAL_NVIC_SetPriority
                0x0000000008003974       0x54 ./Drivers/STM32L0xx_HAL_Driver/Src/stm32l0xx_hal_cortex.o
                0x0000000008003974                HAL_NVIC_SetPriority
 .text.HAL_NVIC_EnableIRQ
                0x00000000080039c8       0x18 ./Drivers/STM32L0xx_HAL_Driver/Src/stm32l0xx_hal_cortex.o
                0x00000000080039c8                HAL_NVIC_EnableIRQ
 .text.HAL_SYSTICK_Config
                0x00000000080039e0       0x34 ./Drivers/STM32L0xx_HAL_Driver/Src/stm32l0xx_hal_cortex.o
                0x00000000080039e0                HAL_SYSTICK_Config
 .text.HAL_DMA_Init
                0x0000000008003a14       0x88 ./Drivers/STM32L0xx_HAL_Driver/Src/stm32l0xx_hal_dma.o
                0x0000000008003a14                HAL_DMA_Init
 .text.HAL_DMA_Start_IT
                0x0000000008003a9c       0x80 ./Drivers/STM32L0xx_HAL_Driver/Src/stm32l0xx_hal_dma.o
                0x0000000008003a9c                HAL_DMA_Start_IT
 .text.HAL_DMA_IRQHandler
                0x0000000008003b1c       0x96 ./Drivers/STM32L0xx_HAL_Driver/Src/stm32l0xx_hal_dma.o
                0x0000000008003b1c                HAL_DMA_IRQHandler
 *fill*         0x0000000008003bb2        0x2 
 .text.FLASH_SetErrorCode
                0x0000000008003bb4       0xac ./Drivers/STM32L0xx_HAL_Driver/Src/stm32l0xx_hal_flash.o
 .text.FLASH_WaitForLastOperation
                0x0000000008003c60       0x74 ./Drivers/STM32L0xx_HAL_Driver/Src/stm32l0xx_hal_flash.o
                0x0000000008003c60                FLASH_WaitForLastOperation
 .text.HAL_FLASHEx_DATAEEPROM_Unlock
                0x0000000008003cd4       0x30 ./Drivers/STM32L0xx_HAL_Driver/Src/stm32l0xx_hal_flash_ex.o
                0x0000000008003cd4                HAL_FLASHEx_DATAEEPROM_Unlock
 .text.HAL_FLASHEx_DATAEEPROM_Lock
                0x0000000008003d04       0x14 ./Drivers/STM32L0xx_HAL_Driver/Src/stm32l0xx_hal_flash_ex.o
                0x0000000008003d04                HAL_FLASHEx_DATAEEPROM_Lock
 .text.HAL_FLASHEx_DATAEEPROM_Program
                0x0000000008003d18       0x54 ./Drivers/STM32L0xx_HAL_Driver/Src/stm32l0xx_hal_flash_ex.o
                0x0000000008003d18                HAL_FLASHEx_DATAEEPROM_Program
 .text.HAL_GPIO_Init
                0x0000000008003d6c      0x180 ./Drivers/STM32L0xx_HAL_Driver/Src/stm32l0xx_hal_gpio.o
                0x0000000008003d6c                HAL_GPIO_Init
 .text.HAL_GPIO_ReadPin
                0x0000000008003eec        0xc ./Drivers/STM32L0xx_HAL_Driver/Src/stm32l0xx_hal_gpio.o
                0x0000000008003eec                HAL_GPIO_ReadPin
 .text.HAL_GPIO_WritePin
                0x0000000008003ef8        0xc ./Drivers/STM32L0xx_HAL_Driver/Src/stm32l0xx_hal_gpio.o
                0x0000000008003ef8                HAL_GPIO_WritePin
 .text.I2C_Flush_TXDR
                0x0000000008003f04       0x1c ./Drivers/STM32L0xx_HAL_Driver/Src/stm32l0xx_hal_i2c.o
 .text.I2C_TransferConfig
                0x0000000008003f20       0x28 ./Drivers/STM32L0xx_HAL_Driver/Src/stm32l0xx_hal_i2c.o
 .text.I2C_IsAcknowledgeFailed
                0x0000000008003f48       0x88 ./Drivers/STM32L0xx_HAL_Driver/Src/stm32l0xx_hal_i2c.o
 .text.I2C_WaitOnTXISFlagUntilTimeout
                0x0000000008003fd0       0x54 ./Drivers/STM32L0xx_HAL_Driver/Src/stm32l0xx_hal_i2c.o
 .text.I2C_WaitOnRXNEFlagUntilTimeout
                0x0000000008004024       0x80 ./Drivers/STM32L0xx_HAL_Driver/Src/stm32l0xx_hal_i2c.o
 .text.I2C_WaitOnFlagUntilTimeout
                0x00000000080040a4       0x50 ./Drivers/STM32L0xx_HAL_Driver/Src/stm32l0xx_hal_i2c.o
 .text.I2C_WaitOnSTOPFlagUntilTimeout
                0x00000000080040f4       0x50 ./Drivers/STM32L0xx_HAL_Driver/Src/stm32l0xx_hal_i2c.o
 .text.HAL_I2C_Init
                0x0000000008004144       0xac ./Drivers/STM32L0xx_HAL_Driver/Src/stm32l0xx_hal_i2c.o
                0x0000000008004144                HAL_I2C_Init
 .text.HAL_I2C_Master_Transmit
                0x00000000080041f0      0x124 ./Drivers/STM32L0xx_HAL_Driver/Src/stm32l0xx_hal_i2c.o
                0x00000000080041f0                HAL_I2C_Master_Transmit
 .text.HAL_I2C_Master_Receive
                0x0000000008004314      0x124 ./Drivers/STM32L0xx_HAL_Driver/Src/stm32l0xx_hal_i2c.o
                0x0000000008004314                HAL_I2C_Master_Receive
 .text.HAL_I2C_IsDeviceReady
                0x0000000008004438      0x148 ./Drivers/STM32L0xx_HAL_Driver/Src/stm32l0xx_hal_i2c.o
                0x0000000008004438                HAL_I2C_IsDeviceReady
 .text.HAL_I2CEx_ConfigAnalogFilter
                0x0000000008004580       0x4c ./Drivers/STM32L0xx_HAL_Driver/Src/stm32l0xx_hal_i2c_ex.o
                0x0000000008004580                HAL_I2CEx_ConfigAnalogFilter
 .text.HAL_I2CEx_ConfigDigitalFilter
                0x00000000080045cc       0x48 ./Drivers/STM32L0xx_HAL_Driver/Src/stm32l0xx_hal_i2c_ex.o
                0x00000000080045cc                HAL_I2CEx_ConfigDigitalFilter
 .text.HAL_RCC_GetSysClockFreq
                0x0000000008004614       0x90 ./Drivers/STM32L0xx_HAL_Driver/Src/stm32l0xx_hal_rcc.o
                0x0000000008004614                HAL_RCC_GetSysClockFreq
 .text.HAL_RCC_OscConfig
                0x00000000080046a4      0x504 ./Drivers/STM32L0xx_HAL_Driver/Src/stm32l0xx_hal_rcc.o
                0x00000000080046a4                HAL_RCC_OscConfig
 .text.HAL_RCC_ClockConfig
                0x0000000008004ba8      0x19c ./Drivers/STM32L0xx_HAL_Driver/Src/stm32l0xx_hal_rcc.o
                0x0000000008004ba8                HAL_RCC_ClockConfig
 .text.HAL_RCCEx_PeriphCLKConfig
                0x0000000008004d44      0x1a4 ./Drivers/STM32L0xx_HAL_Driver/Src/stm32l0xx_hal_rcc_ex.o
                0x0000000008004d44                HAL_RCCEx_PeriphCLKConfig
 .text.SPI_WaitFlagStateUntilTimeout.constprop.0
                0x0000000008004ee8       0xb8 ./Drivers/STM32L0xx_HAL_Driver/Src/stm32l0xx_hal_spi.o
 .text.SPI_EndRxTxTransaction
                0x0000000008004fa0       0x64 ./Drivers/STM32L0xx_HAL_Driver/Src/stm32l0xx_hal_spi.o
 .text.HAL_SPI_Init
                0x0000000008005004       0xc4 ./Drivers/STM32L0xx_HAL_Driver/Src/stm32l0xx_hal_spi.o
                0x0000000008005004                HAL_SPI_Init
 .text.HAL_SPI_Transmit_DMA
                0x00000000080050c8       0xc8 ./Drivers/STM32L0xx_HAL_Driver/Src/stm32l0xx_hal_spi.o
                0x00000000080050c8                HAL_SPI_Transmit_DMA
 .text.HAL_SPI_TxCpltCallback
                0x0000000008005190        0x2 ./Drivers/STM32L0xx_HAL_Driver/Src/stm32l0xx_hal_spi.o
                0x0000000008005190                HAL_SPI_TxCpltCallback
 .text.HAL_SPI_TxHalfCpltCallback
                0x0000000008005192        0x2 ./Drivers/STM32L0xx_HAL_Driver/Src/stm32l0xx_hal_spi.o
                0x0000000008005192                HAL_SPI_TxHalfCpltCallback
 .text.SPI_DMAHalfTransmitCplt
                0x0000000008005194        0xa ./Drivers/STM32L0xx_HAL_Driver/Src/stm32l0xx_hal_spi.o
 .text.HAL_SPI_ErrorCallback
                0x000000000800519e        0x2 ./Drivers/STM32L0xx_HAL_Driver/Src/stm32l0xx_hal_spi.o
                0x000000000800519e                HAL_SPI_ErrorCallback
 .text.SPI_DMAError
                0x00000000080051a0       0x24 ./Drivers/STM32L0xx_HAL_Driver/Src/stm32l0xx_hal_spi.o
 .text.SPI_DMATransmitCplt
                0x00000000080051c4       0x6e ./Drivers/STM32L0xx_HAL_Driver/Src/stm32l0xx_hal_spi.o
 *fill*         0x0000000008005232        0x2 
 .text.TIM_Base_SetConfig
                0x0000000008005234       0x5c ./Drivers/STM32L0xx_HAL_Driver/Src/stm32l0xx_hal_tim.o
 .text.HAL_TIM_Base_Init
                0x0000000008005290       0x48 ./Drivers/STM32L0xx_HAL_Driver/Src/stm32l0xx_hal_tim.o
                0x0000000008005290                HAL_TIM_Base_Init
 .text.HAL_TIM_Base_Start_IT
                0x00000000080052d8       0x58 ./Drivers/STM32L0xx_HAL_Driver/Src/stm32l0xx_hal_tim.o
                0x00000000080052d8                HAL_TIM_Base_Start_IT
 .text.HAL_TIM_ConfigClockSource
                0x0000000008005330      0x15c ./Drivers/STM32L0xx_HAL_Driver/Src/stm32l0xx_hal_tim.o
                0x0000000008005330                HAL_TIM_ConfigClockSource
 .text.HAL_TIM_OC_DelayElapsedCallback
                0x000000000800548c        0x2 ./Drivers/STM32L0xx_HAL_Driver/Src/stm32l0xx_hal_tim.o
                0x000000000800548c                HAL_TIM_OC_DelayElapsedCallback
 .text.HAL_TIM_IC_CaptureCallback
                0x000000000800548e        0x2 ./Drivers/STM32L0xx_HAL_Driver/Src/stm32l0xx_hal_tim.o
                0x000000000800548e                HAL_TIM_IC_CaptureCallback
 .text.HAL_TIM_PWM_PulseFinishedCallback
                0x0000000008005490        0x2 ./Drivers/STM32L0xx_HAL_Driver/Src/stm32l0xx_hal_tim.o
                0x0000000008005490                HAL_TIM_PWM_PulseFinishedCallback
 .text.HAL_TIM_TriggerCallback
                0x0000000008005492        0x2 ./Drivers/STM32L0xx_HAL_Driver/Src/stm32l0xx_hal_tim.o
                0x0000000008005492                HAL_TIM_TriggerCallback
 .text.HAL_TIM_IRQHandler
                0x0000000008005494      0x110 ./Drivers/STM32L0xx_HAL_Driver/Src/stm32l0xx_hal_tim.o
                0x0000000008005494                HAL_TIM_IRQHandler
 .text.HAL_TIMEx_MasterConfigSynchronization
                0x00000000080055a4       0x58 ./Drivers/STM32L0xx_HAL_Driver/Src/stm32l0xx_hal_tim_ex.o
                0x00000000080055a4                HAL_TIMEx_MasterConfigSynchronization
 .text.calloc   0x00000000080055fc       0x14 c:/st/stm32cubeide_1.9.0/stm32cubeide/plugins/com.st.stm32cube.ide.mcu.externaltools.gnu-tools-for-stm32.10.3-2021.10.win32_1.0.100.202210260954/tools/bin/../lib/gcc/arm-none-eabi/10.3.1/../../../../arm-none-eabi/lib/thumb/v6-m/nofp\libc_nano.a(lib_a-calloc.o)
                0x00000000080055fc                calloc
 .text.__errno  0x0000000008005610        0xc c:/st/stm32cubeide_1.9.0/stm32cubeide/plugins/com.st.stm32cube.ide.mcu.externaltools.gnu-tools-for-stm32.10.3-2021.10.win32_1.0.100.202210260954/tools/bin/../lib/gcc/arm-none-eabi/10.3.1/../../../../arm-none-eabi/lib/thumb/v6-m/nofp\libc_nano.a(lib_a-errno.o)
                0x0000000008005610                __errno
 .text.__libc_init_array
                0x000000000800561c       0x48 c:/st/stm32cubeide_1.9.0/stm32cubeide/plugins/com.st.stm32cube.ide.mcu.externaltools.gnu-tools-for-stm32.10.3-2021.10.win32_1.0.100.202210260954/tools/bin/../lib/gcc/arm-none-eabi/10.3.1/../../../../arm-none-eabi/lib/thumb/v6-m/nofp\libc_nano.a(lib_a-init.o)
                0x000000000800561c                __libc_init_array
 .text.free     0x0000000008005664       0x14 c:/st/stm32cubeide_1.9.0/stm32cubeide/plugins/com.st.stm32cube.ide.mcu.externaltools.gnu-tools-for-stm32.10.3-2021.10.win32_1.0.100.202210260954/tools/bin/../lib/gcc/arm-none-eabi/10.3.1/../../../../arm-none-eabi/lib/thumb/v6-m/nofp\libc_nano.a(lib_a-malloc.o)
                0x0000000008005664                free
 .text.memcpy   0x0000000008005678       0x12 c:/st/stm32cubeide_1.9.0/stm32cubeide/plugins/com.st.stm32cube.ide.mcu.externaltools.gnu-tools-for-stm32.10.3-2021.10.win32_1.0.100.202210260954/tools/bin/../lib/gcc/arm-none-eabi/10.3.1/../../../../arm-none-eabi/lib/thumb/v6-m/nofp\libc_nano.a(lib_a-memcpy-stub.o)
                0x0000000008005678                memcpy
 .text.memmove  0x000000000800568a       0x26 c:/st/stm32cubeide_1.9.0/stm32cubeide/plugins/com.st.stm32cube.ide.mcu.externaltools.gnu-tools-for-stm32.10.3-2021.10.win32_1.0.100.202210260954/tools/bin/../lib/gcc/arm-none-eabi/10.3.1/../../../../arm-none-eabi/lib/thumb/v6-m/nofp\libc_nano.a(lib_a-memmove.o)
                0x000000000800568a                memmove
 .text.memset   0x00000000080056b0       0x10 c:/st/stm32cubeide_1.9.0/stm32cubeide/plugins/com.st.stm32cube.ide.mcu.externaltools.gnu-tools-for-stm32.10.3-2021.10.win32_1.0.100.202210260954/tools/bin/../lib/gcc/arm-none-eabi/10.3.1/../../../../arm-none-eabi/lib/thumb/v6-m/nofp\libc_nano.a(lib_a-memset.o)
                0x00000000080056b0                memset
 .text._calloc_r
                0x00000000080056c0       0x58 c:/st/stm32cubeide_1.9.0/stm32cubeide/plugins/com.st.stm32cube.ide.mcu.externaltools.gnu-tools-for-stm32.10.3-2021.10.win32_1.0.100.202210260954/tools/bin/../lib/gcc/arm-none-eabi/10.3.1/../../../../arm-none-eabi/lib/thumb/v6-m/nofp\libc_nano.a(lib_a-nano-callocr.o)
                0x00000000080056c0                _calloc_r
 .text._free_r  0x0000000008005718       0x94 c:/st/stm32cubeide_1.9.0/stm32cubeide/plugins/com.st.stm32cube.ide.mcu.externaltools.gnu-tools-for-stm32.10.3-2021.10.win32_1.0.100.202210260954/tools/bin/../lib/gcc/arm-none-eabi/10.3.1/../../../../arm-none-eabi/lib/thumb/v6-m/nofp\libc_nano.a(lib_a-nano-freer.o)
                0x0000000008005718                _free_r
 .text.sbrk_aligned
                0x00000000080057ac       0x44 c:/st/stm32cubeide_1.9.0/stm32cubeide/plugins/com.st.stm32cube.ide.mcu.externaltools.gnu-tools-for-stm32.10.3-2021.10.win32_1.0.100.202210260954/tools/bin/../lib/gcc/arm-none-eabi/10.3.1/../../../../arm-none-eabi/lib/thumb/v6-m/nofp\libc_nano.a(lib_a-nano-mallocr.o)
 .text._malloc_r
                0x00000000080057f0       0xec c:/st/stm32cubeide_1.9.0/stm32cubeide/plugins/com.st.stm32cube.ide.mcu.externaltools.gnu-tools-for-stm32.10.3-2021.10.win32_1.0.100.202210260954/tools/bin/../lib/gcc/arm-none-eabi/10.3.1/../../../../arm-none-eabi/lib/thumb/v6-m/nofp\libc_nano.a(lib_a-nano-mallocr.o)
                0x00000000080057f0                _malloc_r
 .text._sbrk_r  0x00000000080058dc       0x24 c:/st/stm32cubeide_1.9.0/stm32cubeide/plugins/com.st.stm32cube.ide.mcu.externaltools.gnu-tools-for-stm32.10.3-2021.10.win32_1.0.100.202210260954/tools/bin/../lib/gcc/arm-none-eabi/10.3.1/../../../../arm-none-eabi/lib/thumb/v6-m/nofp\libc_nano.a(lib_a-sbrkr.o)
                0x00000000080058dc                _sbrk_r
 .text.sprintf  0x0000000008005900       0x40 c:/st/stm32cubeide_1.9.0/stm32cubeide/plugins/com.st.stm32cube.ide.mcu.externaltools.gnu-tools-for-stm32.10.3-2021.10.win32_1.0.100.202210260954/tools/bin/../lib/gcc/arm-none-eabi/10.3.1/../../../../arm-none-eabi/lib/thumb/v6-m/nofp\libc_nano.a(lib_a-sprintf.o)
                0x0000000008005900                siprintf
                0x0000000008005900                sprintf
 .text.__malloc_lock
                0x0000000008005940       0x10 c:/st/stm32cubeide_1.9.0/stm32cubeide/plugins/com.st.stm32cube.ide.mcu.externaltools.gnu-tools-for-stm32.10.3-2021.10.win32_1.0.100.202210260954/tools/bin/../lib/gcc/arm-none-eabi/10.3.1/../../../../arm-none-eabi/lib/thumb/v6-m/nofp\libc_nano.a(lib_a-mlock.o)
                0x0000000008005940                __malloc_lock
 .text.__malloc_unlock
                0x0000000008005950       0x10 c:/st/stm32cubeide_1.9.0/stm32cubeide/plugins/com.st.stm32cube.ide.mcu.externaltools.gnu-tools-for-stm32.10.3-2021.10.win32_1.0.100.202210260954/tools/bin/../lib/gcc/arm-none-eabi/10.3.1/../../../../arm-none-eabi/lib/thumb/v6-m/nofp\libc_nano.a(lib_a-mlock.o)
                0x0000000008005950                __malloc_unlock
 .text.__ssputs_r
                0x0000000008005960       0xc4 c:/st/stm32cubeide_1.9.0/stm32cubeide/plugins/com.st.stm32cube.ide.mcu.externaltools.gnu-tools-for-stm32.10.3-2021.10.win32_1.0.100.202210260954/tools/bin/../lib/gcc/arm-none-eabi/10.3.1/../../../../arm-none-eabi/lib/thumb/v6-m/nofp\libc_nano.a(lib_a-nano-svfprintf.o)
                0x0000000008005960                __ssputs_r
 .text._svfprintf_r
                0x0000000008005a24      0x200 c:/st/stm32cubeide_1.9.0/stm32cubeide/plugins/com.st.stm32cube.ide.mcu.externaltools.gnu-tools-for-stm32.10.3-2021.10.win32_1.0.100.202210260954/tools/bin/../lib/gcc/arm-none-eabi/10.3.1/../../../../arm-none-eabi/lib/thumb/v6-m/nofp\libc_nano.a(lib_a-nano-svfprintf.o)
                0x0000000008005a24                _svfiprintf_r
                0x0000000008005a24                _svfprintf_r
 .text._printf_common
                0x0000000008005c24       0xde c:/st/stm32cubeide_1.9.0/stm32cubeide/plugins/com.st.stm32cube.ide.mcu.externaltools.gnu-tools-for-stm32.10.3-2021.10.win32_1.0.100.202210260954/tools/bin/../lib/gcc/arm-none-eabi/10.3.1/../../../../arm-none-eabi/lib/thumb/v6-m/nofp\libc_nano.a(lib_a-nano-vfprintf_i.o)
                0x0000000008005c24                _printf_common
 *fill*         0x0000000008005d02        0x2 
 .text._printf_i
                0x0000000008005d04      0x224 c:/st/stm32cubeide_1.9.0/stm32cubeide/plugins/com.st.stm32cube.ide.mcu.externaltools.gnu-tools-for-stm32.10.3-2021.10.win32_1.0.100.202210260954/tools/bin/../lib/gcc/arm-none-eabi/10.3.1/../../../../arm-none-eabi/lib/thumb/v6-m/nofp\libc_nano.a(lib_a-nano-vfprintf_i.o)
                0x0000000008005d04                _printf_i
 .text.__retarget_lock_acquire_recursive
                0x0000000008005f28        0x2 c:/st/stm32cubeide_1.9.0/stm32cubeide/plugins/com.st.stm32cube.ide.mcu.externaltools.gnu-tools-for-stm32.10.3-2021.10.win32_1.0.100.202210260954/tools/bin/../lib/gcc/arm-none-eabi/10.3.1/../../../../arm-none-eabi/lib/thumb/v6-m/nofp\libc_nano.a(lib_a-lock.o)
                0x0000000008005f28                __retarget_lock_acquire_recursive
 .text.__retarget_lock_release_recursive
                0x0000000008005f2a        0x2 c:/st/stm32cubeide_1.9.0/stm32cubeide/plugins/com.st.stm32cube.ide.mcu.externaltools.gnu-tools-for-stm32.10.3-2021.10.win32_1.0.100.202210260954/tools/bin/../lib/gcc/arm-none-eabi/10.3.1/../../../../arm-none-eabi/lib/thumb/v6-m/nofp\libc_nano.a(lib_a-lock.o)
                0x0000000008005f2a                __retarget_lock_release_recursive
 .text.memchr   0x0000000008005f2c       0x16 c:/st/stm32cubeide_1.9.0/stm32cubeide/plugins/com.st.stm32cube.ide.mcu.externaltools.gnu-tools-for-stm32.10.3-2021.10.win32_1.0.100.202210260954/tools/bin/../lib/gcc/arm-none-eabi/10.3.1/../../../../arm-none-eabi/lib/thumb/v6-m/nofp\libc_nano.a(lib_a-memchr-stub.o)
                0x0000000008005f2c                memchr
 .text._realloc_r
                0x0000000008005f42       0x5e c:/st/stm32cubeide_1.9.0/stm32cubeide/plugins/com.st.stm32cube.ide.mcu.externaltools.gnu-tools-for-stm32.10.3-2021.10.win32_1.0.100.202210260954/tools/bin/../lib/gcc/arm-none-eabi/10.3.1/../../../../arm-none-eabi/lib/thumb/v6-m/nofp\libc_nano.a(lib_a-nano-reallocr.o)
                0x0000000008005f42                _realloc_r
 .text._malloc_usable_size_r
                0x0000000008005fa0       0x10 c:/st/stm32cubeide_1.9.0/stm32cubeide/plugins/com.st.stm32cube.ide.mcu.externaltools.gnu-tools-for-stm32.10.3-2021.10.win32_1.0.100.202210260954/tools/bin/../lib/gcc/arm-none-eabi/10.3.1/../../../../arm-none-eabi/lib/thumb/v6-m/nofp\libc_nano.a(lib_a-nano-msizer.o)
                0x0000000008005fa0                _malloc_usable_size_r
 *(.glue_7)
 .glue_7        0x0000000008005fb0        0x0 linker stubs
 *(.glue_7t)
 .glue_7t       0x0000000008005fb0        0x0 linker stubs
 *(.eh_frame)
 .eh_frame      0x0000000008005fb0        0x0 c:/st/stm32cubeide_1.9.0/stm32cubeide/plugins/com.st.stm32cube.ide.mcu.externaltools.gnu-tools-for-stm32.10.3-2021.10.win32_1.0.100.202210260954/tools/bin/../lib/gcc/arm-none-eabi/10.3.1/thumb/v6-m/nofp/crtbegin.o
 *(.init)
 .init          0x0000000008005fb0        0x4 c:/st/stm32cubeide_1.9.0/stm32cubeide/plugins/com.st.stm32cube.ide.mcu.externaltools.gnu-tools-for-stm32.10.3-2021.10.win32_1.0.100.202210260954/tools/bin/../lib/gcc/arm-none-eabi/10.3.1/thumb/v6-m/nofp/crti.o
                0x0000000008005fb0                _init
 .init          0x0000000008005fb4        0x8 c:/st/stm32cubeide_1.9.0/stm32cubeide/plugins/com.st.stm32cube.ide.mcu.externaltools.gnu-tools-for-stm32.10.3-2021.10.win32_1.0.100.202210260954/tools/bin/../lib/gcc/arm-none-eabi/10.3.1/thumb/v6-m/nofp/crtn.o
 *(.fini)
 .fini          0x0000000008005fbc        0x4 c:/st/stm32cubeide_1.9.0/stm32cubeide/plugins/com.st.stm32cube.ide.mcu.externaltools.gnu-tools-for-stm32.10.3-2021.10.win32_1.0.100.202210260954/tools/bin/../lib/gcc/arm-none-eabi/10.3.1/thumb/v6-m/nofp/crti.o
                0x0000000008005fbc                _fini
 .fini          0x0000000008005fc0        0x8 c:/st/stm32cubeide_1.9.0/stm32cubeide/plugins/com.st.stm32cube.ide.mcu.externaltools.gnu-tools-for-stm32.10.3-2021.10.win32_1.0.100.202210260954/tools/bin/../lib/gcc/arm-none-eabi/10.3.1/thumb/v6-m/nofp/crtn.o
                0x0000000008005fc8                . = ALIGN (0x4)
                0x0000000008005fc8                _etext = .

.vfp11_veneer   0x0000000008005fc8        0x0
 .vfp11_veneer  0x0000000008005fc8        0x0 linker stubs

.v4_bx          0x0000000008005fc8        0x0
 .v4_bx         0x0000000008005fc8        0x0 linker stubs

.iplt           0x0000000008005fc8        0x0
 .iplt          0x0000000008005fc8        0x0 c:/st/stm32cubeide_1.9.0/stm32cubeide/plugins/com.st.stm32cube.ide.mcu.externaltools.gnu-tools-for-stm32.10.3-2021.10.win32_1.0.100.202210260954/tools/bin/../lib/gcc/arm-none-eabi/10.3.1/thumb/v6-m/nofp/crtbegin.o

.rodata         0x0000000008005fc8      0xd68
                0x0000000008005fc8                . = ALIGN (0x4)
 *(.rodata)
 *(.rodata*)
 .rodata.colLUT
                0x0000000008005fc8      0x400 ./Core/Src/SK6812.o
                0x0000000008005fc8                colLUT
 .rodata.Font6x8
                0x00000000080063c8      0x5f0 ./Core/Src/fonts.o
                0x00000000080063c8                Font6x8
 .rodata.textIn.str1.1
                0x00000000080069b8       0x2d ./Core/Src/main.o
 .rodata.timeSet.str1.1
                0x00000000080069e5       0x5c ./Core/Src/main.o
 .rodata.mainM.str1.1
                0x0000000008006a41       0x4c ./Core/Src/main.o
                                         0x56 (size before relaxing)
 .rodata.partS.str1.1
                0x0000000008006a8d       0x69 ./Core/Src/main.o
 .rodata.pUseM.str1.1
                0x0000000008006af6       0x1d ./Core/Src/main.o
 .rodata.use.str1.1
                0x0000000008006b13       0x18 ./Core/Src/main.o
 .rodata.refill.str1.1
                0x0000000008006b2b       0x24 ./Core/Src/main.o
 .rodata.pFind.str1.1
                0x0000000008006b4f       0x16 ./Core/Src/main.o
 .rodata.findR.str1.1
                0x0000000008006b65       0x4e ./Core/Src/main.o
 .rodata.partition.str1.1
                0x0000000008006bb3       0x76 ./Core/Src/main.o
 .rodata.logM.str1.1
                0x0000000008006c29       0x21 ./Core/Src/main.o
 .rodata.logD.str1.1
                0x0000000008006c4a        0xc ./Core/Src/main.o
 .rodata.main.str1.1
                0x0000000008006c56        0xf ./Core/Src/main.o
 .rodata.str1.1
                0x0000000008006c65       0x4e ./Core/Src/main.o
 *fill*         0x0000000008006cb3        0x1 
 .rodata.keyboard
                0x0000000008006cb4       0x10 ./Core/Src/main.o
                0x0000000008006cb4                keyboard
 .rodata.ptCate
                0x0000000008006cc4       0x10 ./Core/Src/main.o
                0x0000000008006cc4                ptCate
 .rodata.ptWorkCate
                0x0000000008006cd4       0x10 ./Core/Src/main.o
                0x0000000008006cd4                ptWorkCate
 .rodata.AHBPrescTable
                0x0000000008006ce4       0x10 ./Core/Src/system_stm32l0xx.o
                0x0000000008006ce4                AHBPrescTable
 .rodata.PLLMulTable
                0x0000000008006cf4        0x9 ./Core/Src/system_stm32l0xx.o
                0x0000000008006cf4                PLLMulTable
 .rodata._svfprintf_r.str1.1
                0x0000000008006cfd       0x11 c:/st/stm32cubeide_1.9.0/stm32cubeide/plugins/com.st.stm32cube.ide.mcu.externaltools.gnu-tools-for-stm32.10.3-2021.10.win32_1.0.100.202210260954/tools/bin/../lib/gcc/arm-none-eabi/10.3.1/../../../../arm-none-eabi/lib/thumb/v6-m/nofp\libc_nano.a(lib_a-nano-svfprintf.o)
 .rodata._printf_i.str1.1
                0x0000000008006d0e       0x22 c:/st/stm32cubeide_1.9.0/stm32cubeide/plugins/com.st.stm32cube.ide.mcu.externaltools.gnu-tools-for-stm32.10.3-2021.10.win32_1.0.100.202210260954/tools/bin/../lib/gcc/arm-none-eabi/10.3.1/../../../../arm-none-eabi/lib/thumb/v6-m/nofp\libc_nano.a(lib_a-nano-vfprintf_i.o)
                0x0000000008006d30                . = ALIGN (0x4)

.ARM.extab      0x0000000008006d30        0x0
                0x0000000008006d30                . = ALIGN (0x4)
 *(.ARM.extab* .gnu.linkonce.armextab.*)
                0x0000000008006d30                . = ALIGN (0x4)

.ARM            0x0000000008006d30        0x8
                0x0000000008006d30                . = ALIGN (0x4)
                0x0000000008006d30                __exidx_start = .
 *(.ARM.exidx*)
 .ARM.exidx     0x0000000008006d30        0x8 c:/st/stm32cubeide_1.9.0/stm32cubeide/plugins/com.st.stm32cube.ide.mcu.externaltools.gnu-tools-for-stm32.10.3-2021.10.win32_1.0.100.202210260954/tools/bin/../lib/gcc/arm-none-eabi/10.3.1/thumb/v6-m/nofp\libgcc.a(_udivmoddi4.o)
                0x0000000008006d38                __exidx_end = .
                0x0000000008006d38                . = ALIGN (0x4)

.rel.dyn        0x0000000008006d38        0x0
 .rel.iplt      0x0000000008006d38        0x0 c:/st/stm32cubeide_1.9.0/stm32cubeide/plugins/com.st.stm32cube.ide.mcu.externaltools.gnu-tools-for-stm32.10.3-2021.10.win32_1.0.100.202210260954/tools/bin/../lib/gcc/arm-none-eabi/10.3.1/thumb/v6-m/nofp/crtbegin.o

.preinit_array  0x0000000008006d38        0x0
                0x0000000008006d38                . = ALIGN (0x4)
                0x0000000008006d38                PROVIDE (__preinit_array_start = .)
 *(.preinit_array*)
                0x0000000008006d38                PROVIDE (__preinit_array_end = .)
                0x0000000008006d38                . = ALIGN (0x4)

.init_array     0x0000000008006d38        0x4
                0x0000000008006d38                . = ALIGN (0x4)
                0x0000000008006d38                PROVIDE (__init_array_start = .)
 *(SORT_BY_NAME(.init_array.*))
 *(.init_array*)
 .init_array    0x0000000008006d38        0x4 c:/st/stm32cubeide_1.9.0/stm32cubeide/plugins/com.st.stm32cube.ide.mcu.externaltools.gnu-tools-for-stm32.10.3-2021.10.win32_1.0.100.202210260954/tools/bin/../lib/gcc/arm-none-eabi/10.3.1/thumb/v6-m/nofp/crtbegin.o
                0x0000000008006d3c                PROVIDE (__init_array_end = .)
                0x0000000008006d3c                . = ALIGN (0x4)

.fini_array     0x0000000008006d3c        0x4
                0x0000000008006d3c                . = ALIGN (0x4)
                [!provide]                        PROVIDE (__fini_array_start = .)
 *(SORT_BY_NAME(.fini_array.*))
 *(.fini_array*)
 .fini_array    0x0000000008006d3c        0x4 c:/st/stm32cubeide_1.9.0/stm32cubeide/plugins/com.st.stm32cube.ide.mcu.externaltools.gnu-tools-for-stm32.10.3-2021.10.win32_1.0.100.202210260954/tools/bin/../lib/gcc/arm-none-eabi/10.3.1/thumb/v6-m/nofp/crtbegin.o
                [!provide]                        PROVIDE (__fini_array_end = .)
                0x0000000008006d40                . = ALIGN (0x4)
                0x0000000008006d40                _sidata = LOADADDR (.data)

.data           0x0000000020000000       0x8c load address 0x0000000008006d40
                0x0000000020000000                . = ALIGN (0x4)
                0x0000000020000000                _sdata = .
 *(.data)
 *(.data*)
 .data.Font_6x8
                0x0000000020000000        0x8 ./Core/Src/fonts.o
                0x0000000020000000                Font_6x8
 .data.firstF   0x0000000020000008        0x1 ./Core/Src/main.o
                0x0000000020000008                firstF
 .data.lastDay  0x0000000020000009        0xc ./Core/Src/main.o
                0x0000000020000009                lastDay
 .data.oldsw    0x0000000020000015        0x1 ./Core/Src/main.o
                0x0000000020000015                oldsw
 .data.ptiEX.9  0x0000000020000016        0x1 ./Core/Src/main.o
 .data.ptiEY.8  0x0000000020000017        0x1 ./Core/Src/main.o
 .data.ptiSX.11
                0x0000000020000018        0x1 ./Core/Src/main.o
 .data.ptiSY.10
                0x0000000020000019        0x1 ./Core/Src/main.o
 .data.udf      0x000000002000001a        0x1 ./Core/Src/main.o
                0x000000002000001a                udf
 .data.usePos   0x000000002000001b        0x1 ./Core/Src/main.o
                0x000000002000001b                usePos
 .data.SystemCoreClock
                0x000000002000001c        0x4 ./Core/Src/system_stm32l0xx.o
                0x000000002000001c                SystemCoreClock
 .data.uwTickFreq
                0x0000000020000020        0x1 ./Drivers/STM32L0xx_HAL_Driver/Src/stm32l0xx_hal.o
                0x0000000020000020                uwTickFreq
 *fill*         0x0000000020000021        0x3 
 .data.uwTickPrio
                0x0000000020000024        0x4 ./Drivers/STM32L0xx_HAL_Driver/Src/stm32l0xx_hal.o
                0x0000000020000024                uwTickPrio
 .data._impure_ptr
                0x0000000020000028        0x4 c:/st/stm32cubeide_1.9.0/stm32cubeide/plugins/com.st.stm32cube.ide.mcu.externaltools.gnu-tools-for-stm32.10.3-2021.10.win32_1.0.100.202210260954/tools/bin/../lib/gcc/arm-none-eabi/10.3.1/../../../../arm-none-eabi/lib/thumb/v6-m/nofp\libc_nano.a(lib_a-impure.o)
                0x0000000020000028                _impure_ptr
 .data.impure_data
                0x000000002000002c       0x60 c:/st/stm32cubeide_1.9.0/stm32cubeide/plugins/com.st.stm32cube.ide.mcu.externaltools.gnu-tools-for-stm32.10.3-2021.10.win32_1.0.100.202210260954/tools/bin/../lib/gcc/arm-none-eabi/10.3.1/../../../../arm-none-eabi/lib/thumb/v6-m/nofp\libc_nano.a(lib_a-impure.o)
 *(.RamFunc)
 *(.RamFunc*)
                0x000000002000008c                . = ALIGN (0x4)
                0x000000002000008c                _edata = .

.igot.plt       0x000000002000008c        0x0 load address 0x0000000008006dcc
 .igot.plt      0x000000002000008c        0x0 c:/st/stm32cubeide_1.9.0/stm32cubeide/plugins/com.st.stm32cube.ide.mcu.externaltools.gnu-tools-for-stm32.10.3-2021.10.win32_1.0.100.202210260954/tools/bin/../lib/gcc/arm-none-eabi/10.3.1/thumb/v6-m/nofp/crtbegin.o
                0x000000002000008c                . = ALIGN (0x4)

.bss            0x000000002000008c      0xd0c load address 0x0000000008006dcc
                0x000000002000008c                _sbss = .
                0x000000002000008c                __bss_start__ = _sbss
 *(.bss)
 .bss           0x000000002000008c       0x1c c:/st/stm32cubeide_1.9.0/stm32cubeide/plugins/com.st.stm32cube.ide.mcu.externaltools.gnu-tools-for-stm32.10.3-2021.10.win32_1.0.100.202210260954/tools/bin/../lib/gcc/arm-none-eabi/10.3.1/thumb/v6-m/nofp/crtbegin.o
 *(.bss*)
 .bss.ledData   0x00000000200000a8      0x1b0 ./Core/Src/SK6812.o
                0x00000000200000a8                ledData
 .bss.spiBf     0x0000000020000258      0x1b4 ./Core/Src/SK6812.o
                0x0000000020000258                spiBf
 .bss.adc       0x000000002000040c        0x4 ./Core/Src/main.o
                0x000000002000040c                adc
 .bss.buzC.12   0x0000000020000410        0x2 ./Core/Src/main.o
 .bss.buzFlag   0x0000000020000412        0x1 ./Core/Src/main.o
                0x0000000020000412                buzFlag
 *fill*         0x0000000020000413        0x1 
 .bss.date      0x0000000020000414        0x4 ./Core/Src/main.o
                0x0000000020000414                date
 .bss.findArr   0x0000000020000418       0x24 ./Core/Src/main.o
                0x0000000020000418                findArr
 .bss.findC     0x000000002000043c        0x1 ./Core/Src/main.o
                0x000000002000043c                findC
 *fill*         0x000000002000043d        0x3 
 .bss.hadc      0x0000000020000440       0x5c ./Core/Src/main.o
                0x0000000020000440                hadc
 .bss.hdma_spi1_tx
                0x000000002000049c       0x48 ./Core/Src/main.o
                0x000000002000049c                hdma_spi1_tx
 .bss.hi2c1     0x00000000200004e4       0x4c ./Core/Src/main.o
                0x00000000200004e4                hi2c1
 .bss.hspi1     0x0000000020000530       0x58 ./Core/Src/main.o
                0x0000000020000530                hspi1
 .bss.htim2     0x0000000020000588       0x40 ./Core/Src/main.o
                0x0000000020000588                htim2
 .bss.ledC      0x00000000200005c8        0x2 ./Core/Src/main.o
                0x00000000200005c8                ledC
 .bss.ledPos    0x00000000200005ca        0x1 ./Core/Src/main.o
                0x00000000200005ca                ledPos
 .bss.logC      0x00000000200005cb        0x1 ./Core/Src/main.o
                0x00000000200005cb                logC
 .bss.maxX.4    0x00000000200005cc        0x1 ./Core/Src/main.o
 .bss.maxY.2    0x00000000200005cd        0x1 ./Core/Src/main.o
 .bss.minX.5    0x00000000200005ce        0x1 ./Core/Src/main.o
 .bss.minY.3    0x00000000200005cf        0x1 ./Core/Src/main.o
 .bss.modeFlag  0x00000000200005d0        0x1 ./Core/Src/main.o
                0x00000000200005d0                modeFlag
 *fill*         0x00000000200005d1        0x1 
 .bss.pLog      0x00000000200005d2      0x138 ./Core/Src/main.o
                0x00000000200005d2                pLog
 *fill*         0x000000002000070a        0x2 
 .bss.pt        0x000000002000070c      0x240 ./Core/Src/main.o
                0x000000002000070c                pt
 .bss.ptC       0x000000002000094c        0x1 ./Core/Src/main.o
                0x000000002000094c                ptC
 *fill*         0x000000002000094d        0x3 
 .bss.ptFindName
                0x0000000020000950        0x4 ./Core/Src/main.o
                0x0000000020000950                ptFindName
 .bss.ptInNum   0x0000000020000954        0x1 ./Core/Src/main.o
                0x0000000020000954                ptInNum
 .bss.ptSetPosF
                0x0000000020000955        0x1 ./Core/Src/main.o
                0x0000000020000955                ptSetPosF
 .bss.ptiC.1    0x0000000020000956        0x1 ./Core/Src/main.o
 .bss.reC       0x0000000020000957        0x1 ./Core/Src/main.o
                0x0000000020000957                reC
 .bss.sel       0x0000000020000958        0x1 ./Core/Src/main.o
                0x0000000020000958                sel
 .bss.selLog    0x0000000020000959        0x1 ./Core/Src/main.o
                0x0000000020000959                selLog
 .bss.selPtpos.7
                0x000000002000095a        0x1 ./Core/Src/main.o
 .bss.tempPtiC.6
                0x000000002000095b        0x1 ./Core/Src/main.o
 .bss.tempX     0x000000002000095c        0x1 ./Core/Src/main.o
                0x000000002000095c                tempX
 .bss.tempY     0x000000002000095d        0x1 ./Core/Src/main.o
                0x000000002000095d                tempY
 .bss.time      0x000000002000095e        0x3 ./Core/Src/main.o
                0x000000002000095e                time
 *fill*         0x0000000020000961        0x1 
 .bss.SSD1306   0x0000000020000962        0x6 ./Core/Src/ssd1306.o
 .bss.SSD1306_Buffer
                0x0000000020000968      0x400 ./Core/Src/ssd1306.o
 .bss.__sbrk_heap_end
                0x0000000020000d68        0x4 ./Core/Src/sysmem.o
 .bss.uwTick    0x0000000020000d6c        0x4 ./Drivers/STM32L0xx_HAL_Driver/Src/stm32l0xx_hal.o
                0x0000000020000d6c                uwTick
 .bss.pFlash    0x0000000020000d70       0x18 ./Drivers/STM32L0xx_HAL_Driver/Src/stm32l0xx_hal_flash.o
                0x0000000020000d70                pFlash
 .bss.__malloc_free_list
                0x0000000020000d88        0x4 c:/st/stm32cubeide_1.9.0/stm32cubeide/plugins/com.st.stm32cube.ide.mcu.externaltools.gnu-tools-for-stm32.10.3-2021.10.win32_1.0.100.202210260954/tools/bin/../lib/gcc/arm-none-eabi/10.3.1/../../../../arm-none-eabi/lib/thumb/v6-m/nofp\libc_nano.a(lib_a-nano-mallocr.o)
                0x0000000020000d88                __malloc_free_list
 .bss.__malloc_sbrk_start
                0x0000000020000d8c        0x4 c:/st/stm32cubeide_1.9.0/stm32cubeide/plugins/com.st.stm32cube.ide.mcu.externaltools.gnu-tools-for-stm32.10.3-2021.10.win32_1.0.100.202210260954/tools/bin/../lib/gcc/arm-none-eabi/10.3.1/../../../../arm-none-eabi/lib/thumb/v6-m/nofp\libc_nano.a(lib_a-nano-mallocr.o)
                0x0000000020000d8c                __malloc_sbrk_start
 .bss.errno     0x0000000020000d90        0x4 c:/st/stm32cubeide_1.9.0/stm32cubeide/plugins/com.st.stm32cube.ide.mcu.externaltools.gnu-tools-for-stm32.10.3-2021.10.win32_1.0.100.202210260954/tools/bin/../lib/gcc/arm-none-eabi/10.3.1/../../../../arm-none-eabi/lib/thumb/v6-m/nofp\libc_nano.a(lib_a-reent.o)
                0x0000000020000d90                errno
 .bss.__lock___malloc_recursive_mutex
                0x0000000020000d94        0x1 c:/st/stm32cubeide_1.9.0/stm32cubeide/plugins/com.st.stm32cube.ide.mcu.externaltools.gnu-tools-for-stm32.10.3-2021.10.win32_1.0.100.202210260954/tools/bin/../lib/gcc/arm-none-eabi/10.3.1/../../../../arm-none-eabi/lib/thumb/v6-m/nofp\libc_nano.a(lib_a-lock.o)
                0x0000000020000d94                __lock___malloc_recursive_mutex
 *(COMMON)
                0x0000000020000d98                . = ALIGN (0x4)
 *fill*         0x0000000020000d95        0x3 
                0x0000000020000d98                _ebss = .
                0x0000000020000d98                __bss_end__ = _ebss

._user_heap_stack
                0x0000000020000d98      0x600 load address 0x0000000008006dcc
                0x0000000020000d98                . = ALIGN (0x8)
                [!provide]                        PROVIDE (end = .)
                0x0000000020000d98                PROVIDE (_end = .)
                0x0000000020000f98                . = (. + _Min_Heap_Size)
 *fill*         0x0000000020000d98      0x200 
                0x0000000020001398                . = (. + _Min_Stack_Size)
 *fill*         0x0000000020000f98      0x400 
                0x0000000020001398                . = ALIGN (0x8)

/DISCARD/
 libc.a(*)
 libm.a(*)
 libgcc.a(*)

.ARM.attributes
                0x0000000000000000       0x28
 *(.ARM.attributes)
 .ARM.attributes
                0x0000000000000000       0x1e c:/st/stm32cubeide_1.9.0/stm32cubeide/plugins/com.st.stm32cube.ide.mcu.externaltools.gnu-tools-for-stm32.10.3-2021.10.win32_1.0.100.202210260954/tools/bin/../lib/gcc/arm-none-eabi/10.3.1/thumb/v6-m/nofp/crti.o
 .ARM.attributes
                0x000000000000001e       0x2c c:/st/stm32cubeide_1.9.0/stm32cubeide/plugins/com.st.stm32cube.ide.mcu.externaltools.gnu-tools-for-stm32.10.3-2021.10.win32_1.0.100.202210260954/tools/bin/../lib/gcc/arm-none-eabi/10.3.1/thumb/v6-m/nofp/crtbegin.o
 .ARM.attributes
                0x000000000000004a       0x2c ./Core/Src/DS3231.o
 .ARM.attributes
                0x0000000000000076       0x2c ./Core/Src/SK6812.o
 .ARM.attributes
                0x00000000000000a2       0x2c ./Core/Src/fonts.o
 .ARM.attributes
                0x00000000000000ce       0x2c ./Core/Src/main.o
 .ARM.attributes
                0x00000000000000fa       0x2c ./Core/Src/ssd1306.o
 .ARM.attributes
                0x0000000000000126       0x2c ./Core/Src/stm32l0xx_EEPROM.o
 .ARM.attributes
                0x0000000000000152       0x2c ./Core/Src/stm32l0xx_hal_msp.o
 .ARM.attributes
                0x000000000000017e       0x2c ./Core/Src/stm32l0xx_it.o
 .ARM.attributes
                0x00000000000001aa       0x2c ./Core/Src/sysmem.o
 .ARM.attributes
                0x00000000000001d6       0x2c ./Core/Src/system_stm32l0xx.o
 .ARM.attributes
                0x0000000000000202       0x22 ./Core/Startup/startup_stm32l052k6tx.o
 .ARM.attributes
                0x0000000000000224       0x2c ./Drivers/STM32L0xx_HAL_Driver/Src/stm32l0xx_hal.o
 .ARM.attributes
                0x0000000000000250       0x2c ./Drivers/STM32L0xx_HAL_Driver/Src/stm32l0xx_hal_adc.o
 .ARM.attributes
                0x000000000000027c       0x2c ./Drivers/STM32L0xx_HAL_Driver/Src/stm32l0xx_hal_cortex.o
 .ARM.attributes
                0x00000000000002a8       0x2c ./Drivers/STM32L0xx_HAL_Driver/Src/stm32l0xx_hal_dma.o
 .ARM.attributes
                0x00000000000002d4       0x2c ./Drivers/STM32L0xx_HAL_Driver/Src/stm32l0xx_hal_flash.o
 .ARM.attributes
                0x0000000000000300       0x2c ./Drivers/STM32L0xx_HAL_Driver/Src/stm32l0xx_hal_flash_ex.o
 .ARM.attributes
                0x000000000000032c       0x2c ./Drivers/STM32L0xx_HAL_Driver/Src/stm32l0xx_hal_gpio.o
 .ARM.attributes
                0x0000000000000358       0x2c ./Drivers/STM32L0xx_HAL_Driver/Src/stm32l0xx_hal_i2c.o
 .ARM.attributes
                0x0000000000000384       0x2c ./Drivers/STM32L0xx_HAL_Driver/Src/stm32l0xx_hal_i2c_ex.o
 .ARM.attributes
                0x00000000000003b0       0x2c ./Drivers/STM32L0xx_HAL_Driver/Src/stm32l0xx_hal_rcc.o
 .ARM.attributes
                0x00000000000003dc       0x2c ./Drivers/STM32L0xx_HAL_Driver/Src/stm32l0xx_hal_rcc_ex.o
 .ARM.attributes
                0x0000000000000408       0x2c ./Drivers/STM32L0xx_HAL_Driver/Src/stm32l0xx_hal_spi.o
 .ARM.attributes
                0x0000000000000434       0x2c ./Drivers/STM32L0xx_HAL_Driver/Src/stm32l0xx_hal_tim.o
 .ARM.attributes
                0x0000000000000460       0x2c ./Drivers/STM32L0xx_HAL_Driver/Src/stm32l0xx_hal_tim_ex.o
 .ARM.attributes
                0x000000000000048c       0x2c c:/st/stm32cubeide_1.9.0/stm32cubeide/plugins/com.st.stm32cube.ide.mcu.externaltools.gnu-tools-for-stm32.10.3-2021.10.win32_1.0.100.202210260954/tools/bin/../lib/gcc/arm-none-eabi/10.3.1/../../../../arm-none-eabi/lib/thumb/v6-m/nofp\libc_nano.a(lib_a-calloc.o)
 .ARM.attributes
                0x00000000000004b8       0x2c c:/st/stm32cubeide_1.9.0/stm32cubeide/plugins/com.st.stm32cube.ide.mcu.externaltools.gnu-tools-for-stm32.10.3-2021.10.win32_1.0.100.202210260954/tools/bin/../lib/gcc/arm-none-eabi/10.3.1/../../../../arm-none-eabi/lib/thumb/v6-m/nofp\libc_nano.a(lib_a-errno.o)
 .ARM.attributes
                0x00000000000004e4       0x2c c:/st/stm32cubeide_1.9.0/stm32cubeide/plugins/com.st.stm32cube.ide.mcu.externaltools.gnu-tools-for-stm32.10.3-2021.10.win32_1.0.100.202210260954/tools/bin/../lib/gcc/arm-none-eabi/10.3.1/../../../../arm-none-eabi/lib/thumb/v6-m/nofp\libc_nano.a(lib_a-impure.o)
 .ARM.attributes
                0x0000000000000510       0x2c c:/st/stm32cubeide_1.9.0/stm32cubeide/plugins/com.st.stm32cube.ide.mcu.externaltools.gnu-tools-for-stm32.10.3-2021.10.win32_1.0.100.202210260954/tools/bin/../lib/gcc/arm-none-eabi/10.3.1/../../../../arm-none-eabi/lib/thumb/v6-m/nofp\libc_nano.a(lib_a-init.o)
 .ARM.attributes
                0x000000000000053c       0x2c c:/st/stm32cubeide_1.9.0/stm32cubeide/plugins/com.st.stm32cube.ide.mcu.externaltools.gnu-tools-for-stm32.10.3-2021.10.win32_1.0.100.202210260954/tools/bin/../lib/gcc/arm-none-eabi/10.3.1/../../../../arm-none-eabi/lib/thumb/v6-m/nofp\libc_nano.a(lib_a-malloc.o)
 .ARM.attributes
                0x0000000000000568       0x2c c:/st/stm32cubeide_1.9.0/stm32cubeide/plugins/com.st.stm32cube.ide.mcu.externaltools.gnu-tools-for-stm32.10.3-2021.10.win32_1.0.100.202210260954/tools/bin/../lib/gcc/arm-none-eabi/10.3.1/../../../../arm-none-eabi/lib/thumb/v6-m/nofp\libc_nano.a(lib_a-memcpy-stub.o)
 .ARM.attributes
                0x0000000000000594       0x2c c:/st/stm32cubeide_1.9.0/stm32cubeide/plugins/com.st.stm32cube.ide.mcu.externaltools.gnu-tools-for-stm32.10.3-2021.10.win32_1.0.100.202210260954/tools/bin/../lib/gcc/arm-none-eabi/10.3.1/../../../../arm-none-eabi/lib/thumb/v6-m/nofp\libc_nano.a(lib_a-memmove.o)
 .ARM.attributes
                0x00000000000005c0       0x2c c:/st/stm32cubeide_1.9.0/stm32cubeide/plugins/com.st.stm32cube.ide.mcu.externaltools.gnu-tools-for-stm32.10.3-2021.10.win32_1.0.100.202210260954/tools/bin/../lib/gcc/arm-none-eabi/10.3.1/../../../../arm-none-eabi/lib/thumb/v6-m/nofp\libc_nano.a(lib_a-memset.o)
 .ARM.attributes
                0x00000000000005ec       0x2c c:/st/stm32cubeide_1.9.0/stm32cubeide/plugins/com.st.stm32cube.ide.mcu.externaltools.gnu-tools-for-stm32.10.3-2021.10.win32_1.0.100.202210260954/tools/bin/../lib/gcc/arm-none-eabi/10.3.1/../../../../arm-none-eabi/lib/thumb/v6-m/nofp\libc_nano.a(lib_a-nano-callocr.o)
 .ARM.attributes
                0x0000000000000618       0x2c c:/st/stm32cubeide_1.9.0/stm32cubeide/plugins/com.st.stm32cube.ide.mcu.externaltools.gnu-tools-for-stm32.10.3-2021.10.win32_1.0.100.202210260954/tools/bin/../lib/gcc/arm-none-eabi/10.3.1/../../../../arm-none-eabi/lib/thumb/v6-m/nofp\libc_nano.a(lib_a-nano-freer.o)
 .ARM.attributes
                0x0000000000000644       0x2c c:/st/stm32cubeide_1.9.0/stm32cubeide/plugins/com.st.stm32cube.ide.mcu.externaltools.gnu-tools-for-stm32.10.3-2021.10.win32_1.0.100.202210260954/tools/bin/../lib/gcc/arm-none-eabi/10.3.1/../../../../arm-none-eabi/lib/thumb/v6-m/nofp\libc_nano.a(lib_a-nano-mallocr.o)
 .ARM.attributes
                0x0000000000000670       0x2c c:/st/stm32cubeide_1.9.0/stm32cubeide/plugins/com.st.stm32cube.ide.mcu.externaltools.gnu-tools-for-stm32.10.3-2021.10.win32_1.0.100.202210260954/tools/bin/../lib/gcc/arm-none-eabi/10.3.1/../../../../arm-none-eabi/lib/thumb/v6-m/nofp\libc_nano.a(lib_a-sbrkr.o)
 .ARM.attributes
                0x000000000000069c       0x2c c:/st/stm32cubeide_1.9.0/stm32cubeide/plugins/com.st.stm32cube.ide.mcu.externaltools.gnu-tools-for-stm32.10.3-2021.10.win32_1.0.100.202210260954/tools/bin/../lib/gcc/arm-none-eabi/10.3.1/../../../../arm-none-eabi/lib/thumb/v6-m/nofp\libc_nano.a(lib_a-sprintf.o)
 .ARM.attributes
                0x00000000000006c8       0x1c c:/st/stm32cubeide_1.9.0/stm32cubeide/plugins/com.st.stm32cube.ide.mcu.externaltools.gnu-tools-for-stm32.10.3-2021.10.win32_1.0.100.202210260954/tools/bin/../lib/gcc/arm-none-eabi/10.3.1/../../../../arm-none-eabi/lib/thumb/v6-m/nofp\libc_nano.a(lib_a-strcmp.o)
 .ARM.attributes
                0x00000000000006e4       0x2c c:/st/stm32cubeide_1.9.0/stm32cubeide/plugins/com.st.stm32cube.ide.mcu.externaltools.gnu-tools-for-stm32.10.3-2021.10.win32_1.0.100.202210260954/tools/bin/../lib/gcc/arm-none-eabi/10.3.1/../../../../arm-none-eabi/lib/thumb/v6-m/nofp\libc_nano.a(lib_a-mlock.o)
 .ARM.attributes
                0x0000000000000710       0x2c c:/st/stm32cubeide_1.9.0/stm32cubeide/plugins/com.st.stm32cube.ide.mcu.externaltools.gnu-tools-for-stm32.10.3-2021.10.win32_1.0.100.202210260954/tools/bin/../lib/gcc/arm-none-eabi/10.3.1/../../../../arm-none-eabi/lib/thumb/v6-m/nofp\libc_nano.a(lib_a-nano-svfprintf.o)
 .ARM.attributes
                0x000000000000073c       0x2c c:/st/stm32cubeide_1.9.0/stm32cubeide/plugins/com.st.stm32cube.ide.mcu.externaltools.gnu-tools-for-stm32.10.3-2021.10.win32_1.0.100.202210260954/tools/bin/../lib/gcc/arm-none-eabi/10.3.1/../../../../arm-none-eabi/lib/thumb/v6-m/nofp\libc_nano.a(lib_a-nano-vfprintf_i.o)
 .ARM.attributes
                0x0000000000000768       0x2c c:/st/stm32cubeide_1.9.0/stm32cubeide/plugins/com.st.stm32cube.ide.mcu.externaltools.gnu-tools-for-stm32.10.3-2021.10.win32_1.0.100.202210260954/tools/bin/../lib/gcc/arm-none-eabi/10.3.1/../../../../arm-none-eabi/lib/thumb/v6-m/nofp\libc_nano.a(lib_a-reent.o)
 .ARM.attributes
                0x0000000000000794       0x2c c:/st/stm32cubeide_1.9.0/stm32cubeide/plugins/com.st.stm32cube.ide.mcu.externaltools.gnu-tools-for-stm32.10.3-2021.10.win32_1.0.100.202210260954/tools/bin/../lib/gcc/arm-none-eabi/10.3.1/../../../../arm-none-eabi/lib/thumb/v6-m/nofp\libc_nano.a(lib_a-lock.o)
 .ARM.attributes
                0x00000000000007c0       0x2c c:/st/stm32cubeide_1.9.0/stm32cubeide/plugins/com.st.stm32cube.ide.mcu.externaltools.gnu-tools-for-stm32.10.3-2021.10.win32_1.0.100.202210260954/tools/bin/../lib/gcc/arm-none-eabi/10.3.1/../../../../arm-none-eabi/lib/thumb/v6-m/nofp\libc_nano.a(lib_a-memchr-stub.o)
 .ARM.attributes
                0x00000000000007ec       0x2c c:/st/stm32cubeide_1.9.0/stm32cubeide/plugins/com.st.stm32cube.ide.mcu.externaltools.gnu-tools-for-stm32.10.3-2021.10.win32_1.0.100.202210260954/tools/bin/../lib/gcc/arm-none-eabi/10.3.1/../../../../arm-none-eabi/lib/thumb/v6-m/nofp\libc_nano.a(lib_a-nano-reallocr.o)
 .ARM.attributes
                0x0000000000000818       0x2c c:/st/stm32cubeide_1.9.0/stm32cubeide/plugins/com.st.stm32cube.ide.mcu.externaltools.gnu-tools-for-stm32.10.3-2021.10.win32_1.0.100.202210260954/tools/bin/../lib/gcc/arm-none-eabi/10.3.1/../../../../arm-none-eabi/lib/thumb/v6-m/nofp\libc_nano.a(lib_a-nano-msizer.o)
 .ARM.attributes
                0x0000000000000844       0x1e c:/st/stm32cubeide_1.9.0/stm32cubeide/plugins/com.st.stm32cube.ide.mcu.externaltools.gnu-tools-for-stm32.10.3-2021.10.win32_1.0.100.202210260954/tools/bin/../lib/gcc/arm-none-eabi/10.3.1/thumb/v6-m/nofp\libgcc.a(_thumb1_case_uqi.o)
 .ARM.attributes
                0x0000000000000862       0x1e c:/st/stm32cubeide_1.9.0/stm32cubeide/plugins/com.st.stm32cube.ide.mcu.externaltools.gnu-tools-for-stm32.10.3-2021.10.win32_1.0.100.202210260954/tools/bin/../lib/gcc/arm-none-eabi/10.3.1/thumb/v6-m/nofp\libgcc.a(_thumb1_case_shi.o)
 .ARM.attributes
                0x0000000000000880       0x1e c:/st/stm32cubeide_1.9.0/stm32cubeide/plugins/com.st.stm32cube.ide.mcu.externaltools.gnu-tools-for-stm32.10.3-2021.10.win32_1.0.100.202210260954/tools/bin/../lib/gcc/arm-none-eabi/10.3.1/thumb/v6-m/nofp\libgcc.a(_udivsi3.o)
 .ARM.attributes
                0x000000000000089e       0x1e c:/st/stm32cubeide_1.9.0/stm32cubeide/plugins/com.st.stm32cube.ide.mcu.externaltools.gnu-tools-for-stm32.10.3-2021.10.win32_1.0.100.202210260954/tools/bin/../lib/gcc/arm-none-eabi/10.3.1/thumb/v6-m/nofp\libgcc.a(_dvmd_tls.o)
 .ARM.attributes
                0x00000000000008bc       0x1e c:/st/stm32cubeide_1.9.0/stm32cubeide/plugins/com.st.stm32cube.ide.mcu.externaltools.gnu-tools-for-stm32.10.3-2021.10.win32_1.0.100.202210260954/tools/bin/../lib/gcc/arm-none-eabi/10.3.1/thumb/v6-m/nofp\libgcc.a(_aeabi_uldivmod.o)
 .ARM.attributes
                0x00000000000008da       0x2c c:/st/stm32cubeide_1.9.0/stm32cubeide/plugins/com.st.stm32cube.ide.mcu.externaltools.gnu-tools-for-stm32.10.3-2021.10.win32_1.0.100.202210260954/tools/bin/../lib/gcc/arm-none-eabi/10.3.1/thumb/v6-m/nofp\libgcc.a(_muldi3.o)
 .ARM.attributes
                0x0000000000000906       0x2c c:/st/stm32cubeide_1.9.0/stm32cubeide/plugins/com.st.stm32cube.ide.mcu.externaltools.gnu-tools-for-stm32.10.3-2021.10.win32_1.0.100.202210260954/tools/bin/../lib/gcc/arm-none-eabi/10.3.1/thumb/v6-m/nofp\libgcc.a(_udivmoddi4.o)
 .ARM.attributes
                0x0000000000000932       0x1e c:/st/stm32cubeide_1.9.0/stm32cubeide/plugins/com.st.stm32cube.ide.mcu.externaltools.gnu-tools-for-stm32.10.3-2021.10.win32_1.0.100.202210260954/tools/bin/../lib/gcc/arm-none-eabi/10.3.1/thumb/v6-m/nofp\libgcc.a(_clzdi2.o)
 .ARM.attributes
                0x0000000000000950       0x1e c:/st/stm32cubeide_1.9.0/stm32cubeide/plugins/com.st.stm32cube.ide.mcu.externaltools.gnu-tools-for-stm32.10.3-2021.10.win32_1.0.100.202210260954/tools/bin/../lib/gcc/arm-none-eabi/10.3.1/thumb/v6-m/nofp\libgcc.a(_clzsi2.o)
 .ARM.attributes
                0x000000000000096e       0x1e c:/st/stm32cubeide_1.9.0/stm32cubeide/plugins/com.st.stm32cube.ide.mcu.externaltools.gnu-tools-for-stm32.10.3-2021.10.win32_1.0.100.202210260954/tools/bin/../lib/gcc/arm-none-eabi/10.3.1/thumb/v6-m/nofp/crtn.o
OUTPUT(PARTS_DRAWER.elf elf32-littlearm)
LOAD linker stubs
LOAD c:/st/stm32cubeide_1.9.0/stm32cubeide/plugins/com.st.stm32cube.ide.mcu.externaltools.gnu-tools-for-stm32.10.3-2021.10.win32_1.0.100.202210260954/tools/bin/../lib/gcc/arm-none-eabi/10.3.1/../../../../arm-none-eabi/lib/thumb/v6-m/nofp\libc.a
LOAD c:/st/stm32cubeide_1.9.0/stm32cubeide/plugins/com.st.stm32cube.ide.mcu.externaltools.gnu-tools-for-stm32.10.3-2021.10.win32_1.0.100.202210260954/tools/bin/../lib/gcc/arm-none-eabi/10.3.1/../../../../arm-none-eabi/lib/thumb/v6-m/nofp\libm.a
LOAD c:/st/stm32cubeide_1.9.0/stm32cubeide/plugins/com.st.stm32cube.ide.mcu.externaltools.gnu-tools-for-stm32.10.3-2021.10.win32_1.0.100.202210260954/tools/bin/../lib/gcc/arm-none-eabi/10.3.1/thumb/v6-m/nofp\libgcc.a

.debug_info     0x0000000000000000    0x1b3d7
 .debug_info    0x0000000000000000      0xadd ./Core/Src/DS3231.o
 .debug_info    0x0000000000000add      0x7df ./Core/Src/SK6812.o
 .debug_info    0x00000000000012bc      0x2dd ./Core/Src/fonts.o
 .debug_info    0x0000000000001599     0x4974 ./Core/Src/main.o
 .debug_info    0x0000000000005f0d     0x2300 ./Core/Src/ssd1306.o
 .debug_info    0x000000000000820d      0x1cc ./Core/Src/stm32l0xx_EEPROM.o
 .debug_info    0x00000000000083d9     0x156e ./Core/Src/stm32l0xx_hal_msp.o
 .debug_info    0x0000000000009947      0x6e1 ./Core/Src/stm32l0xx_it.o
 .debug_info    0x000000000000a028      0x18e ./Core/Src/sysmem.o
 .debug_info    0x000000000000a1b6      0x334 ./Core/Src/system_stm32l0xx.o
 .debug_info    0x000000000000a4ea       0x22 ./Core/Startup/startup_stm32l052k6tx.o
 .debug_info    0x000000000000a50c      0x97f ./Drivers/STM32L0xx_HAL_Driver/Src/stm32l0xx_hal.o
 .debug_info    0x000000000000ae8b     0x106e ./Drivers/STM32L0xx_HAL_Driver/Src/stm32l0xx_hal_adc.o
 .debug_info    0x000000000000bef9      0xa7e ./Drivers/STM32L0xx_HAL_Driver/Src/stm32l0xx_hal_cortex.o
 .debug_info    0x000000000000c977      0x897 ./Drivers/STM32L0xx_HAL_Driver/Src/stm32l0xx_hal_dma.o
 .debug_info    0x000000000000d20e      0x6d0 ./Drivers/STM32L0xx_HAL_Driver/Src/stm32l0xx_hal_flash.o
 .debug_info    0x000000000000d8de      0xe33 ./Drivers/STM32L0xx_HAL_Driver/Src/stm32l0xx_hal_flash_ex.o
 .debug_info    0x000000000000e711      0x6e9 ./Drivers/STM32L0xx_HAL_Driver/Src/stm32l0xx_hal_gpio.o
 .debug_info    0x000000000000edfa     0x3ea1 ./Drivers/STM32L0xx_HAL_Driver/Src/stm32l0xx_hal_i2c.o
 .debug_info    0x0000000000012c9b      0x914 ./Drivers/STM32L0xx_HAL_Driver/Src/stm32l0xx_hal_i2c_ex.o
 .debug_info    0x00000000000135af      0xd1d ./Drivers/STM32L0xx_HAL_Driver/Src/stm32l0xx_hal_rcc.o
 .debug_info    0x00000000000142cc      0x935 ./Drivers/STM32L0xx_HAL_Driver/Src/stm32l0xx_hal_rcc_ex.o
 .debug_info    0x0000000000014c01     0x1f3e ./Drivers/STM32L0xx_HAL_Driver/Src/stm32l0xx_hal_spi.o
 .debug_info    0x0000000000016b3f     0x418e ./Drivers/STM32L0xx_HAL_Driver/Src/stm32l0xx_hal_tim.o
 .debug_info    0x000000000001accd      0x70a ./Drivers/STM32L0xx_HAL_Driver/Src/stm32l0xx_hal_tim_ex.o

.debug_abbrev   0x0000000000000000     0x3bf5
 .debug_abbrev  0x0000000000000000      0x1d9 ./Core/Src/DS3231.o
 .debug_abbrev  0x00000000000001d9      0x23e ./Core/Src/SK6812.o
 .debug_abbrev  0x0000000000000417      0x141 ./Core/Src/fonts.o
 .debug_abbrev  0x0000000000000558      0x549 ./Core/Src/main.o
 .debug_abbrev  0x0000000000000aa1      0x3a9 ./Core/Src/ssd1306.o
 .debug_abbrev  0x0000000000000e4a       0xfb ./Core/Src/stm32l0xx_EEPROM.o
 .debug_abbrev  0x0000000000000f45      0x297 ./Core/Src/stm32l0xx_hal_msp.o
 .debug_abbrev  0x00000000000011dc      0x1d6 ./Core/Src/stm32l0xx_it.o
 .debug_abbrev  0x00000000000013b2       0xdd ./Core/Src/sysmem.o
 .debug_abbrev  0x000000000000148f      0x134 ./Core/Src/system_stm32l0xx.o
 .debug_abbrev  0x00000000000015c3       0x12 ./Core/Startup/startup_stm32l052k6tx.o
 .debug_abbrev  0x00000000000015d5      0x301 ./Drivers/STM32L0xx_HAL_Driver/Src/stm32l0xx_hal.o
 .debug_abbrev  0x00000000000018d6      0x2f8 ./Drivers/STM32L0xx_HAL_Driver/Src/stm32l0xx_hal_adc.o
 .debug_abbrev  0x0000000000001bce      0x2a1 ./Drivers/STM32L0xx_HAL_Driver/Src/stm32l0xx_hal_cortex.o
 .debug_abbrev  0x0000000000001e6f      0x20f ./Drivers/STM32L0xx_HAL_Driver/Src/stm32l0xx_hal_dma.o
 .debug_abbrev  0x000000000000207e      0x326 ./Drivers/STM32L0xx_HAL_Driver/Src/stm32l0xx_hal_flash.o
 .debug_abbrev  0x00000000000023a4      0x342 ./Drivers/STM32L0xx_HAL_Driver/Src/stm32l0xx_hal_flash_ex.o
 .debug_abbrev  0x00000000000026e6      0x1ec ./Drivers/STM32L0xx_HAL_Driver/Src/stm32l0xx_hal_gpio.o
 .debug_abbrev  0x00000000000028d2      0x3a4 ./Drivers/STM32L0xx_HAL_Driver/Src/stm32l0xx_hal_i2c.o
 .debug_abbrev  0x0000000000002c76      0x1ad ./Drivers/STM32L0xx_HAL_Driver/Src/stm32l0xx_hal_i2c_ex.o
 .debug_abbrev  0x0000000000002e23      0x2f5 ./Drivers/STM32L0xx_HAL_Driver/Src/stm32l0xx_hal_rcc.o
 .debug_abbrev  0x0000000000003118      0x242 ./Drivers/STM32L0xx_HAL_Driver/Src/stm32l0xx_hal_rcc_ex.o
 .debug_abbrev  0x000000000000335a      0x366 ./Drivers/STM32L0xx_HAL_Driver/Src/stm32l0xx_hal_spi.o
 .debug_abbrev  0x00000000000036c0      0x386 ./Drivers/STM32L0xx_HAL_Driver/Src/stm32l0xx_hal_tim.o
 .debug_abbrev  0x0000000000003a46      0x1af ./Drivers/STM32L0xx_HAL_Driver/Src/stm32l0xx_hal_tim_ex.o

.debug_loc      0x0000000000000000    0x11369
 .debug_loc     0x0000000000000000      0x24d ./Core/Src/DS3231.o
 .debug_loc     0x000000000000024d       0xf6 ./Core/Src/SK6812.o
 .debug_loc     0x0000000000000343       0x93 ./Core/Src/fonts.o
 .debug_loc     0x00000000000003d6      0xc8b ./Core/Src/main.o
 .debug_loc     0x0000000000001061     0x15f8 ./Core/Src/ssd1306.o
 .debug_loc     0x0000000000002659       0x6f ./Core/Src/stm32l0xx_EEPROM.o
 .debug_loc     0x00000000000026c8      0x137 ./Core/Src/stm32l0xx_hal_msp.o
 .debug_loc     0x00000000000027ff       0x69 ./Core/Src/sysmem.o
 .debug_loc     0x0000000000002868      0x178 ./Core/Src/system_stm32l0xx.o
 .debug_loc     0x00000000000029e0      0x13e ./Drivers/STM32L0xx_HAL_Driver/Src/stm32l0xx_hal.o
 .debug_loc     0x0000000000002b1e      0xc19 ./Drivers/STM32L0xx_HAL_Driver/Src/stm32l0xx_hal_adc.o
 .debug_loc     0x0000000000003737      0x467 ./Drivers/STM32L0xx_HAL_Driver/Src/stm32l0xx_hal_cortex.o
 .debug_loc     0x0000000000003b9e      0x853 ./Drivers/STM32L0xx_HAL_Driver/Src/stm32l0xx_hal_dma.o
 .debug_loc     0x00000000000043f1      0x2f6 ./Drivers/STM32L0xx_HAL_Driver/Src/stm32l0xx_hal_flash.o
 .debug_loc     0x00000000000046e7      0xb91 ./Drivers/STM32L0xx_HAL_Driver/Src/stm32l0xx_hal_flash_ex.o
 .debug_loc     0x0000000000005278      0x3dc ./Drivers/STM32L0xx_HAL_Driver/Src/stm32l0xx_hal_gpio.o
 .debug_loc     0x0000000000005654     0x40ab ./Drivers/STM32L0xx_HAL_Driver/Src/stm32l0xx_hal_i2c.o
 .debug_loc     0x00000000000096ff      0x1b0 ./Drivers/STM32L0xx_HAL_Driver/Src/stm32l0xx_hal_i2c_ex.o
 .debug_loc     0x00000000000098af      0x740 ./Drivers/STM32L0xx_HAL_Driver/Src/stm32l0xx_hal_rcc.o
 .debug_loc     0x0000000000009fef      0x5df ./Drivers/STM32L0xx_HAL_Driver/Src/stm32l0xx_hal_rcc_ex.o
 .debug_loc     0x000000000000a5ce     0x1ab7 ./Drivers/STM32L0xx_HAL_Driver/Src/stm32l0xx_hal_spi.o
 .debug_loc     0x000000000000c085     0x5206 ./Drivers/STM32L0xx_HAL_Driver/Src/stm32l0xx_hal_tim.o
 .debug_loc     0x000000000001128b       0xde ./Drivers/STM32L0xx_HAL_Driver/Src/stm32l0xx_hal_tim_ex.o

.debug_aranges  0x0000000000000000      0xf90
 .debug_aranges
                0x0000000000000000       0x38 ./Core/Src/DS3231.o
 .debug_aranges
                0x0000000000000038       0x38 ./Core/Src/SK6812.o
 .debug_aranges
                0x0000000000000070       0x20 ./Core/Src/fonts.o
 .debug_aranges
                0x0000000000000090       0xb8 ./Core/Src/main.o
 .debug_aranges
                0x0000000000000148       0xf8 ./Core/Src/ssd1306.o
 .debug_aranges
                0x0000000000000240       0x28 ./Core/Src/stm32l0xx_EEPROM.o
 .debug_aranges
                0x0000000000000268       0x60 ./Core/Src/stm32l0xx_hal_msp.o
 .debug_aranges
                0x00000000000002c8       0x48 ./Core/Src/stm32l0xx_it.o
 .debug_aranges
                0x0000000000000310       0x20 ./Core/Src/sysmem.o
 .debug_aranges
                0x0000000000000330       0x28 ./Core/Src/system_stm32l0xx.o
 .debug_aranges
                0x0000000000000358       0x28 ./Core/Startup/startup_stm32l052k6tx.o
 .debug_aranges
                0x0000000000000380      0x108 ./Drivers/STM32L0xx_HAL_Driver/Src/stm32l0xx_hal.o
 .debug_aranges
                0x0000000000000488       0xd8 ./Drivers/STM32L0xx_HAL_Driver/Src/stm32l0xx_hal_adc.o
 .debug_aranges
                0x0000000000000560       0x90 ./Drivers/STM32L0xx_HAL_Driver/Src/stm32l0xx_hal_cortex.o
 .debug_aranges
                0x00000000000005f0       0x78 ./Drivers/STM32L0xx_HAL_Driver/Src/stm32l0xx_hal_dma.o
 .debug_aranges
                0x0000000000000668       0x78 ./Drivers/STM32L0xx_HAL_Driver/Src/stm32l0xx_hal_flash.o
 .debug_aranges
                0x00000000000006e0       0x98 ./Drivers/STM32L0xx_HAL_Driver/Src/stm32l0xx_hal_flash_ex.o
 .debug_aranges
                0x0000000000000778       0x58 ./Drivers/STM32L0xx_HAL_Driver/Src/stm32l0xx_hal_gpio.o
 .debug_aranges
                0x00000000000007d0      0x240 ./Drivers/STM32L0xx_HAL_Driver/Src/stm32l0xx_hal_i2c.o
 .debug_aranges
                0x0000000000000a10       0x48 ./Drivers/STM32L0xx_HAL_Driver/Src/stm32l0xx_hal_i2c_ex.o
 .debug_aranges
                0x0000000000000a58       0x80 ./Drivers/STM32L0xx_HAL_Driver/Src/stm32l0xx_hal_rcc.o
 .debug_aranges
                0x0000000000000ad8       0x98 ./Drivers/STM32L0xx_HAL_Driver/Src/stm32l0xx_hal_rcc_ex.o
 .debug_aranges
                0x0000000000000b70      0x188 ./Drivers/STM32L0xx_HAL_Driver/Src/stm32l0xx_hal_spi.o
 .debug_aranges
                0x0000000000000cf8      0x270 ./Drivers/STM32L0xx_HAL_Driver/Src/stm32l0xx_hal_tim.o
 .debug_aranges
                0x0000000000000f68       0x28 ./Drivers/STM32L0xx_HAL_Driver/Src/stm32l0xx_hal_tim_ex.o

.debug_ranges   0x0000000000000000     0x1a60
 .debug_ranges  0x0000000000000000       0x28 ./Core/Src/DS3231.o
 .debug_ranges  0x0000000000000028       0x40 ./Core/Src/SK6812.o
 .debug_ranges  0x0000000000000068       0x10 ./Core/Src/fonts.o
 .debug_ranges  0x0000000000000078      0x598 ./Core/Src/main.o
 .debug_ranges  0x0000000000000610      0x110 ./Core/Src/ssd1306.o
 .debug_ranges  0x0000000000000720       0x18 ./Core/Src/stm32l0xx_EEPROM.o
 .debug_ranges  0x0000000000000738       0xb0 ./Core/Src/stm32l0xx_hal_msp.o
 .debug_ranges  0x00000000000007e8       0x38 ./Core/Src/stm32l0xx_it.o
 .debug_ranges  0x0000000000000820       0x10 ./Core/Src/sysmem.o
 .debug_ranges  0x0000000000000830       0x18 ./Core/Src/system_stm32l0xx.o
 .debug_ranges  0x0000000000000848       0x20 ./Core/Startup/startup_stm32l052k6tx.o
 .debug_ranges  0x0000000000000868       0xf8 ./Drivers/STM32L0xx_HAL_Driver/Src/stm32l0xx_hal.o
 .debug_ranges  0x0000000000000960       0xc8 ./Drivers/STM32L0xx_HAL_Driver/Src/stm32l0xx_hal_adc.o
 .debug_ranges  0x0000000000000a28      0x120 ./Drivers/STM32L0xx_HAL_Driver/Src/stm32l0xx_hal_cortex.o
 .debug_ranges  0x0000000000000b48       0xc8 ./Drivers/STM32L0xx_HAL_Driver/Src/stm32l0xx_hal_dma.o
 .debug_ranges  0x0000000000000c10       0x68 ./Drivers/STM32L0xx_HAL_Driver/Src/stm32l0xx_hal_flash.o
 .debug_ranges  0x0000000000000c78      0x118 ./Drivers/STM32L0xx_HAL_Driver/Src/stm32l0xx_hal_flash_ex.o
 .debug_ranges  0x0000000000000d90       0x48 ./Drivers/STM32L0xx_HAL_Driver/Src/stm32l0xx_hal_gpio.o
 .debug_ranges  0x0000000000000dd8      0x2b0 ./Drivers/STM32L0xx_HAL_Driver/Src/stm32l0xx_hal_i2c.o
 .debug_ranges  0x0000000000001088       0x38 ./Drivers/STM32L0xx_HAL_Driver/Src/stm32l0xx_hal_i2c_ex.o
 .debug_ranges  0x00000000000010c0       0xb8 ./Drivers/STM32L0xx_HAL_Driver/Src/stm32l0xx_hal_rcc.o
 .debug_ranges  0x0000000000001178       0x88 ./Drivers/STM32L0xx_HAL_Driver/Src/stm32l0xx_hal_rcc_ex.o
 .debug_ranges  0x0000000000001200      0x238 ./Drivers/STM32L0xx_HAL_Driver/Src/stm32l0xx_hal_spi.o
 .debug_ranges  0x0000000000001438      0x610 ./Drivers/STM32L0xx_HAL_Driver/Src/stm32l0xx_hal_tim.o
 .debug_ranges  0x0000000000001a48       0x18 ./Drivers/STM32L0xx_HAL_Driver/Src/stm32l0xx_hal_tim_ex.o

.debug_macro    0x0000000000000000    0x15eda
 .debug_macro   0x0000000000000000      0x1f6 ./Core/Src/DS3231.o
 .debug_macro   0x00000000000001f6      0xa54 ./Core/Src/DS3231.o
 .debug_macro   0x0000000000000c4a      0x12b ./Core/Src/DS3231.o
 .debug_macro   0x0000000000000d75       0x2e ./Core/Src/DS3231.o
 .debug_macro   0x0000000000000da3       0x28 ./Core/Src/DS3231.o
 .debug_macro   0x0000000000000dcb       0x22 ./Core/Src/DS3231.o
 .debug_macro   0x0000000000000ded       0x8e ./Core/Src/DS3231.o
 .debug_macro   0x0000000000000e7b       0x51 ./Core/Src/DS3231.o
 .debug_macro   0x0000000000000ecc      0x103 ./Core/Src/DS3231.o
 .debug_macro   0x0000000000000fcf       0x6a ./Core/Src/DS3231.o
 .debug_macro   0x0000000000001039      0x1df ./Core/Src/DS3231.o
 .debug_macro   0x0000000000001218       0x1c ./Core/Src/DS3231.o
 .debug_macro   0x0000000000001234       0x22 ./Core/Src/DS3231.o
 .debug_macro   0x0000000000001256       0xaf ./Core/Src/DS3231.o
 .debug_macro   0x0000000000001305      0x4da ./Core/Src/DS3231.o
 .debug_macro   0x00000000000017df      0x11f ./Core/Src/DS3231.o
 .debug_macro   0x00000000000018fe     0x99d3 ./Core/Src/DS3231.o
 .debug_macro   0x000000000000b2d1       0x66 ./Core/Src/DS3231.o
 .debug_macro   0x000000000000b337     0x355c ./Core/Src/DS3231.o
 .debug_macro   0x000000000000e893      0x174 ./Core/Src/DS3231.o
 .debug_macro   0x000000000000ea07       0x5b ./Core/Src/DS3231.o
 .debug_macro   0x000000000000ea62      0x8d6 ./Core/Src/DS3231.o
 .debug_macro   0x000000000000f338      0x970 ./Core/Src/DS3231.o
 .debug_macro   0x000000000000fca8      0x190 ./Core/Src/DS3231.o
 .debug_macro   0x000000000000fe38      0x13f ./Core/Src/DS3231.o
 .debug_macro   0x000000000000ff77      0x176 ./Core/Src/DS3231.o
 .debug_macro   0x00000000000100ed       0x82 ./Core/Src/DS3231.o
 .debug_macro   0x000000000001016f      0x28e ./Core/Src/DS3231.o
 .debug_macro   0x00000000000103fd      0x1e9 ./Core/Src/DS3231.o
 .debug_macro   0x00000000000105e6      0x4e1 ./Core/Src/DS3231.o
 .debug_macro   0x0000000000010ac7       0x65 ./Core/Src/DS3231.o
 .debug_macro   0x0000000000010b2c      0x129 ./Core/Src/DS3231.o
 .debug_macro   0x0000000000010c55      0x2b4 ./Core/Src/DS3231.o
 .debug_macro   0x0000000000010f09      0x22c ./Core/Src/DS3231.o
 .debug_macro   0x0000000000011135       0x5b ./Core/Src/DS3231.o
 .debug_macro   0x0000000000011190       0xa5 ./Core/Src/DS3231.o
 .debug_macro   0x0000000000011235      0x187 ./Core/Src/DS3231.o
 .debug_macro   0x00000000000113bc       0x16 ./Core/Src/DS3231.o
 .debug_macro   0x00000000000113d2      0x22c ./Core/Src/DS3231.o
 .debug_macro   0x00000000000115fe      0x773 ./Core/Src/DS3231.o
 .debug_macro   0x0000000000011d71       0xcc ./Core/Src/DS3231.o
 .debug_macro   0x0000000000011e3d      0x146 ./Core/Src/DS3231.o
 .debug_macro   0x0000000000011f83       0x40 ./Core/Src/DS3231.o
 .debug_macro   0x0000000000011fc3       0x34 ./Core/Src/DS3231.o
 .debug_macro   0x0000000000011ff7      0x1f1 ./Core/Src/SK6812.o
 .debug_macro   0x00000000000121e8      0x2b0 ./Core/Src/fonts.o
 .debug_macro   0x0000000000012498      0x146 ./Core/Src/fonts.o
 .debug_macro   0x00000000000125de       0x52 ./Core/Src/fonts.o
 .debug_macro   0x0000000000012630       0x18 ./Core/Src/fonts.o
 .debug_macro   0x0000000000012648       0x3c ./Core/Src/fonts.o
 .debug_macro   0x0000000000012684       0x34 ./Core/Src/fonts.o
 .debug_macro   0x00000000000126b8       0x16 ./Core/Src/fonts.o
 .debug_macro   0x00000000000126ce       0x43 ./Core/Src/fonts.o
 .debug_macro   0x0000000000012711       0x34 ./Core/Src/fonts.o
 .debug_macro   0x0000000000012745       0x10 ./Core/Src/fonts.o
 .debug_macro   0x0000000000012755       0x58 ./Core/Src/fonts.o
 .debug_macro   0x00000000000127ad       0x71 ./Core/Src/fonts.o
 .debug_macro   0x000000000001281e       0x1c ./Core/Src/fonts.o
 .debug_macro   0x000000000001283a      0x12a ./Core/Src/fonts.o
 .debug_macro   0x0000000000012964      0x341 ./Core/Src/fonts.o
 .debug_macro   0x0000000000012ca5       0x10 ./Core/Src/fonts.o
 .debug_macro   0x0000000000012cb5       0x35 ./Core/Src/fonts.o
 .debug_macro   0x0000000000012cea       0x20 ./Core/Src/fonts.o
 .debug_macro   0x0000000000012d0a      0x44e ./Core/Src/main.o
 .debug_macro   0x0000000000013158       0x16 ./Core/Src/main.o
 .debug_macro   0x000000000001316e       0x10 ./Core/Src/main.o
 .debug_macro   0x000000000001317e       0x10 ./Core/Src/main.o
 .debug_macro   0x000000000001318e       0x1c ./Core/Src/main.o
 .debug_macro   0x00000000000131aa       0x52 ./Core/Src/main.o
 .debug_macro   0x00000000000131fc       0x22 ./Core/Src/main.o
 .debug_macro   0x000000000001321e       0x10 ./Core/Src/main.o
 .debug_macro   0x000000000001322e       0x52 ./Core/Src/main.o
 .debug_macro   0x0000000000013280       0xd5 ./Core/Src/main.o
 .debug_macro   0x0000000000013355       0x1c ./Core/Src/main.o
 .debug_macro   0x0000000000013371       0x3d ./Core/Src/main.o
 .debug_macro   0x00000000000133ae       0x16 ./Core/Src/main.o
 .debug_macro   0x00000000000133c4      0x145 ./Core/Src/main.o
 .debug_macro   0x0000000000013509       0x3a ./Core/Src/main.o
 .debug_macro   0x0000000000013543       0x16 ./Core/Src/main.o
 .debug_macro   0x0000000000013559       0x16 ./Core/Src/main.o
 .debug_macro   0x000000000001356f       0x16 ./Core/Src/main.o
 .debug_macro   0x0000000000013585       0x29 ./Core/Src/main.o
 .debug_macro   0x00000000000135ae       0x1d ./Core/Src/main.o
 .debug_macro   0x00000000000135cb      0x33b ./Core/Src/ssd1306.o
 .debug_macro   0x0000000000013906      0x1e6 ./Core/Src/stm32l0xx_EEPROM.o
 .debug_macro   0x0000000000013aec      0x1e7 ./Core/Src/stm32l0xx_hal_msp.o
 .debug_macro   0x0000000000013cd3      0x1f1 ./Core/Src/stm32l0xx_it.o
 .debug_macro   0x0000000000013ec4       0xff ./Core/Src/sysmem.o
 .debug_macro   0x0000000000013fc3      0x23b ./Core/Src/sysmem.o
 .debug_macro   0x00000000000141fe      0x1d8 ./Core/Src/system_stm32l0xx.o
 .debug_macro   0x00000000000143d6      0x1fc ./Drivers/STM32L0xx_HAL_Driver/Src/stm32l0xx_hal.o
 .debug_macro   0x00000000000145d2      0x1e7 ./Drivers/STM32L0xx_HAL_Driver/Src/stm32l0xx_hal_adc.o
 .debug_macro   0x00000000000147b9      0x1d8 ./Drivers/STM32L0xx_HAL_Driver/Src/stm32l0xx_hal_cortex.o
 .debug_macro   0x0000000000014991      0x1d8 ./Drivers/STM32L0xx_HAL_Driver/Src/stm32l0xx_hal_dma.o
 .debug_macro   0x0000000000014b69      0x1d9 ./Drivers/STM32L0xx_HAL_Driver/Src/stm32l0xx_hal_flash.o
 .debug_macro   0x0000000000014d42      0x1d8 ./Drivers/STM32L0xx_HAL_Driver/Src/stm32l0xx_hal_flash_ex.o
 .debug_macro   0x0000000000014f1a      0x1df ./Drivers/STM32L0xx_HAL_Driver/Src/stm32l0xx_hal_gpio.o
 .debug_macro   0x00000000000150f9      0x29d ./Drivers/STM32L0xx_HAL_Driver/Src/stm32l0xx_hal_i2c.o
 .debug_macro   0x0000000000015396      0x1d8 ./Drivers/STM32L0xx_HAL_Driver/Src/stm32l0xx_hal_i2c_ex.o
 .debug_macro   0x000000000001556e      0x1fc ./Drivers/STM32L0xx_HAL_Driver/Src/stm32l0xx_hal_rcc.o
 .debug_macro   0x000000000001576a      0x1d8 ./Drivers/STM32L0xx_HAL_Driver/Src/stm32l0xx_hal_rcc_ex.o
 .debug_macro   0x0000000000015942      0x1e7 ./Drivers/STM32L0xx_HAL_Driver/Src/stm32l0xx_hal_spi.o
 .debug_macro   0x0000000000015b29      0x1d9 ./Drivers/STM32L0xx_HAL_Driver/Src/stm32l0xx_hal_tim.o
 .debug_macro   0x0000000000015d02      0x1d8 ./Drivers/STM32L0xx_HAL_Driver/Src/stm32l0xx_hal_tim_ex.o

.debug_line     0x0000000000000000    0x1e7a6
 .debug_line    0x0000000000000000      0x93b ./Core/Src/DS3231.o
 .debug_line    0x000000000000093b      0x84e ./Core/Src/SK6812.o
 .debug_line    0x0000000000001189      0x897 ./Core/Src/fonts.o
 .debug_line    0x0000000000001a20     0x3578 ./Core/Src/main.o
 .debug_line    0x0000000000004f98     0x1464 ./Core/Src/ssd1306.o
 .debug_line    0x00000000000063fc      0x746 ./Core/Src/stm32l0xx_EEPROM.o
 .debug_line    0x0000000000006b42      0x97d ./Core/Src/stm32l0xx_hal_msp.o
 .debug_line    0x00000000000074bf      0x7b9 ./Core/Src/stm32l0xx_it.o
 .debug_line    0x0000000000007c78      0x51d ./Core/Src/sysmem.o
 .debug_line    0x0000000000008195      0x7fd ./Core/Src/system_stm32l0xx.o
 .debug_line    0x0000000000008992       0x89 ./Core/Startup/startup_stm32l052k6tx.o
 .debug_line    0x0000000000008a1b      0xbad ./Drivers/STM32L0xx_HAL_Driver/Src/stm32l0xx_hal.o
 .debug_line    0x00000000000095c8     0x15b0 ./Drivers/STM32L0xx_HAL_Driver/Src/stm32l0xx_hal_adc.o
 .debug_line    0x000000000000ab78      0xbbc ./Drivers/STM32L0xx_HAL_Driver/Src/stm32l0xx_hal_cortex.o