../Core/Src/main.c:163:6:SSD1306_PutsXY	16	static
../Core/Src/main.c:168:6:basicScreen	16	static
../Core/Src/main.c:173:6:swS	8	static
../Core/Src/main.c:177:6:HAL_TIM_PeriodElapsedCallback	16	static
../Core/Src/main.c:206:6:logShift	8	static
../Core/Src/main.c:212:6:textIn	64	static
../Core/Src/main.c:298:6:timeSet	40	static
../Core/Src/main.c:363:6:mainM	40	static
../Core/Src/main.c:415:6:partS	32	static
../Core/Src/main.c:580:6:pUseM	24	static
../Core/Src/main.c:644:6:use	32	static
../Core/Src/main.c:690:6:refill	32	static
../Core/Src/main.c:745:6:pFind	40	static
../Core/Src/main.c:781:6:findR	40	static
../Core/Src/main.c:843:6:partition	56	static
../Core/Src/main.c:996:6:logM	40	static
../Core/Src/main.c:1039:6:logD	48	static
../Core/Src/main.c:1154:6:SystemClock_Config	120	static,ignoring_inline_asm
../Core/Src/main.c:1069:5:main	64	static,ignoring_inline_asm
../Core/Src/main.c:1471:6:Error_Handler	0	static,ignoring_inline_asm
