../Core/Src/main.c:154:6:SSD1306_PutsXY	16	static
../Core/Src/main.c:159:6:basicScreen	16	static
../Core/Src/main.c:164:6:swS	8	static
../Core/Src/main.c:168:6:HAL_TIM_PeriodElapsedCallback	16	static
../Core/Src/main.c:198:6:logShift	8	static
../Core/Src/main.c:204:8:textIn	64	static
../Core/Src/main.c:298:6:timeSet	40	static
../Core/Src/main.c:361:6:mainM	40	static
../Core/Src/main.c:413:6:partS	40	static
../Core/Src/main.c:579:6:pUseM	32	static
../Core/Src/main.c:643:6:use	0	static
../Core/Src/main.c:735:6:SystemClock_Config	120	static,ignoring_inline_asm
../Core/Src/main.c:653:5:main	64	static,ignoring_inline_asm
../Core/Src/main.c:1033:6:Error_Handler	0	static,ignoring_inline_asm
