../Core/Src/ssd1306.c:232:6:SSD1306_ToggleInvert	0	static
../Core/Src/ssd1306.c:244:6:SSD1306_Fill	8	static
../Core/Src/ssd1306.c:249:6:SSD1306_DrawPixel	12	static
../Core/Src/ssd1306.c:129:6:SSD1306_DrawBitmap	56	static
../Core/Src/ssd1306.c:271:6:SSD1306_GotoXY	0	static
../Core/Src/ssd1306.c:277:6:SSD1306_Putc	32	static
../Core/Src/ssd1306.c:308:6:SSD1306_Puts	16	static
../Core/Src/ssd1306.c:326:6:SSD1306_DrawLine	48	static
../Core/Src/ssd1306.c:410:6:SSD1306_DrawRectangle	40	static
../Core/Src/ssd1306.c:435:6:SSD1306_DrawFilledRectangle	40	static
../Core/Src/ssd1306.c:462:6:SSD1306_DrawTriangle	48	static
../Core/Src/ssd1306.c:470:6:SSD1306_DrawFilledTriangle	80	static
../Core/Src/ssd1306.c:526:6:SSD1306_DrawCircle	56	static
../Core/Src/ssd1306.c:560:6:SSD1306_DrawFilledCircle	64	static
../Core/Src/ssd1306.c:619:6:ssd1306_I2C_Init	0	static
../Core/Src/ssd1306.c:631:6:ssd1306_I2C_WriteMulti	280	static
../Core/Src/ssd1306.c:641:6:ssd1306_I2C_Write	24	static
../Core/Src/ssd1306.c:58:6:SSD1306_ScrollRight	16	static
../Core/Src/ssd1306.c:71:6:SSD1306_ScrollLeft	16	static
../Core/Src/ssd1306.c:84:6:SSD1306_Scrolldiagright	16	static
../Core/Src/ssd1306.c:100:6:SSD1306_Scrolldiagleft	16	static
../Core/Src/ssd1306.c:116:6:SSD1306_Stopscroll	8	static
../Core/Src/ssd1306.c:121:6:SSD1306_InvertDisplay	8	static
../Core/Src/ssd1306.c:219:6:SSD1306_UpdateScreen	16	static
../Core/Src/ssd1306.c:593:6:SSD1306_Clear	8	static
../Core/Src/ssd1306.c:152:9:SSD1306_Init	8	static
../Core/Src/ssd1306.c:598:6:SSD1306_ON	8	static
../Core/Src/ssd1306.c:603:6:SSD1306_OFF	8	static
