../Core/Src/stm32l0xx_hal_msp.c:64:6:HAL_MspInit	0	static
../Core/Src/stm32l0xx_hal_msp.c:86:6:HAL_ADC_MspInit	32	static
../Core/Src/stm32l0xx_hal_msp.c:120:6:HAL_ADC_MspDeInit	8	static
../Core/Src/stm32l0xx_hal_msp.c:149:6:HAL_I2C_MspInit	32	static
../Core/Src/stm32l0xx_hal_msp.c:185:6:HAL_I2C_MspDeInit	8	static
../Core/Src/stm32l0xx_hal_msp.c:216:6:HAL_SPI_MspInit	40	static
../Core/Src/stm32l0xx_hal_msp.c:270:6:HAL_SPI_MspDeInit	8	static
../Core/Src/stm32l0xx_hal_msp.c:301:6:HAL_TIM_Base_MspInit	0	static
../Core/Src/stm32l0xx_hal_msp.c:323:6:HAL_TIM_Base_MspDeInit	8	static
